******************************************************************************
               TMS320C6x Linker PC v6.1.15                     
******************************************************************************
>> Linked Sat Mar 16 23:05:16 2013

OUTPUT FILE NAME:   <RTDSP.out>
ENTRY POINT SYMBOL: "_c_int00"  address: 00015140


MEMORY CONFIGURATION

         name            origin    length      used     unused   attr    fill
----------------------  --------  ---------  --------  --------  ----  --------
  IRAM                  00000000   00040000  00016a1f  000295e1  RWIX
  SDRAM                 80000000   00800000  00000000  00800000  RWIX


SECTION ALLOCATION MAP

 output                                  attributes/
section   page    origin      length       input sections
--------  ----  ----------  ----------   ----------------
.vers      0    00000000    00000040     COPY SECTION
                  00000000    00000040     dsp_bios_cfg.obj (.vers)

.prd       0    00000000    00000000     UNINITIALIZED

.hwi_vec   0    00000000    00000200     
                  00000000    00000200     dsp_bios_cfg.obj (.hwi_vec)

.data      0    00000000    00000000     UNINITIALIZED

.IRAM$heap 
*          0    00000200    00008000     UNINITIALIZED
                  00000200    00008000     --HOLE--

.text      0    00008200    00005ac0     
                  00008200    00000ce0     enhance.obj (.text)
                  00008ee0    00000900     rts6700.lib : divd.obj (.text:__divd)
                  000097e0    000008e0     fft_functions.obj (.text)
                  0000a0c0    00000680     complex.obj (.text)
                  0000a740    00000620     rts6700.lib : divf.obj (.text:__divf)
                  0000ad60    00000480     dsk6713bslccsv4.lib : dsk6713.obj (.text)
                  0000b1e0    00000380     rts6700.lib : frcmpyd_div.obj (.text:__frcmpyd_div)
                  0000b560    00000340                 : cos.obj (.text:_cos)
                  0000b8a0    00000320                 : sin.obj (.text:_sin)
                  0000bbc0    000002e0     dsk6713bslccsv4.lib : dsk6713_aic23_opencodec.obj (.text)
                  0000bea0    00000280     rts6700.lib : exp.obj (.text:_exp)
                  0000c120    00000240                 : memcpy62.obj (.text:_memcpy)
                  0000c360    00000240                 : sqrt.obj (.text:_sqrt)
                  0000c5a0    000001c0     csl6713.lib : csl_irq.obj (.text:_IRQ_map)
                  0000c760    000001a0                 : csl_mcbsp.obj (.text:_MCBSP_reset)
                  0000c900    000001a0     rts6700.lib : ldexp.obj (.text:_ldexp)
                  0000caa0    00000180     bios.a67 : gbl_cslpllinit62.o67 (.text)
                  0000cc20    00000180     dsk6713bslccsv4.lib : dsk6713_aic23_registers.obj (.text)
                  0000cda0    00000140     rts6700.lib : strasg.obj (.text:__strasgi)
                  0000cee0    00000120                 : sinit.obj (.text:_call_dtors)
                  0000d000    00000120                 : frexp.obj (.text:_frexp)
                  0000d120    00000120                 : memset.obj (.text:_memset)
                  0000d240    00000100     csl6713.lib : csl_mcbsp.obj (.text:_MCBSP_open)
                  0000d340    00000100                 : csl_mcbsp.obj (.text:_MCBSP_start)
                  0000d440    00000100     rts6700.lib : atexit.obj (.text:_atexit)
                  0000d540    000000e0                 : frcmpyf_div.obj (.text:__frcmpyf_div)
                  0000d620    000000e0                 : round.obj (.text:__nround)
                  0000d700    000000e0     dsk6713bslccsv4.lib : helper_functions_ISR.obj (.text)
                  0000d7e0    000000c0     rts6700.lib : modf.obj (.text:_modf)
                  0000d8a0    000000c0     bios.a67 : tsk_stup.o67 (.text)
                  0000d960    000000a0     rts6700.lib : mpyll.obj (.text:__mpyll)
                  0000da00    000000a0     csl6713.lib : csl_irq.obj (.text:_setMux)
                  0000daa0    00000040                 : csl_irq.obj (.text:_IRQ_enable)
                  0000dae0    00000040     rts6700.lib : sinit.obj (.text:___add_dtor)
                  0000db20    00000040                 : divd.obj (.text:___isnan)
                  0000db60    00000040                 : divf.obj (.text:___isnanf)
                  0000dba0    00000040                 : trunc.obj (.text:__trunc)
                  0000dbe0    00000020     csl6713.lib : csl_irq.obj (.text:_IRQ_globalDisable)
                  0000dc00    00000020                 : csl_irq.obj (.text:_IRQ_globalEnable)
                  0000dc20    00000020                 : csl_irq.obj (.text:_IRQ_nmiEnable)
                  0000dc40    00000020     rts6700.lib : _lock.obj (.text:__nop)
                  0000dc60    00000020                 : _lock.obj (.text:__register_lock)
                  0000dc80    00000020                 : _lock.obj (.text:__register_unlock)
                  0000dca0    00000020     csl6713.lib : csl_irq.obj (.text)

.bios      0    0000dcc0    00004ac0     
                  0000dcc0    00000600     lnkrtdx.a67 : rtdx.o67 (.bios)
                  0000e2c0    000005e0     bios.a67 : gbl_setL2CacheMode.o67 (.bios)
                  0000e8a0    00000540              : swi.o67 (.bios)
                  0000ede0    00000460              : hwi_disp_asm.o67 (.bios)
                  0000f240    000003e0              : malloc.o67 (.bios)
                  0000f620    000003a0              : prd.o67 (.bios)
                  0000f9c0    000002c0              : knl_run.o67 (.bios)
                  0000fc80    000002c0              : rta.o67 (.bios)
                  0000ff40    000002c0              : sem_pend.o67 (.bios)
                  00010200    00000280              : mem_allo.o67 (.bios:.near)
                  00010480    00000260              : knl_tick.o67 (.bios)
                  000106e0    00000240              : mem_free.o67 (.bios:.near)
                  00010920    00000240              : pip.o67 (.bios)
                  00010b60    00000220              : sem_dopo.o67 (.bios)
                  00010d80    00000200              : tsk_setu.o67 (.bios)
                  00010f80    000001c0              : knl_swit.o67 (.bios)
                  00011140    000001c0     biosC6000.a67 : clk.o67 (.bios)
                  00011300    000001a0     bios.a67 : tsk_exit.o67 (.bios)
                  000114a0    00000180              : autoinit.o67 (.bios)
                  00011620    00000180              : tsk_stup.o67 (.bios)
                  000117a0    00000140              : knl_chec.o67 (.bios)
                  000118e0    000000e0              : gbl_cslcacheinit.o67 (.bios)
                  000119c0    000000e0              : knl_exit.o67 (.bios)
                  00011aa0    000000e0              : sem_post.o67 (.bios)
                  00011b80    000000e0              : sem_post_asm.o67 (.bios)
                  00011c60    000000e0     biosC6000.a67 : clk_meas.o67 (.bios)
                  00011d40    000000c0     bios.a67 : knl_ipos.o67 (.bios)
                  00011e00    000000c0              : knl_post.o67 (.bios)
                  00011ec0    000000c0              : lck.o67 (.bios)
                  00011f80    000000c0              : sys_exit.o67 (.bios)
                  00012040    000000c0     biosC6000.a67 : clk_htime.o67 (.bios)
                  00012100    00000080     bios.a67 : fxn.o67 (.bios)
                  00012180    00000080              : idl_busy.o67 (.bios)
                  00012200    00000080              : log.o67 (.bios)
                  00012280    00000080              : sts.o67 (.bios)
                  00012300    00000080     biosC6000.a67 : idl_cal.o67 (.bios)
                  00012380    00000060     bios.a67 : sys_erro.o67 (.bios:.near)
                  000123e0    00000060              : hwi_c.o67 (.bios)
                  00012440    00000060              : sem_pend_counting.o67 (.bios)
                  000124a0    00000060              : sys_abor.o67 (.bios)
                  00012500    00000060              : utl_putc.o67 (.bios)
                  00012560    00000060     biosC6000.a67 : clk_start.o67 (.bios)
                  000125c0    00000040     bios.a67 : idl_stub.o67 (.bios)
                  00012600    00000040              : rta_andn.o67 (.bios)
                  00012640    00000040              : utl_doab.o67 (.bios)
                  00012680    00000040     biosC6000.a67 : clk_stop.o67 (.bios)
                  000126c0    00000020     bios.a67 : fxn_c.o67 (.bios)
                  000126e0    00000020              : gbl_vers.o67 (.bios)
                  00012700    00000020              : idl.o67 (.bios)
                  00012720    00000020              : sts_set.o67 (.bios)
                  00012740    00000020              : utl_doer.o67 (.bios)
                  00012760    00000020              : utl_halt.o67 (.bios)

.cinit     0    00012780    0000113c     
                  00012780    000005ac     dsp_bios_cfg.obj (.cinit)
                  00012d2c    00000004     --HOLE-- [fill = 0]
                  00012d30    0000026c     bios.a67 : biosdata.o67 (.cinit)
                  00012f9c    00000004     --HOLE-- [fill = 0]
                  00012fa0    000001a4              : knl.o67 (.cinit)
                  00013144    00000004     --HOLE-- [fill = 0]
                  00013148    0000012c     csl6713.lib : csl_irq.obj (.cinit)
                  00013274    00000004     --HOLE-- [fill = 0]
                  00013278    000000bc     enhance.obj (.cinit)
                  00013334    00000004     --HOLE-- [fill = 0]
                  00013338    000000b0     bios.a67 : swi.o67 (.cinit)
                  000133e8    00000070              : tsk.o67 (.cinit)
                  00013458    00000060              : tsk_stup.o67 (.cinit)
                  000134b8    0000005c     lnkrtdx.a67 : rtdx.o67 (.cinit)
                  00013514    00000004     --HOLE-- [fill = 0]
                  00013518    00000054     csl6713.lib : csl_mcbsp.obj (.cinit)
                  0001356c    00000004     --HOLE-- [fill = 0]
                  00013570    0000004c     bios.a67 : rta.o67 (.cinit)
                  000135bc    00000004     --HOLE-- [fill = 0]
                  000135c0    0000004c     rtdx.lib : buffer1.o62 (.cinit)
                  0001360c    00000004     --HOLE-- [fill = 0]
                  00013610    00000048     rts6700.lib : cos.obj (.cinit)
                  00013658    00000048                 : sin.obj (.cinit)
                  000136a0    00000040                 : exp.obj (.cinit)
                  000136e0    00000034     bios.a67 : hwi.o67 (.cinit)
                  00013714    00000004     --HOLE-- [fill = 0]
                  00013718    00000030     dsk6713bslccsv4.lib : dsk6713_aic23_registers.obj (.cinit)
                  00013748    0000002c     bios.a67 : utl_putc.o67 (.cinit)
                  00013774    00000004     --HOLE-- [fill = 0]
                  00013778    0000002c     rts6700.lib : exit.obj (.cinit)
                  000137a4    00000004     --HOLE-- [fill = 0]
                  000137a8    00000024     bios.a67 : obj_init.o67 (.cinit)
                  000137cc    00000004     --HOLE-- [fill = 0]
                  000137d0    0000001c              : sys.o67 (.cinit)
                  000137ec    00000004     --HOLE-- [fill = 0]
                  000137f0    0000001c     rts6700.lib : _lock.obj (.cinit)
                  0001380c    00000004     --HOLE-- [fill = 0]
                  00013810    0000001c                 : atexit.obj (.cinit)
                  0001382c    00000004     --HOLE-- [fill = 0]
                  00013830    00000018     bios.a67 : knl_tick.o67 (.cinit)
                  00013848    00000010     rts6700.lib : divd.obj (.cinit)
                  00013858    00000010                 : divf.obj (.cinit)
                  00013868    0000000c     bios.a67 : gbl_setL2CacheMode.o67 (.cinit)
                  00013874    00000004     --HOLE-- [fill = 0]
                  00013878    0000000c              : idl_busy.o67 (.cinit)
                  00013884    00000004     --HOLE-- [fill = 0]
                  00013888    0000000c              : knl_swit.o67 (.cinit)
                  00013894    00000004     --HOLE-- [fill = 0]
                  00013898    0000000c     rts6700.lib : errno.obj (.cinit)
                  000138a4    00000004     --HOLE-- [fill = 0]
                  000138a8    0000000c                 : sinit.obj (.cinit)
                  000138b4    00000004     --HOLE-- [fill = 0]
                  000138b8    00000004     (.pad.cinit) [fill = 0]

.args      0    000138bc    00000004     
                  000138bc    00000004     --HOLE-- [fill = 0]

.rtdx_text 
*          0    000138c0    00000ea0     
                  000138c0    00000400     rtdx.lib : rtdx_mon.o62 (.rtdx_text:_RTDX_Poll)
                  00013cc0    00000340              : buffer1.o62 (.rtdx_text:_RTDX_Buffer_WriteCB)
                  00014000    00000300              : buffer1.o62 (.rtdx_text:_RTDX_write_next)
                  00014300    00000140              : rtdx_mon.o62 (.rtdx_text:_RTDX_Mon_Queue)
                  00014440    000000e0              : buffer1.o62 (.rtdx_text:_claim)
                  00014520    00000080              : rtdx_mon.o62 (.rtdx_text:_RTDX_Init_RT_Monitor)
                  000145a0    00000060              : buffer1.o62 (.rtdx_text:_RTDX_Buffer_Initialize)
                  00014600    00000060              : buffer2.o62 (.rtdx_text:_RTDX_Buffer_ReadCB)
                  00014660    00000040              : buffer1.o62 (.rtdx_text:_RTDX_Buffer_Size)
                  000146a0    00000040              : rtdx_mon.o62 (.rtdx_text:_RTDX_Final_RT_Monitor)
                  000146e0    00000020              : buffer2.o62 (.rtdx_text:_RTDX_Buffer_Read)
                  00014700    00000020              : buffer1.o62 (.rtdx_text:_RTDX_Buffer_Write)
                  00014720    00000020              : rtdx_mon.o62 (.rtdx_text:_RTDX_checksum)
                  00014740    00000020              : intr_tgt.o62 (.rtdx_text)

.far       0    00014760    00000610     UNINITIALIZED
                  00014760    00000188     rts6700.lib : atexit.obj (.far)
                  000148e8    000000f4     csl6713.lib : csl_irq.obj (.far)
                  000149dc    000000d8     bios.a67 : knl.o67 (.far)
                  00014ab4    0000005c              : tsk.o67 (.far)
                  00014b10    00000054              : obj_init.o67 (.far)
                  00014b64    00000050              : tsk_stup.o67 (.far)
                  00014bb4    00000044     enhance.obj (.far)
                  00014bf8    00000040     rts6700.lib : cos.obj (.far)
                  00014c38    00000040                 : sin.obj (.far)
                  00014c78    00000038     csl6713.lib : csl_mcbsp.obj (.far)
                  00014cb0    00000030     rts6700.lib : exp.obj (.far)
                  00014ce0    00000028     dsk6713bslccsv4.lib : dsk6713_aic23_registers.obj (.far)
                  00014d08    00000020     bios.a67 : sys.o67 (.far)
                  00014d28    00000010              : knl_tick.o67 (.far)
                  00014d38    0000000c              : utl_putc.o67 (.far)
                  00014d44    0000000c     rts6700.lib : exit.obj (.far)
                  00014d50    00000008                 : _lock.obj (.far)
                  00014d58    00000008                 : divd.obj (.far)
                  00014d60    00000008                 : divf.obj (.far)
                  00014d68    00000004                 : errno.obj (.far)
                  00014d6c    00000004                 : sinit.obj (.far)

.hst1      0    00014d70    00000010     UNINITIALIZED
                  00014d70    00000010     dsp_bios_cfg.obj (.hst1)

.sysinit   0    00014d80    00000520     
                  00014d80    000002e0     dsp_bios_cfg.obj (.sysinit)
                  00015060    000000e0     bios.a67 : mem_init.o67 (.sysinit)
                  00015140    000000c0              : boot.o67 (.sysinit)
                  00015200    00000080              : tsk_init.o67 (.sysinit)
                  00015280    00000020              : obj_init.o67 (.sysinit)

.rtdx_data 
*          0    000152a0    0000044c     UNINITIALIZED
                  000152a0    00000410     dsp_bios_cfg.obj (.rtdx_data)
                  000156b0    00000020     rtdx.lib : buffer1.o62 (.rtdx_data)
                  000156d0    0000001c              : rtdx_mon.o62 (.rtdx_data)

.mem       0    000156ec    00000004     UNINITIALIZED
                  000156ec    00000004     dsp_bios_cfg.obj (.mem)

.TSK_idle$stk 
*          0    000156f0    00000400     UNINITIALIZED
                  000156f0    00000400     dsp_bios_cfg.obj (.TSK_idle$stk)

.stack     0    00015af0    00000400     UNINITIALIZED
                  00015af0    00000400     --HOLE--

.bss       0    00015ef0    0000039e     UNINITIALIZED
                  00015ef0    00000100     bios.a67 : hwi_disp_asm.o67 (.bss)
                  00015ff0    000000cc              : biosdata.o67 (.bss)
                  000160bc    0000009c              : swi.o67 (.bss)
                  00016158    00000050     enhance.obj (.bss)
                  000161a8    00000048     bios.a67 : knl.o67 (.bss)
                  000161f0    00000028     dsp_bios_cfg.obj (.bss)
                  00016218    00000018     bios.a67 : hwi.o67 (.bss)
                  00016230    00000018     lnkrtdx.a67 : rtdx.o67 (.bss)
                  00016248    00000010     rtdx.lib : buffer1.o62 (.bss)
                  00016258    0000000c     bios.a67 : tsk.o67 (.bss)
                  00016264    00000008              : clk_data.o67 (.bss)
                  0001626c    00000008              : sys.o67 (.bss)
                  00016274    00000008     dsk6713bslccsv4.lib : dsk6713_aic23_opencodec.obj (.bss)
                  0001627c    00000004     bios.a67 : clk_data2.o67 (.bss)
                  00016280    00000004              : gbl_setL2CacheMode.o67 (.bss)
                  00016284    00000004              : idl_busy.o67 (.bss)
                  00016288    00000004              : mem_asm.o67 (.bss)
                  0001628c    00000002     dsk6713bslccsv4.lib : dsk6713.obj (.bss)

.trace     0    00016290    00000200     
                  00016290    00000200     --HOLE-- [fill = 00000000]

.const     0    00016490    00000101     
                  00016490    0000004e     bios.a67 : tsk_stup.o67 (.const)
                  000164de    00000002     --HOLE-- [fill = 0]
                  000164e0    00000040     dsk6713bslccsv4.lib : dsk6713_aic23_opencodec.obj (.const)
                  00016520    00000023     bios.a67 : utl_doab.o67 (.const)
                  00016543    00000022              : utl_doer.o67 (.const)
                  00016565    00000003     --HOLE-- [fill = 0]
                  00016568    00000020     dsk6713bslccsv4.lib : dsk6713.obj (.const)
                  00016588    00000004     bios.a67 : mem_allo.o67 (.const)
                  0001658c    00000004              : mem_free.o67 (.const)
                  00016590    00000001              : tsk.o67 (.const)

.printf    0    00016591    0000003f     COPY SECTION
                  00016591    0000003f     dsp_bios_cfg.obj (.printf)

.tsk       0    00016594    00000060     UNINITIALIZED
                  00016594    00000060     dsp_bios_cfg.obj (.tsk)

.pinit     0    000165f4    0000000c     
                  000165f4    00000004     rtdx.lib : buffer1.o62 (.pinit)
                  000165f8    00000004              : rtdx_mon.o62 (.pinit)
                  000165fc    00000004     --HOLE-- [fill = 0]

.LOG_system$buf 
*          0    00016600    00000100     UNINITIALIZED
                  00016600    00000100     dsp_bios_cfg.obj (.LOG_system$buf)

.hst0      0    00016700    00000100     UNINITIALIZED
                  00016700    00000100     dsp_bios_cfg.obj (.hst0)

.pip       0    00016800    000000c8     UNINITIALIZED
                  00016800    000000c8     dsp_bios_cfg.obj (.pip)

.gblinit   0    000168c8    00000040     
                  000168c8    00000040     dsp_bios_cfg.obj (.gblinit)

.hst       0    00016908    0000003c     UNINITIALIZED
                  00016908    0000003c     dsp_bios_cfg.obj (.hst)

.sts       0    00016944    00000030     
                  00016944    00000030     dsp_bios_cfg.obj (.sts)

.swi       0    00016974    0000002c     UNINITIALIZED
                  00016974    0000002c     dsp_bios_cfg.obj (.swi)

.switch    0    000169a0    00000028     
                  000169a0    00000028     rtdx.lib : rtdx_mon.o62 (.switch)

.log       0    000169c8    00000018     
                  000169c8    00000018     dsp_bios_cfg.obj (.log)

.idl       0    000169e0    00000010     UNINITIALIZED
                  000169e0    00000010     dsp_bios_cfg.obj (.idl)

.idlcal    0    000169f0    00000010     UNINITIALIZED
                  000169f0    00000010     dsp_bios_cfg.obj (.idlcal)

.sys       0    00016a00    00000010     UNINITIALIZED
                  00016a00    00000010     dsp_bios_cfg.obj (.sys)

.trcdata   0    00016a10    0000000c     
                  00016a10    0000000c     bios.a67 : trc.o67 (.trcdata)

.clk       0    00016a1c    00000008     UNINITIALIZED
                  00016a1c    00000008     dsp_bios_cfg.obj (.clk)


GLOBAL SYMBOLS: SORTED ALPHABETICALLY BY Name 

address    name
--------   ----
00015ef0   $bss
00015ef0   .bss
00000000   .data
00008200   .text
00014f3c   BIOS$$CLKOFF
00014efc   BIOS$$CLKON
00014d80   BIOS_init
00014fa4   BIOS_start
00000000   BUF$
00000001   BUF_ENABLED
00000001   CLK$
00016a1c   CLK_A_TABBEG
00000001   CLK_CALDIV
00000004   CLK_CALMULT
0000dbba   CLK_COUNTSPMS
00000000   CLK_COUNTSPMSHIGH
00016018   CLK_D_idletime
00016014   CLK_D_isrhook
00016010   CLK_D_tabbeg
0001600c   CLK_D_timefxn
00012040   CLK_F_getfhtime
00012060   CLK_F_gethtime
00011140   CLK_F_getltime
00012060   CLK_F_getshtime
00011154   CLK_F_isr
000112b4   CLK_F_itime
0000ede0   CLK_HOOKFXN
00000001   CLK_HTIMEDIV
00000004   CLK_HTIMEMULT
0000dbba   CLK_HTIMEPERLTIME
00004000   CLK_INTBIT
00000001   CLK_LTIMEDIV
00036ee8   CLK_LTIMEMULT
000003e8   CLK_MICROSECS
0000dbba   CLK_PRD
00000000   CLK_PRDHIGH
01940000   CLK_REGS
00016008   CLK_R_time
00000020   CLK_TCR
00000000   CLK_TDDR
00000000   CLK_TDDRHIGH
00012060   CLK_TIMEFXN
00000000   CLK_TIMERNUM
00000001   CLK_USETIMER
00016a20   CLK_null
00000000   DEV$
00000000   DGN$
00000000   DHL$
00000000   DHL_gChannelsAvailable
00000000   DIO$
00000000   DIO_NUMSWIBASE
00000000   DIO_NUMTSKBASE
00000000   DIO_STATIC
00000000   DPI$
00012100   FXN_F_nop
00012108   FXN_F_run
00012158   FXN_F_zero
00000001   GBL$
00005205   GBL_A_VERSION
00000000   GBL_BIGENDIAN
00000000   GBL_C641XL2PRIORITY
00000000   GBL_CACHE
00000001   GBL_CALLCSLCFGINIT
00004e20   GBL_CLKIN
00001770   GBL_CLKTYPE
00001a39   GBL_DSPSUBTYPE
0000003e   GBL_DSPTYPE
00000001   GBL_ENABLEINST
00000042   GBL_FOOTPRINT
00036ee8   GBL_FREQ
00002226   GBL_L2ALLOC
00000000   GBL_L2CONFIGALLOC
00000001   GBL_L2CONFIGURE
00000001   GBL_L2MARMASK
00000000   GBL_L2MARMASK1
00000000   GBL_L2MARMASK2
00000000   GBL_L2MARMASK3
00000000   GBL_L2MARMASK4
00000000   GBL_L2MARMASK5
00000000   GBL_L2MODE
00000000   GBL_L2PRIORITY
00000000   GBL_NULL
00000000   GBL_PROCID
00000000   GBL_ROM
00000000   GBL_SUPPORTCSL
0000dbef   GBL_TRCMASKVALUE
00000001   GBL_USERINIT
0000cac8   GBL_USERINITFXN
00000001   GBL_boot
00016a18   GBL_initdone
00015af0   GBL_stackbeg
00015eef   GBL_stackend
00000000   GIO$
000126c0   GIO_CREATEFXN
000126c0   GIO_DELETEFXN
000126c0   GIO_PENDFXN
000126c0   GIO_POSTFXN
00000000   HOOK$
00000000   HOOK_KNLID
00000001   HST$
00016908   HST_A_TABBEG
00016944   HST_A_TABEND
00000000   HST_DSM
000161fc   HST_DSMBUFSEG
00000400   HST_DSMMEMSIZE
00016084   HST_D_chanmask
00016088   HST_D_tabbeg
0001608c   HST_D_tabend
000000ff   HST_MAXFRAMEALLOWED
00000040   HST_MAXFRAMESET
00000000   HST_NONE
00000001   HST_RTDX
00000001   HWI$
00000000   HWI_A_VECS
00004018   HWI_CFGDISPATCHED
00016228   HWI_D_bss
0001622c   HWI_D_ccmask
00016218   HWI_D_spsave
0000ede0   HWI_F_dispatch
00000000   HWI_GENERATE_RESET_VEC
0000000a   HWI_INT10
00000000   HWI_INT10$hwi
0000000b   HWI_INT11
00000000   HWI_INT11$hwi
0000000c   HWI_INT12
00000000   HWI_INT12$hwi
0000000d   HWI_INT13
00000000   HWI_INT13$hwi
0000000e   HWI_INT14
00000000   HWI_INT14$hwi
0000000f   HWI_INT15
00000000   HWI_INT15$hwi
00000004   HWI_INT4
00000000   HWI_INT4$hwi
00000005   HWI_INT5
00000000   HWI_INT5$hwi
00000006   HWI_INT6
00000000   HWI_INT6$hwi
00000007   HWI_INT7
00000000   HWI_INT7$hwi
00000008   HWI_INT8
00000000   HWI_INT8$hwi
00000009   HWI_INT9
00000000   HWI_INT9$hwi
082039a3   HWI_INTRMULTHIGH
310718ae   HWI_INTRMULTLOW
00000001   HWI_NMI
00000000   HWI_NMI$hwi
00000000   HWI_POLARITYMASK
00000002   HWI_RESERVED0
00000000   HWI_RESERVED0$hwi
00000003   HWI_RESERVED1
00000000   HWI_RESERVED1$hwi
00000000   HWI_RESET
00000000   HWI_RESET$hwi
00000001   HWI_ZEROTAB
00000001   IDL$
000169f0   IDL_A_CALBEG
000169e0   IDL_A_TABBEG
00000006   IDL_CALIBRERROR
000125c0   IDL_CALIBRFXN
00016284   IDL_D_busyObj
00015ff8   IDL_D_calbeg
00015ff4   IDL_D_calibrate
00015ff0   IDL_D_tabbeg
000169ec   IDL_END
000169fc   IDL_END$
00012180   IDL_F_busy
00012300   IDL_F_calibrate
00012700   IDL_F_loop
000125c0   IDL_F_stub
00000001   IDL_USECLKIDLTIME
00016968   IDL_busyObj
000165cb   IDL_busyObj$avgfmt
00000001   IDL_busyObj$filter
00000001   IDL_busyObj$iA
00000000   IDL_busyObj$iB
00000001   IDL_busyObj$iC
000165c5   IDL_busyObj$maxfmt
00000000   IDL_busyObj$operation
00016964   IDL_busyObj$stsobj
000165c8   IDL_busyObj$sumfmt
00000002   IDL_busyObj$unittype
000169e0   IDL_cpuLoad
000169f0   IDL_cpuLoad$
000161fc   IRAM
00000200   IRAM$B
00008000   IRAM$L
00000001   ISRC$
00011100   KNL_glue
00016974   KNL_swi
00000001   KNL_swi$dorta
00000000   KNL_swi$ord
00000000   KNL_swi$pri
00016948   KNL_swi$sts
000165a1   KNL_swi$sts$avgfmt
00000002   KNL_swi$sts$filter
00000001   KNL_swi$sts$filtmaxmult
00000001   KNL_swi$sts$filtsummult
00016591   KNL_swi$sts$maxfmt
00016944   KNL_swi$sts$stsobj
00016599   KNL_swi$sts$sumfmt
00000000   KNL_swi$sts$unittype
00000000   KNL_swi$swi
00000001   LCK$
0000dcc0   LNK_F_checkBufferCall
0000dd40   LNK_F_dataPump
0000dce0   LNK_F_getChanPtr
0000dd38   LNK_F_init
0000e284   LNK_F_readCallBack
000169e4   LNK_dataPump
000169f4   LNK_dataPump$
00016234   LNK_dspFrameReadyMask
00016230   LNK_dspFrameRequestMask
0000dfe0   LNK_newin
0000e120   LNK_newout
0000dd54   LNK_rcloop
0000de20   LNK_rdrtry
0001623c   LNK_readDone
00016240   LNK_readFail
00016238   LNK_readPend
0000de30   LNK_rrloop
00016244   LNK_writeFail
0000df04   LNK_wrloop
0000def4   LNK_wrrtry
00000001   LOG$
000169c8   LOG_A_TABBEG
000169e0   LOG_A_TABEND
00000001   LOG_A_TABLEN
00015ffc   LOG_D_system
00000001   LOG_ENABLED
00012200   LOG_F_event
000169c8   LOG_system
00016600   LOG_system$buf
00000000   LOG_system$datatype
00000000   LOG_system$log
00000040   LOG_system$size
00000000   MBX$
00000001   MEM$
000161fc   MEM_MALLOCSEG
00000000   MEM_NULL
000161fc   MEM_SEGZERO
00000000   MEM_USEMPC
00000001   MEM_gNumHeap
00000000   MSGQ$
00000000   MSGQ_USEMSGQ
00000000   OBJ$
00000000   PIP$
00016800   PIP_A_TABBEG
000168c8   PIP_A_TABEND
00000002   PIP_A_TABLEN
00016000   PIP_D_tabbeg
00016004   PIP_D_tablen
000109b4   PIP_F_give
000109b4   PIP_F_probe
00010a88   PIP_F_start
00010920   PIP_F_take
00000064   PIP_OBJSIZE
00000000   PIP_gNextId
00000002   PIP_gNumEmbed
00000000   POOL$
00000000   POOL_USEPOOL
00000001   PRD$
00000000   PRD_A_TABBEG
00000000   PRD_A_TABEND
00000000   PRD_A_TABLEN
00016040   PRD_D_cur
00016044   PRD_D_elapsed
00016048   PRD_D_prevtim
0001604c   PRD_D_scalar
00016050   PRD_D_swihandle
00016054   PRD_D_tabbeg
00016058   PRD_D_tablen
0001605c   PRD_D_thook
0001603c   PRD_D_tick
0000f620   PRD_F_swi
0000f8e0   PRD_F_tick
00004000   PRD_SCALAR
00000000   PRD_SWIHANDLE
000106c0   PRD_THOOKFXN
00016a1c   PRD_clock
00000001   QUE$
00016060   RTA_D_fromHost
00016068   RTA_D_logval
00016078   RTA_D_stsval
00016064   RTA_D_toHost
00012600   RTA_F_andn
0000fd78   RTA_F_dispatch
0000fc80   RTA_F_getlog
0000fcc4   RTA_F_getsts
00012620   RTA_F_or
0000fd0c   RTA_F_readblk
0000fd38   RTA_F_resetmem
0000fd2c   RTA_F_writeword
000169e8   RTA_dispatcher
000169f8   RTA_dispatcher$
0000fdc8   RTA_execute
0001690c   RTA_fromHost
00014d70   RTA_fromHost$buf
00000004   RTA_fromHost$framesize
00000000   RTA_fromHost$hst
00000001   RTA_fromHost$id
00000000   RTA_fromHost$mode
00016800   RTA_fromHost$pipe
00016830   RTA_fromHost$pipe$aaa
00016860   RTA_fromHost$pipe$bbb
00016200   RTA_fromHost$pipe$dtab
00016804   RTA_fromHost$pipe$rd
00016834   RTA_fromHost$pipe$wr
00016914   RTA_fromHost$rtdx
00016928   RTA_toHost
00016700   RTA_toHost$buf
00000040   RTA_toHost$framesize
00000000   RTA_toHost$hst
00000000   RTA_toHost$id
00000001   RTA_toHost$mode
00016864   RTA_toHost$pipe
00016894   RTA_toHost$pipe$aaa
000168c4   RTA_toHost$pipe$bbb
0001620c   RTA_toHost$pipe$dtab
00016868   RTA_toHost$pipe$rd
00016898   RTA_toHost$pipe$wr
00016930   RTA_toHost$rtdx
00000001   RTDX$
00000408   RTDX_BUFMEMSIZE
000161fc   RTDX_DATAMEMSEG
00000000   RTDX_MODE
00000001   RTDX_NORMALIZED_HDR
00000001   RTDX_USERTDX
00000000   RTDX_USERTEXECUTION
ffffffff   SDRAM
00000000   SEM$
00000000   SIO$
00000001   STS$
00016944   STS_A_TABBEG
00016974   STS_A_TABEND
000122b8   STS_F_add
00012280   STS_F_delta
000122e4   STS_F_reset
00000001   SWI$
00016974   SWI_A_TABBEG
000169a0   SWI_A_TABEND
00000001   SWI_A_TABLEN
000160d4   SWI_D_curfxn
000160c4   SWI_D_curmask
000160d0   SWI_D_curmbox
000160c8   SWI_D_curset
000160c0   SWI_D_execaddr
000160dc   SWI_D_inswi
000160cc   SWI_D_lock
000160d8   SWI_D_rdybeg
000160e0   SWI_D_rdytab
000160bc   SWI_D_runaddr
00000000   SWI_EHOOKFXN
0000eabc   SWI_EXECFXN
0000e8a0   SWI_F_enable
0000eabc   SWI_F_exec
0000eae8   SWI_F_iexec
0000e910   SWI_F_post
0000eb78   SWI_F_run
00000000   SWI_IHOOKFXN
0000eb78   SWI_RUNFXN
00000001   SYS$
00016a00   SYS$config
00012640   SYS_ABORTFXN
00012740   SYS_ERRORFXN
00012760   SYS_EXITFXN
00012500   SYS_PUTCFXN
00016a14   TRC_R_mask
00016a10   TRC_cinit
00000001   TSK$
00000000   TSK_NUM_HOOKS
00000001   TSK_PRIORITY
00000000   TSK_READYFXN
00000000   TSK_STACKSEG
00000400   TSK_STACKSIZE
00000000   TSK_SWITCHFXN
000126c0   TSK_VCREATEFXN
000126c0   TSK_VDELETEFXN
000126c0   TSK_VEXITFXN
000165a0   TSK_idle
00000000   TSK_idle$ord
00000000   TSK_idle$pri
000156f0   TSK_idle$stack
00015a88   TSK_idle$stkptr
00016958   TSK_idle$sts
000165bb   TSK_idle$sts$avgfmt
00000002   TSK_idle$sts$filter
00000001   TSK_idle$sts$filtmaxmult
00000001   TSK_idle$sts$filtsummult
000165ab   TSK_idle$sts$maxfmt
00016954   TSK_idle$sts$stsobj
000165b3   TSK_idle$sts$sumfmt
00000000   TSK_idle$sts$unittype
00000000   TSK_idle$tsk
00000000   UDEV$
00014d80   _BIOS_init
00014fa4   _BIOS_start
0000dbba   _CLK_COUNTSPMS
00016264   _CLK_DFLTMICROSECS
00016038   _CLK_D_countspms
0001602c   _CLK_D_dirty
00016268   _CLK_D_microseconds
00016030   _CLK_D_prd
00016034   _CLK_D_tddr
000112b4   _CLK_F_itime
0000dbba   _CLK_PRD
01940000   _CLK_REGS
00000000   _CLK_TDDR
00000000   _CLK_TIMERNUM
00000001   _CLK_USETIMER
0001601c   _CLK_htimeDiv
00016020   _CLK_htimeMult
0001627c   _CLK_htimePerLtime
000112b4   _CLK_itime
00016024   _CLK_ltimeDiv
00016028   _CLK_ltimeMult
00011c60   _CLK_measure
00012560   _CLK_start
00012680   _CLK_stop
00014bb4   _Config
00016274   _DSK6713_AIC23_codeccontrolhandle
00016278   _DSK6713_AIC23_codecdatahandle
0000cd0c   _DSK6713_AIC23_config
0000bbc0   _DSK6713_AIC23_openCodec
0000cce8   _DSK6713_AIC23_rget
0000cc20   _DSK6713_AIC23_rset
0000aee0   _DSK6713_getVersion
0000af30   _DSK6713_init
0000ae4c   _DSK6713_rget
0000ae38   _DSK6713_rset
0001628c   _DSK6713_version
0000ad60   _DSK6713_wait
0000ae04   _DSK6713_waitusec
000126c0   _FXN_F_nop
00012108   _FXN_F_run
00012158   _FXN_F_zero
00000000   _GBL_CACHE
00016094   _GBL_clkIn
000118e0   _GBL_cslCacheInit
00016098   _GBL_freq
000126e0   _GBL_getVersion
00016090   _GBL_procId
0000cac8   _GBL_setPLLto225MHz
00016908   _HST_A_TABBEG
00016944   _HST_A_TABEND
00004018   _HWI_CFGDISPATCHED
00016224   _HWI_D_inhwi
00016218   _HWI_D_spsave
0000ede0   _HWI_F_dispatch
0000000a   _HWI_INT10
0000000b   _HWI_INT11
0000000c   _HWI_INT12
0000000d   _HWI_INT13
0000000e   _HWI_INT14
0000000f   _HWI_INT15
00000004   _HWI_INT4
00000005   _HWI_INT5
00000006   _HWI_INT6
00000007   _HWI_INT7
00000008   _HWI_INT8
00000009   _HWI_INT9
00000001   _HWI_NMI
00000002   _HWI_RESERVED0
00000003   _HWI_RESERVED1
00000000   _HWI_RESET
00015ee8   _HWI_STKBOTTOM
00015af0   _HWI_STKTOP
00016218   _HWI_data
000123e0   _HWI_disable
00015ef0   _HWI_dispatchTab
000123f8   _HWI_enable
0001240c   _HWI_restore
0001616c   _H_Codec
00016968   _IDL_busyObj
000169e0   _IDL_cpuLoad
00012700   _IDL_loop
000161fc   _IRAM
00000200   _IRAM_base
00008000   _IRAM_length
0000daa0   _IRQ_enable
0000dbe0   _IRQ_globalDisable
0000dc00   _IRQ_globalEnable
0000c5a0   _IRQ_map
0000dc20   _IRQ_nmiEnable
00008e14   _ISR_AIC
000161b0   _KNL_alarm
000117a0   _KNL_check
000161d4   _KNL_curqueue
000161c4   _KNL_curtask
000161cc   _KNL_curtime
00014a7c   _KNL_dummy
00011a14   _KNL_enter
000119c0   _KNL_exit
00011878   _KNL_idle
000161ec   _KNL_idlefxn
000161b8   _KNL_inactive
00011d40   _KNL_ipost
0001189c   _KNL_max
000161d8   _KNL_maxqueue
00011e00   _KNL_post
000161c8   _KNL_prevtask
000161bc   _KNL_priority
000149dc   _KNL_queues
0000f9c0   _KNL_run
00010f80   _KNL_saveIsrFrame
000161c0   _KNL_set
000161b4   _KNL_setpri
00016974   _KNL_swi
000161d0   _KNL_swiptr
0001104c   _KNL_switch
000161e0   _KNL_tcreatefxn
000161e4   _KNL_tdeletefxn
000106c0   _KNL_tick
000161e8   _KNL_treadyfxn
000161dc   _KNL_tswitchfxn
000161a8   _KNL_wFlag
000161ac   _KNL_wList
00011ef0   _LCK_pend
00011ec0   _LCK_post
000169e4   _LNK_dataPump
00016234   _LNK_dspFrameReadyMask
00016230   _LNK_dspFrameRequestMask
0001623c   _LNK_readDone
00016240   _LNK_readFail
00016238   _LNK_readPend
00016244   _LNK_writeFail
000169c8   _LOG_A_TABBEG
000169e0   _LOG_A_TABEND
00000001   _LOG_A_TABLEN
00015ffc   _LOG_D_system
00012200   _LOG_event
000169c8   _LOG_system
0000d240   _MCBSP_open
0000c760   _MCBSP_reset
0000d340   _MCBSP_start
00016288   _MEM
0001609c   _MEM_D_NUMSEGMENTS
000160a4   _MEM_D_freelist
000160a8   _MEM_D_lockaddr
000160a0   _MEM_D_memtab
000160ac   _MEM_D_unlockaddr
00010200   _MEM_alloc
000106e0   _MEM_free
00015060   _MEM_init
000161f0   _MEM_memtab
00014be8   _Mbuffs
00015280   _OBJ_init
00014b48   _OBJ_segtab
00014b10   _OBJ_table
00016800   _PIP_A_TABBEG
000168c8   _PIP_A_TABEND
0001603c   _PRD_D_tick
00016a1c   _PRD_clock
000169e8   _RTA_dispatcher
0001690c   _RTA_fromHost
00016928   _RTA_toHost
000152a0   _RTDX_Buffer
000156ac   _RTDX_Buffer_End
000145a0   _RTDX_Buffer_Initialize
000146e0   _RTDX_Buffer_Read
00014600   _RTDX_Buffer_ReadCB
00014660   _RTDX_Buffer_Size
000156a8   _RTDX_Buffer_Start
00014700   _RTDX_Buffer_Write
00013cc0   _RTDX_Buffer_WriteCB
000146a0   _RTDX_Final_RT_Monitor
00014520   _RTDX_Init_RT_Monitor
00000002   _RTDX_JTAGONLY
00014740   _RTDX_Mask_IER
00014300   _RTDX_Mon_Queue
000138c0   _RTDX_Poll
00000000   _RTDX_interrupt_mask
000156bc   _RTDX_writing
ffffffff   _SDRAM
00012440   _SEM_pend
0000ff40   _SEM_pendEnterKnl
00011b80   _SEM_post
00011b80   _SEM_postBinary
00011aa0   _SEM_postEnterKnl
00016944   _STS_A_TABBEG
00016974   _STS_A_TABEND
000122b8   _STS_add
00012280   _STS_delta
000122e4   _STS_reset
00012720   _STS_set
000160d4   _SWI_D_curfxn
000160c4   _SWI_D_curmask
000160c8   _SWI_D_curset
000160c0   _SWI_D_execaddr
000160dc   _SWI_D_inswi
000160cc   _SWI_D_lock
000160d8   _SWI_D_rdybeg
000160bc   _SWI_D_runaddr
000160bc   _SWI_data
0000e910   _SWI_post
000160b0   _SYS
00016290   _SYS_PUTCBEG
0001648f   _SYS_PUTCEND
000124a0   _SYS_abort
00012380   _SYS_error
00011f80   _SYS_exit
00014d08   _SYS_exitStack
0001626c   _SYS_exitStackPtr
00016270   _SYS_exitStackTop
00016a14   _TRC_R_mask
00016260   _TSK
00014ab4   _TSK_ATTRS
00014ad0   _TSK_config
00011300   _TSK_exit
000165a0   _TSK_idle
00015200   _TSK_init
00016258   _TSK_nTasks
0001625c   _TSK_pid
00010d80   _TSK_setup
000116e0   _TSK_startup
00014af0   _TSK_timerSem
00012640   _UTL_doAbort
00012740   _UTL_doError
00012500   _UTL_doPutc
00012760   _UTL_halt
000112d0   __CLK_lat1beg
000112fc   __CLK_lat1end
0000e6f4   __GBL_setL2CacheMode
000160b8   __HOOK_NUMHOOKS
000160b4   __HOOK_knlId
0000ede0   __HWI_lat1beg
0000ef60   __HWI_lat1end
0000ef60   __HWI_lat2beg
0000f100   __HWI_lat2end1
0000f08c   __HWI_lat2end2
0000f120   __HWI_lat3beg
0000f220   __HWI_lat3end1
0000f0bc   __HWI_lat3end2
00012180   __IDL_lat1beg
000121d0   __IDL_lat1end
000149d4   __IRQ_dispatchTable
00014910   __IRQ_eventTable
0000dca0   __IRQ_hookFetchPacket
00014994   __IRQ_intTable
000117f0   __KNL_lat1beg
00011878   __KNL_lat1end
00012200   __LOG_lat1beg
00014ca8   __MCBSP_hDev0
00014cac   __MCBSP_hDev1
00014b8c   __MEM_mutex
0000fd38   __RTA_lat1beg
0000fd70   __RTA_lat1end
00010b60   __SEM_dopost
00000400   __STACK_SIZE
0000ea4c   __SWI_lat1beg
0000eb00   __SWI_lat1end
0000eb04   __SWI_lat2beg
0000eb74   __SWI_lat2end
0000e8a0   __SWI_lat3beg
0000e90c   __SWI_lat3end
00014b64   __TSK_mutex
00014d4c   ___TI_enable_exit_profile_output
ffffffff   ___TI_pprof_out_hndl
ffffffff   ___TI_prof_data_size
ffffffff   ___TI_prof_data_start
0000dae0   ___add_dtor
00014760   ___atexit_func_id__
ffffffff   ___binit__
00015ef0   ___bss__
ffffffff   ___c_args__
00012780   ___cinit__
00000000   ___data__
00000000   ___edata__
0001628e   ___end__
0000dcc0   ___etext__
000165f4   ___pinit__
00008200   ___text__
000114a0   __auto_init
00014d44   __cleanup_ptr
00008ee0   __divd
0000a740   __divf
00014d48   __dtors_ptr
0000b1e0   __frcmpyd_div
0000d540   __frcmpyf_div
00014d50   __lock
0000d960   __mpyll
0000dc40   __nop
0000d620   __nround
0000dc60   __register_lock
0000dc80   __register_unlock
00015af0   __stack
0000cda0   __strasgi
0000dba0   __trunc
00014d54   __unlock
0000a5d4   _aimag
00016158   _alpha
0000d440   _atexit
00009840   _bitrev
00015140   _c_int00
0000a0c0   _cabs
0000a1c4   _cadd
0000cee0   _call_dtors
0000f588   _calloc
0000a3e8   _cdiv
0000a60c   _cexp
0000a130   _cmplx
0000a2dc   _cmul
0000a170   _conjg
0000b560   _cos
00016194   _cpufrac
0000a250   _csub
00009d88   _dft
00009a40   _dftmerge
00014d6c   _dtors
00014d68   _errno
0000bea0   _exp
00009c38   _fft
0001619c   _frame_ptr
0000f240   _free
0000d000   _frexp
00009c8c   _ifft
00016170   _inbuffer
0001618c   _ingain
000085a8   _init_HWI
000084e4   _init_hardware
00016178   _inwin
00016198   _io_ptr
00016160   _kop1
0001615c   _lambda
0000c900   _ldexp
00008200   _main
0000f26c   _malloc
0000f434   _memalign
0000c120   _memcpy
0000d120   _memset
0000d7e0   _modf
0000d77c   _mono_read_16Bit
0000d754   _mono_write_16Bit
00016164   _nonlinclip
00016174   _outbuffer
00016190   _outgain
0001617c   _outwin
00016168   _postgain
00016180   _powbinstate
00014bdc   _powratiobuffs
00008640   _process_frame
00016184   _procframe
00016188   _procframeprepipe
0000a504   _rdiv
0000a59c   _real
0000f2f0   _realloc
0000a37c   _rmul
00016250   _rtdxNullChanCnt
00016254   _rtdxNullFuncCnt
000156b0   _rtdx_buffer_state
000156d0   _rtdx_mon_state
000098cc   _shuffle
0000b8a0   _sin
0000c360   _sqrt
0000d728   _stereo_read_16Bit
0000d700   _stereo_write_16Bit
000097e0   _swap
0000caa0   _wait500nS
ffffffff   binit
00012780   cinit
00000000   edata
0001628e   end
0000dcc0   etext
00000000   hwi0
00000020   hwi1
00000140   hwi10
00000160   hwi11
00000180   hwi12
000001a0   hwi13
000001c0   hwi14
000001e0   hwi15
00000040   hwi2
00000060   hwi3
00000080   hwi4
000000a0   hwi5
000000c0   hwi6
000000e0   hwi7
00000100   hwi8
00000120   hwi9
000165f4   pinit


GLOBAL SYMBOLS: SORTED BY Symbol Address 

address    name
--------   ----
00000000   .data
00000000   BUF$
00000000   CLK_COUNTSPMSHIGH
00000000   CLK_PRDHIGH
00000000   CLK_TDDR
00000000   CLK_TDDRHIGH
00000000   CLK_TIMERNUM
00000000   DEV$
00000000   DGN$
00000000   DHL$
00000000   DHL_gChannelsAvailable
00000000   DIO$
00000000   DIO_NUMSWIBASE
00000000   DIO_NUMTSKBASE
00000000   DIO_STATIC
00000000   DPI$
00000000   GBL_BIGENDIAN
00000000   GBL_C641XL2PRIORITY
00000000   GBL_CACHE
00000000   GBL_L2CONFIGALLOC
00000000   GBL_L2MARMASK1
00000000   GBL_L2MARMASK2
00000000   GBL_L2MARMASK3
00000000   GBL_L2MARMASK4
00000000   GBL_L2MARMASK5
00000000   GBL_L2MODE
00000000   GBL_L2PRIORITY
00000000   GBL_NULL
00000000   GBL_PROCID
00000000   GBL_ROM
00000000   GBL_SUPPORTCSL
00000000   GIO$
00000000   HOOK$
00000000   HOOK_KNLID
00000000   HST_DSM
00000000   HST_NONE
00000000   HWI_A_VECS
00000000   HWI_GENERATE_RESET_VEC
00000000   HWI_INT10$hwi
00000000   HWI_INT11$hwi
00000000   HWI_INT12$hwi
00000000   HWI_INT13$hwi
00000000   HWI_INT14$hwi
00000000   HWI_INT15$hwi
00000000   HWI_INT4$hwi
00000000   HWI_INT5$hwi
00000000   HWI_INT6$hwi
00000000   HWI_INT7$hwi
00000000   HWI_INT8$hwi
00000000   HWI_INT9$hwi
00000000   HWI_NMI$hwi
00000000   HWI_POLARITYMASK
00000000   HWI_RESERVED0$hwi
00000000   HWI_RESERVED1$hwi
00000000   HWI_RESET
00000000   HWI_RESET$hwi
00000000   IDL_busyObj$iB
00000000   IDL_busyObj$operation
00000000   KNL_swi$ord
00000000   KNL_swi$pri
00000000   KNL_swi$sts$unittype
00000000   KNL_swi$swi
00000000   LOG_system$datatype
00000000   LOG_system$log
00000000   MBX$
00000000   MEM_NULL
00000000   MEM_USEMPC
00000000   MSGQ$
00000000   MSGQ_USEMSGQ
00000000   OBJ$
00000000   PIP$
00000000   PIP_gNextId
00000000   POOL$
00000000   POOL_USEPOOL
00000000   PRD_A_TABBEG
00000000   PRD_A_TABEND
00000000   PRD_A_TABLEN
00000000   PRD_SWIHANDLE
00000000   RTA_fromHost$hst
00000000   RTA_fromHost$mode
00000000   RTA_toHost$hst
00000000   RTA_toHost$id
00000000   RTDX_MODE
00000000   RTDX_USERTEXECUTION
00000000   SEM$
00000000   SIO$
00000000   SWI_EHOOKFXN
00000000   SWI_IHOOKFXN
00000000   TSK_NUM_HOOKS
00000000   TSK_READYFXN
00000000   TSK_STACKSEG
00000000   TSK_SWITCHFXN
00000000   TSK_idle$ord
00000000   TSK_idle$pri
00000000   TSK_idle$sts$unittype
00000000   TSK_idle$tsk
00000000   UDEV$
00000000   _CLK_TDDR
00000000   _CLK_TIMERNUM
00000000   _GBL_CACHE
00000000   _HWI_RESET
00000000   _RTDX_interrupt_mask
00000000   ___data__
00000000   ___edata__
00000000   edata
00000000   hwi0
00000001   BUF_ENABLED
00000001   CLK$
00000001   CLK_CALDIV
00000001   CLK_HTIMEDIV
00000001   CLK_LTIMEDIV
00000001   CLK_USETIMER
00000001   GBL$
00000001   GBL_CALLCSLCFGINIT
00000001   GBL_ENABLEINST
00000001   GBL_L2CONFIGURE
00000001   GBL_L2MARMASK
00000001   GBL_USERINIT
00000001   GBL_boot
00000001   HST$
00000001   HST_RTDX
00000001   HWI$
00000001   HWI_NMI
00000001   HWI_ZEROTAB
00000001   IDL$
00000001   IDL_USECLKIDLTIME
00000001   IDL_busyObj$filter
00000001   IDL_busyObj$iA
00000001   IDL_busyObj$iC
00000001   ISRC$
00000001   KNL_swi$dorta
00000001   KNL_swi$sts$filtmaxmult
00000001   KNL_swi$sts$filtsummult
00000001   LCK$
00000001   LOG$
00000001   LOG_A_TABLEN
00000001   LOG_ENABLED
00000001   MEM$
00000001   MEM_gNumHeap
00000001   PRD$
00000001   QUE$
00000001   RTA_fromHost$id
00000001   RTA_toHost$mode
00000001   RTDX$
00000001   RTDX_NORMALIZED_HDR
00000001   RTDX_USERTDX
00000001   STS$
00000001   SWI$
00000001   SWI_A_TABLEN
00000001   SYS$
00000001   TSK$
00000001   TSK_PRIORITY
00000001   TSK_idle$sts$filtmaxmult
00000001   TSK_idle$sts$filtsummult
00000001   _CLK_USETIMER
00000001   _HWI_NMI
00000001   _LOG_A_TABLEN
00000002   HWI_RESERVED0
00000002   IDL_busyObj$unittype
00000002   KNL_swi$sts$filter
00000002   PIP_A_TABLEN
00000002   PIP_gNumEmbed
00000002   TSK_idle$sts$filter
00000002   _HWI_RESERVED0
00000002   _RTDX_JTAGONLY
00000003   HWI_RESERVED1
00000003   _HWI_RESERVED1
00000004   CLK_CALMULT
00000004   CLK_HTIMEMULT
00000004   HWI_INT4
00000004   RTA_fromHost$framesize
00000004   _HWI_INT4
00000005   HWI_INT5
00000005   _HWI_INT5
00000006   HWI_INT6
00000006   IDL_CALIBRERROR
00000006   _HWI_INT6
00000007   HWI_INT7
00000007   _HWI_INT7
00000008   HWI_INT8
00000008   _HWI_INT8
00000009   HWI_INT9
00000009   _HWI_INT9
0000000a   HWI_INT10
0000000a   _HWI_INT10
0000000b   HWI_INT11
0000000b   _HWI_INT11
0000000c   HWI_INT12
0000000c   _HWI_INT12
0000000d   HWI_INT13
0000000d   _HWI_INT13
0000000e   HWI_INT14
0000000e   _HWI_INT14
0000000f   HWI_INT15
0000000f   _HWI_INT15
00000020   CLK_TCR
00000020   hwi1
0000003e   GBL_DSPTYPE
00000040   HST_MAXFRAMESET
00000040   LOG_system$size
00000040   RTA_toHost$framesize
00000040   hwi2
00000042   GBL_FOOTPRINT
00000060   hwi3
00000064   PIP_OBJSIZE
00000080   hwi4
000000a0   hwi5
000000c0   hwi6
000000e0   hwi7
000000ff   HST_MAXFRAMEALLOWED
00000100   hwi8
00000120   hwi9
00000140   hwi10
00000160   hwi11
00000180   hwi12
000001a0   hwi13
000001c0   hwi14
000001e0   hwi15
00000200   IRAM$B
00000200   _IRAM_base
000003e8   CLK_MICROSECS
00000400   HST_DSMMEMSIZE
00000400   TSK_STACKSIZE
00000400   __STACK_SIZE
00000408   RTDX_BUFMEMSIZE
00001770   GBL_CLKTYPE
00001a39   GBL_DSPSUBTYPE
00002226   GBL_L2ALLOC
00004000   CLK_INTBIT
00004000   PRD_SCALAR
00004018   HWI_CFGDISPATCHED
00004018   _HWI_CFGDISPATCHED
00004e20   GBL_CLKIN
00005205   GBL_A_VERSION
00008000   IRAM$L
00008000   _IRAM_length
00008200   .text
00008200   ___text__
00008200   _main
000084e4   _init_hardware
000085a8   _init_HWI
00008640   _process_frame
00008e14   _ISR_AIC
00008ee0   __divd
000097e0   _swap
00009840   _bitrev
000098cc   _shuffle
00009a40   _dftmerge
00009c38   _fft
00009c8c   _ifft
00009d88   _dft
0000a0c0   _cabs
0000a130   _cmplx
0000a170   _conjg
0000a1c4   _cadd
0000a250   _csub
0000a2dc   _cmul
0000a37c   _rmul
0000a3e8   _cdiv
0000a504   _rdiv
0000a59c   _real
0000a5d4   _aimag
0000a60c   _cexp
0000a740   __divf
0000ad60   _DSK6713_wait
0000ae04   _DSK6713_waitusec
0000ae38   _DSK6713_rset
0000ae4c   _DSK6713_rget
0000aee0   _DSK6713_getVersion
0000af30   _DSK6713_init
0000b1e0   __frcmpyd_div
0000b560   _cos
0000b8a0   _sin
0000bbc0   _DSK6713_AIC23_openCodec
0000bea0   _exp
0000c120   _memcpy
0000c360   _sqrt
0000c5a0   _IRQ_map
0000c760   _MCBSP_reset
0000c900   _ldexp
0000caa0   _wait500nS
0000cac8   GBL_USERINITFXN
0000cac8   _GBL_setPLLto225MHz
0000cc20   _DSK6713_AIC23_rset
0000cce8   _DSK6713_AIC23_rget
0000cd0c   _DSK6713_AIC23_config
0000cda0   __strasgi
0000cee0   _call_dtors
0000d000   _frexp
0000d120   _memset
0000d240   _MCBSP_open
0000d340   _MCBSP_start
0000d440   _atexit
0000d540   __frcmpyf_div
0000d620   __nround
0000d700   _stereo_write_16Bit
0000d728   _stereo_read_16Bit
0000d754   _mono_write_16Bit
0000d77c   _mono_read_16Bit
0000d7e0   _modf
0000d960   __mpyll
0000daa0   _IRQ_enable
0000dae0   ___add_dtor
0000dba0   __trunc
0000dbba   CLK_COUNTSPMS
0000dbba   CLK_HTIMEPERLTIME
0000dbba   CLK_PRD
0000dbba   _CLK_COUNTSPMS
0000dbba   _CLK_PRD
0000dbe0   _IRQ_globalDisable
0000dbef   GBL_TRCMASKVALUE
0000dc00   _IRQ_globalEnable
0000dc20   _IRQ_nmiEnable
0000dc40   __nop
0000dc60   __register_lock
0000dc80   __register_unlock
0000dca0   __IRQ_hookFetchPacket
0000dcc0   LNK_F_checkBufferCall
0000dcc0   ___etext__
0000dcc0   etext
0000dce0   LNK_F_getChanPtr
0000dd38   LNK_F_init
0000dd40   LNK_F_dataPump
0000dd54   LNK_rcloop
0000de20   LNK_rdrtry
0000de30   LNK_rrloop
0000def4   LNK_wrrtry
0000df04   LNK_wrloop
0000dfe0   LNK_newin
0000e120   LNK_newout
0000e284   LNK_F_readCallBack
0000e6f4   __GBL_setL2CacheMode
0000e8a0   SWI_F_enable
0000e8a0   __SWI_lat3beg
0000e90c   __SWI_lat3end
0000e910   SWI_F_post
0000e910   _SWI_post
0000ea4c   __SWI_lat1beg
0000eabc   SWI_EXECFXN
0000eabc   SWI_F_exec
0000eae8   SWI_F_iexec
0000eb00   __SWI_lat1end
0000eb04   __SWI_lat2beg
0000eb74   __SWI_lat2end
0000eb78   SWI_F_run
0000eb78   SWI_RUNFXN
0000ede0   CLK_HOOKFXN
0000ede0   HWI_F_dispatch
0000ede0   _HWI_F_dispatch
0000ede0   __HWI_lat1beg
0000ef60   __HWI_lat1end
0000ef60   __HWI_lat2beg
0000f08c   __HWI_lat2end2
0000f0bc   __HWI_lat3end2
0000f100   __HWI_lat2end1
0000f120   __HWI_lat3beg
0000f220   __HWI_lat3end1
0000f240   _free
0000f26c   _malloc
0000f2f0   _realloc
0000f434   _memalign
0000f588   _calloc
0000f620   PRD_F_swi
0000f8e0   PRD_F_tick
0000f9c0   _KNL_run
0000fc80   RTA_F_getlog
0000fcc4   RTA_F_getsts
0000fd0c   RTA_F_readblk
0000fd2c   RTA_F_writeword
0000fd38   RTA_F_resetmem
0000fd38   __RTA_lat1beg
0000fd70   __RTA_lat1end
0000fd78   RTA_F_dispatch
0000fdc8   RTA_execute
0000ff40   _SEM_pendEnterKnl
00010200   _MEM_alloc
000106c0   PRD_THOOKFXN
000106c0   _KNL_tick
000106e0   _MEM_free
00010920   PIP_F_take
000109b4   PIP_F_give
000109b4   PIP_F_probe
00010a88   PIP_F_start
00010b60   __SEM_dopost
00010d80   _TSK_setup
00010f80   _KNL_saveIsrFrame
0001104c   _KNL_switch
00011100   KNL_glue
00011140   CLK_F_getltime
00011154   CLK_F_isr
000112b4   CLK_F_itime
000112b4   _CLK_F_itime
000112b4   _CLK_itime
000112d0   __CLK_lat1beg
000112fc   __CLK_lat1end
00011300   _TSK_exit
000114a0   __auto_init
000116e0   _TSK_startup
000117a0   _KNL_check
000117f0   __KNL_lat1beg
00011878   _KNL_idle
00011878   __KNL_lat1end
0001189c   _KNL_max
000118e0   _GBL_cslCacheInit
000119c0   _KNL_exit
00011a14   _KNL_enter
00011aa0   _SEM_postEnterKnl
00011b80   _SEM_post
00011b80   _SEM_postBinary
00011c60   _CLK_measure
00011d40   _KNL_ipost
00011e00   _KNL_post
00011ec0   _LCK_post
00011ef0   _LCK_pend
00011f80   _SYS_exit
00012040   CLK_F_getfhtime
00012060   CLK_F_gethtime
00012060   CLK_F_getshtime
00012060   CLK_TIMEFXN
00012100   FXN_F_nop
00012108   FXN_F_run
00012108   _FXN_F_run
00012158   FXN_F_zero
00012158   _FXN_F_zero
00012180   IDL_F_busy
00012180   __IDL_lat1beg
000121d0   __IDL_lat1end
00012200   LOG_F_event
00012200   _LOG_event
00012200   __LOG_lat1beg
00012280   STS_F_delta
00012280   _STS_delta
000122b8   STS_F_add
000122b8   _STS_add
000122e4   STS_F_reset
000122e4   _STS_reset
00012300   IDL_F_calibrate
00012380   _SYS_error
000123e0   _HWI_disable
000123f8   _HWI_enable
0001240c   _HWI_restore
00012440   _SEM_pend
000124a0   _SYS_abort
00012500   SYS_PUTCFXN
00012500   _UTL_doPutc
00012560   _CLK_start
000125c0   IDL_CALIBRFXN
000125c0   IDL_F_stub
00012600   RTA_F_andn
00012620   RTA_F_or
00012640   SYS_ABORTFXN
00012640   _UTL_doAbort
00012680   _CLK_stop
000126c0   GIO_CREATEFXN
000126c0   GIO_DELETEFXN
000126c0   GIO_PENDFXN
000126c0   GIO_POSTFXN
000126c0   TSK_VCREATEFXN
000126c0   TSK_VDELETEFXN
000126c0   TSK_VEXITFXN
000126c0   _FXN_F_nop
000126e0   _GBL_getVersion
00012700   IDL_F_loop
00012700   _IDL_loop
00012720   _STS_set
00012740   SYS_ERRORFXN
00012740   _UTL_doError
00012760   SYS_EXITFXN
00012760   _UTL_halt
00012780   ___cinit__
00012780   cinit
000138c0   _RTDX_Poll
00013cc0   _RTDX_Buffer_WriteCB
00014300   _RTDX_Mon_Queue
00014520   _RTDX_Init_RT_Monitor
000145a0   _RTDX_Buffer_Initialize
00014600   _RTDX_Buffer_ReadCB
00014660   _RTDX_Buffer_Size
000146a0   _RTDX_Final_RT_Monitor
000146e0   _RTDX_Buffer_Read
00014700   _RTDX_Buffer_Write
00014740   _RTDX_Mask_IER
00014760   ___atexit_func_id__
00014910   __IRQ_eventTable
00014994   __IRQ_intTable
000149d4   __IRQ_dispatchTable
000149dc   _KNL_queues
00014a7c   _KNL_dummy
00014ab4   _TSK_ATTRS
00014ad0   _TSK_config
00014af0   _TSK_timerSem
00014b10   _OBJ_table
00014b48   _OBJ_segtab
00014b64   __TSK_mutex
00014b8c   __MEM_mutex
00014bb4   _Config
00014bdc   _powratiobuffs
00014be8   _Mbuffs
00014ca8   __MCBSP_hDev0
00014cac   __MCBSP_hDev1
00014d08   _SYS_exitStack
00014d44   __cleanup_ptr
00014d48   __dtors_ptr
00014d4c   ___TI_enable_exit_profile_output
00014d50   __lock
00014d54   __unlock
00014d68   _errno
00014d6c   _dtors
00014d70   RTA_fromHost$buf
00014d80   BIOS_init
00014d80   _BIOS_init
00014efc   BIOS$$CLKON
00014f3c   BIOS$$CLKOFF
00014fa4   BIOS_start
00014fa4   _BIOS_start
00015060   _MEM_init
00015140   _c_int00
00015200   _TSK_init
00015280   _OBJ_init
000152a0   _RTDX_Buffer
000156a8   _RTDX_Buffer_Start
000156ac   _RTDX_Buffer_End
000156b0   _rtdx_buffer_state
000156bc   _RTDX_writing
000156d0   _rtdx_mon_state
000156f0   TSK_idle$stack
00015a88   TSK_idle$stkptr
00015af0   GBL_stackbeg
00015af0   _HWI_STKTOP
00015af0   __stack
00015ee8   _HWI_STKBOTTOM
00015eef   GBL_stackend
00015ef0   $bss
00015ef0   .bss
00015ef0   _HWI_dispatchTab
00015ef0   ___bss__
00015ff0   IDL_D_tabbeg
00015ff4   IDL_D_calibrate
00015ff8   IDL_D_calbeg
00015ffc   LOG_D_system
00015ffc   _LOG_D_system
00016000   PIP_D_tabbeg
00016004   PIP_D_tablen
00016008   CLK_R_time
0001600c   CLK_D_timefxn
00016010   CLK_D_tabbeg
00016014   CLK_D_isrhook
00016018   CLK_D_idletime
0001601c   _CLK_htimeDiv
00016020   _CLK_htimeMult
00016024   _CLK_ltimeDiv
00016028   _CLK_ltimeMult
0001602c   _CLK_D_dirty
00016030   _CLK_D_prd
00016034   _CLK_D_tddr
00016038   _CLK_D_countspms
0001603c   PRD_D_tick
0001603c   _PRD_D_tick
00016040   PRD_D_cur
00016044   PRD_D_elapsed
00016048   PRD_D_prevtim
0001604c   PRD_D_scalar
00016050   PRD_D_swihandle
00016054   PRD_D_tabbeg
00016058   PRD_D_tablen
0001605c   PRD_D_thook
00016060   RTA_D_fromHost
00016064   RTA_D_toHost
00016068   RTA_D_logval
00016078   RTA_D_stsval
00016084   HST_D_chanmask
00016088   HST_D_tabbeg
0001608c   HST_D_tabend
00016090   _GBL_procId
00016094   _GBL_clkIn
00016098   _GBL_freq
0001609c   _MEM_D_NUMSEGMENTS
000160a0   _MEM_D_memtab
000160a4   _MEM_D_freelist
000160a8   _MEM_D_lockaddr
000160ac   _MEM_D_unlockaddr
000160b0   _SYS
000160b4   __HOOK_knlId
000160b8   __HOOK_NUMHOOKS
000160bc   SWI_D_runaddr
000160bc   _SWI_D_runaddr
000160bc   _SWI_data
000160c0   SWI_D_execaddr
000160c0   _SWI_D_execaddr
000160c4   SWI_D_curmask
000160c4   _SWI_D_curmask
000160c8   SWI_D_curset
000160c8   _SWI_D_curset
000160cc   SWI_D_lock
000160cc   _SWI_D_lock
000160d0   SWI_D_curmbox
000160d4   SWI_D_curfxn
000160d4   _SWI_D_curfxn
000160d8   SWI_D_rdybeg
000160d8   _SWI_D_rdybeg
000160dc   SWI_D_inswi
000160dc   _SWI_D_inswi
000160e0   SWI_D_rdytab
00016158   _alpha
0001615c   _lambda
00016160   _kop1
00016164   _nonlinclip
00016168   _postgain
0001616c   _H_Codec
00016170   _inbuffer
00016174   _outbuffer
00016178   _inwin
0001617c   _outwin
00016180   _powbinstate
00016184   _procframe
00016188   _procframeprepipe
0001618c   _ingain
00016190   _outgain
00016194   _cpufrac
00016198   _io_ptr
0001619c   _frame_ptr
000161a8   _KNL_wFlag
000161ac   _KNL_wList
000161b0   _KNL_alarm
000161b4   _KNL_setpri
000161b8   _KNL_inactive
000161bc   _KNL_priority
000161c0   _KNL_set
000161c4   _KNL_curtask
000161c8   _KNL_prevtask
000161cc   _KNL_curtime
000161d0   _KNL_swiptr
000161d4   _KNL_curqueue
000161d8   _KNL_maxqueue
000161dc   _KNL_tswitchfxn
000161e0   _KNL_tcreatefxn
000161e4   _KNL_tdeletefxn
000161e8   _KNL_treadyfxn
000161ec   _KNL_idlefxn
000161f0   _MEM_memtab
000161fc   HST_DSMBUFSEG
000161fc   IRAM
000161fc   MEM_MALLOCSEG
000161fc   MEM_SEGZERO
000161fc   RTDX_DATAMEMSEG
000161fc   _IRAM
00016200   RTA_fromHost$pipe$dtab
0001620c   RTA_toHost$pipe$dtab
00016218   HWI_D_spsave
00016218   _HWI_D_spsave
00016218   _HWI_data
00016224   _HWI_D_inhwi
00016228   HWI_D_bss
0001622c   HWI_D_ccmask
00016230   LNK_dspFrameRequestMask
00016230   _LNK_dspFrameRequestMask
00016234   LNK_dspFrameReadyMask
00016234   _LNK_dspFrameReadyMask
00016238   LNK_readPend
00016238   _LNK_readPend
0001623c   LNK_readDone
0001623c   _LNK_readDone
00016240   LNK_readFail
00016240   _LNK_readFail
00016244   LNK_writeFail
00016244   _LNK_writeFail
00016250   _rtdxNullChanCnt
00016254   _rtdxNullFuncCnt
00016258   _TSK_nTasks
0001625c   _TSK_pid
00016260   _TSK
00016264   _CLK_DFLTMICROSECS
00016268   _CLK_D_microseconds
0001626c   _SYS_exitStackPtr
00016270   _SYS_exitStackTop
00016274   _DSK6713_AIC23_codeccontrolhandle
00016278   _DSK6713_AIC23_codecdatahandle
0001627c   _CLK_htimePerLtime
00016284   IDL_D_busyObj
00016288   _MEM
0001628c   _DSK6713_version
0001628e   ___end__
0001628e   end
00016290   _SYS_PUTCBEG
0001648f   _SYS_PUTCEND
00016591   KNL_swi$sts$maxfmt
00016599   KNL_swi$sts$sumfmt
000165a0   TSK_idle
000165a0   _TSK_idle
000165a1   KNL_swi$sts$avgfmt
000165ab   TSK_idle$sts$maxfmt
000165b3   TSK_idle$sts$sumfmt
000165bb   TSK_idle$sts$avgfmt
000165c5   IDL_busyObj$maxfmt
000165c8   IDL_busyObj$sumfmt
000165cb   IDL_busyObj$avgfmt
000165f4   ___pinit__
000165f4   pinit
00016600   LOG_system$buf
00016700   RTA_toHost$buf
00016800   PIP_A_TABBEG
00016800   RTA_fromHost$pipe
00016800   _PIP_A_TABBEG
00016804   RTA_fromHost$pipe$rd
00016830   RTA_fromHost$pipe$aaa
00016834   RTA_fromHost$pipe$wr
00016860   RTA_fromHost$pipe$bbb
00016864   RTA_toHost$pipe
00016868   RTA_toHost$pipe$rd
00016894   RTA_toHost$pipe$aaa
00016898   RTA_toHost$pipe$wr
000168c4   RTA_toHost$pipe$bbb
000168c8   PIP_A_TABEND
000168c8   _PIP_A_TABEND
00016908   HST_A_TABBEG
00016908   _HST_A_TABBEG
0001690c   RTA_fromHost
0001690c   _RTA_fromHost
00016914   RTA_fromHost$rtdx
00016928   RTA_toHost
00016928   _RTA_toHost
00016930   RTA_toHost$rtdx
00016944   HST_A_TABEND
00016944   KNL_swi$sts$stsobj
00016944   STS_A_TABBEG
00016944   _HST_A_TABEND
00016944   _STS_A_TABBEG
00016948   KNL_swi$sts
00016954   TSK_idle$sts$stsobj
00016958   TSK_idle$sts
00016964   IDL_busyObj$stsobj
00016968   IDL_busyObj
00016968   _IDL_busyObj
00016974   KNL_swi
00016974   STS_A_TABEND
00016974   SWI_A_TABBEG
00016974   _KNL_swi
00016974   _STS_A_TABEND
000169a0   SWI_A_TABEND
000169c8   LOG_A_TABBEG
000169c8   LOG_system
000169c8   _LOG_A_TABBEG
000169c8   _LOG_system
000169e0   IDL_A_TABBEG
000169e0   IDL_cpuLoad
000169e0   LOG_A_TABEND
000169e0   _IDL_cpuLoad
000169e0   _LOG_A_TABEND
000169e4   LNK_dataPump
000169e4   _LNK_dataPump
000169e8   RTA_dispatcher
000169e8   _RTA_dispatcher
000169ec   IDL_END
000169f0   IDL_A_CALBEG
000169f0   IDL_cpuLoad$
000169f4   LNK_dataPump$
000169f8   RTA_dispatcher$
000169fc   IDL_END$
00016a00   SYS$config
00016a10   TRC_cinit
00016a14   TRC_R_mask
00016a14   _TRC_R_mask
00016a18   GBL_initdone
00016a1c   CLK_A_TABBEG
00016a1c   PRD_clock
00016a1c   _PRD_clock
00016a20   CLK_null
00036ee8   CLK_LTIMEMULT
00036ee8   GBL_FREQ
01940000   CLK_REGS
01940000   _CLK_REGS
082039a3   HWI_INTRMULTHIGH
310718ae   HWI_INTRMULTLOW
ffffffff   SDRAM
ffffffff   _SDRAM
ffffffff   ___TI_pprof_out_hndl
ffffffff   ___TI_prof_data_size
ffffffff   ___TI_prof_data_start
ffffffff   ___binit__
ffffffff   ___c_args__
ffffffff   binit

[781 symbols]
