******************************************************************************
               TMS320C6x Linker PC v6.1.15                     
******************************************************************************
>> Linked Wed Mar 13 20:26:03 2013

OUTPUT FILE NAME:   <RTDSP.out>
ENTRY POINT SYMBOL: "_c_int00"  address: 00014fa0


MEMORY CONFIGURATION

         name            origin    length      used     unused   attr    fill
----------------------  --------  ---------  --------  --------  ----  --------
  IRAM                  00000000   00040000  0001685b  000297a5  RWIX
  SDRAM                 80000000   00800000  00000000  00800000  RWIX


SECTION ALLOCATION MAP

 output                                  attributes/
section   page    origin      length       input sections
--------  ----  ----------  ----------   ----------------
.vers      0    00000000    00000040     COPY SECTION
                  00000000    00000040     dsp_bios_cfg.obj (.vers)

.prd       0    00000000    00000000     UNINITIALIZED

.hwi_vec   0    00000000    00000200     
                  00000000    00000200     dsp_bios_cfg.obj (.hwi_vec)

.data      0    00000000    00000000     UNINITIALIZED

.IRAM$heap 
*          0    00000200    00008000     UNINITIALIZED
                  00000200    00008000     --HOLE--

.text      0    00008200    00005920     
                  00008200    00000b40     enhance.obj (.text)
                  00008d40    00000900     rts6700.lib : divd.obj (.text:__divd)
                  00009640    000008e0     fft_functions.obj (.text)
                  00009f20    00000680     complex.obj (.text)
                  0000a5a0    00000620     rts6700.lib : divf.obj (.text:__divf)
                  0000abc0    00000480     dsk6713bslccsv4.lib : dsk6713.obj (.text)
                  0000b040    00000380     rts6700.lib : frcmpyd_div.obj (.text:__frcmpyd_div)
                  0000b3c0    00000340                 : cos.obj (.text:_cos)
                  0000b700    00000320                 : sin.obj (.text:_sin)
                  0000ba20    000002e0     dsk6713bslccsv4.lib : dsk6713_aic23_opencodec.obj (.text)
                  0000bd00    00000280     rts6700.lib : exp.obj (.text:_exp)
                  0000bf80    00000240                 : memcpy62.obj (.text:_memcpy)
                  0000c1c0    00000240                 : sqrt.obj (.text:_sqrt)
                  0000c400    000001c0     csl6713.lib : csl_irq.obj (.text:_IRQ_map)
                  0000c5c0    000001a0                 : csl_mcbsp.obj (.text:_MCBSP_reset)
                  0000c760    000001a0     rts6700.lib : ldexp.obj (.text:_ldexp)
                  0000c900    00000180     bios.a67 : gbl_cslpllinit62.o67 (.text)
                  0000ca80    00000180     dsk6713bslccsv4.lib : dsk6713_aic23_registers.obj (.text)
                  0000cc00    00000140     rts6700.lib : strasg.obj (.text:__strasgi)
                  0000cd40    00000120                 : sinit.obj (.text:_call_dtors)
                  0000ce60    00000120                 : frexp.obj (.text:_frexp)
                  0000cf80    00000120                 : memset.obj (.text:_memset)
                  0000d0a0    00000100     csl6713.lib : csl_mcbsp.obj (.text:_MCBSP_open)
                  0000d1a0    00000100                 : csl_mcbsp.obj (.text:_MCBSP_start)
                  0000d2a0    00000100     rts6700.lib : atexit.obj (.text:_atexit)
                  0000d3a0    000000e0                 : frcmpyf_div.obj (.text:__frcmpyf_div)
                  0000d480    000000e0                 : round.obj (.text:__nround)
                  0000d560    000000e0     dsk6713bslccsv4.lib : helper_functions_ISR.obj (.text)
                  0000d640    000000c0     rts6700.lib : modf.obj (.text:_modf)
                  0000d700    000000c0     bios.a67 : tsk_stup.o67 (.text)
                  0000d7c0    000000a0     rts6700.lib : mpyll.obj (.text:__mpyll)
                  0000d860    000000a0     csl6713.lib : csl_irq.obj (.text:_setMux)
                  0000d900    00000040                 : csl_irq.obj (.text:_IRQ_enable)
                  0000d940    00000040     rts6700.lib : sinit.obj (.text:___add_dtor)
                  0000d980    00000040                 : divd.obj (.text:___isnan)
                  0000d9c0    00000040                 : divf.obj (.text:___isnanf)
                  0000da00    00000040                 : trunc.obj (.text:__trunc)
                  0000da40    00000020     csl6713.lib : csl_irq.obj (.text:_IRQ_globalDisable)
                  0000da60    00000020                 : csl_irq.obj (.text:_IRQ_globalEnable)
                  0000da80    00000020                 : csl_irq.obj (.text:_IRQ_nmiEnable)
                  0000daa0    00000020     rts6700.lib : _lock.obj (.text:__nop)
                  0000dac0    00000020                 : _lock.obj (.text:__register_lock)
                  0000dae0    00000020                 : _lock.obj (.text:__register_unlock)
                  0000db00    00000020     csl6713.lib : csl_irq.obj (.text)

.bios      0    0000db20    00004ac0     
                  0000db20    00000600     lnkrtdx.a67 : rtdx.o67 (.bios)
                  0000e120    000005e0     bios.a67 : gbl_setL2CacheMode.o67 (.bios)
                  0000e700    00000540              : swi.o67 (.bios)
                  0000ec40    00000460              : hwi_disp_asm.o67 (.bios)
                  0000f0a0    000003e0              : malloc.o67 (.bios)
                  0000f480    000003a0              : prd.o67 (.bios)
                  0000f820    000002c0              : knl_run.o67 (.bios)
                  0000fae0    000002c0              : rta.o67 (.bios)
                  0000fda0    000002c0              : sem_pend.o67 (.bios)
                  00010060    00000280              : mem_allo.o67 (.bios:.near)
                  000102e0    00000260              : knl_tick.o67 (.bios)
                  00010540    00000240              : mem_free.o67 (.bios:.near)
                  00010780    00000240              : pip.o67 (.bios)
                  000109c0    00000220              : sem_dopo.o67 (.bios)
                  00010be0    00000200              : tsk_setu.o67 (.bios)
                  00010de0    000001c0              : knl_swit.o67 (.bios)
                  00010fa0    000001c0     biosC6000.a67 : clk.o67 (.bios)
                  00011160    000001a0     bios.a67 : tsk_exit.o67 (.bios)
                  00011300    00000180              : autoinit.o67 (.bios)
                  00011480    00000180              : tsk_stup.o67 (.bios)
                  00011600    00000140              : knl_chec.o67 (.bios)
                  00011740    000000e0              : gbl_cslcacheinit.o67 (.bios)
                  00011820    000000e0              : knl_exit.o67 (.bios)
                  00011900    000000e0              : sem_post.o67 (.bios)
                  000119e0    000000e0              : sem_post_asm.o67 (.bios)
                  00011ac0    000000e0     biosC6000.a67 : clk_meas.o67 (.bios)
                  00011ba0    000000c0     bios.a67 : knl_ipos.o67 (.bios)
                  00011c60    000000c0              : knl_post.o67 (.bios)
                  00011d20    000000c0              : lck.o67 (.bios)
                  00011de0    000000c0              : sys_exit.o67 (.bios)
                  00011ea0    000000c0     biosC6000.a67 : clk_htime.o67 (.bios)
                  00011f60    00000080     bios.a67 : fxn.o67 (.bios)
                  00011fe0    00000080              : idl_busy.o67 (.bios)
                  00012060    00000080              : log.o67 (.bios)
                  000120e0    00000080              : sts.o67 (.bios)
                  00012160    00000080     biosC6000.a67 : idl_cal.o67 (.bios)
                  000121e0    00000060     bios.a67 : sys_erro.o67 (.bios:.near)
                  00012240    00000060              : hwi_c.o67 (.bios)
                  000122a0    00000060              : sem_pend_counting.o67 (.bios)
                  00012300    00000060              : sys_abor.o67 (.bios)
                  00012360    00000060              : utl_putc.o67 (.bios)
                  000123c0    00000060     biosC6000.a67 : clk_start.o67 (.bios)
                  00012420    00000040     bios.a67 : idl_stub.o67 (.bios)
                  00012460    00000040              : rta_andn.o67 (.bios)
                  000124a0    00000040              : utl_doab.o67 (.bios)
                  000124e0    00000040     biosC6000.a67 : clk_stop.o67 (.bios)
                  00012520    00000020     bios.a67 : fxn_c.o67 (.bios)
                  00012540    00000020              : gbl_vers.o67 (.bios)
                  00012560    00000020              : idl.o67 (.bios)
                  00012580    00000020              : sts_set.o67 (.bios)
                  000125a0    00000020              : utl_doer.o67 (.bios)
                  000125c0    00000020              : utl_halt.o67 (.bios)

.cinit     0    000125e0    0000112c     
                  000125e0    000005ac     dsp_bios_cfg.obj (.cinit)
                  00012b8c    00000004     --HOLE-- [fill = 0]
                  00012b90    0000026c     bios.a67 : biosdata.o67 (.cinit)
                  00012dfc    00000004     --HOLE-- [fill = 0]
                  00012e00    000001a4              : knl.o67 (.cinit)
                  00012fa4    00000004     --HOLE-- [fill = 0]
                  00012fa8    0000012c     csl6713.lib : csl_irq.obj (.cinit)
                  000130d4    00000004     --HOLE-- [fill = 0]
                  000130d8    000000b0     bios.a67 : swi.o67 (.cinit)
                  00013188    000000ac     enhance.obj (.cinit)
                  00013234    00000004     --HOLE-- [fill = 0]
                  00013238    00000070     bios.a67 : tsk.o67 (.cinit)
                  000132a8    00000060              : tsk_stup.o67 (.cinit)
                  00013308    0000005c     lnkrtdx.a67 : rtdx.o67 (.cinit)
                  00013364    00000004     --HOLE-- [fill = 0]
                  00013368    00000054     csl6713.lib : csl_mcbsp.obj (.cinit)
                  000133bc    00000004     --HOLE-- [fill = 0]
                  000133c0    0000004c     bios.a67 : rta.o67 (.cinit)
                  0001340c    00000004     --HOLE-- [fill = 0]
                  00013410    0000004c     rtdx.lib : buffer1.o62 (.cinit)
                  0001345c    00000004     --HOLE-- [fill = 0]
                  00013460    00000048     rts6700.lib : cos.obj (.cinit)
                  000134a8    00000048                 : sin.obj (.cinit)
                  000134f0    00000040                 : exp.obj (.cinit)
                  00013530    00000034     bios.a67 : hwi.o67 (.cinit)
                  00013564    00000004     --HOLE-- [fill = 0]
                  00013568    00000030     dsk6713bslccsv4.lib : dsk6713_aic23_registers.obj (.cinit)
                  00013598    0000002c     bios.a67 : utl_putc.o67 (.cinit)
                  000135c4    00000004     --HOLE-- [fill = 0]
                  000135c8    0000002c     rts6700.lib : exit.obj (.cinit)
                  000135f4    00000004     --HOLE-- [fill = 0]
                  000135f8    00000024     bios.a67 : obj_init.o67 (.cinit)
                  0001361c    00000004     --HOLE-- [fill = 0]
                  00013620    0000001c              : sys.o67 (.cinit)
                  0001363c    00000004     --HOLE-- [fill = 0]
                  00013640    0000001c     rts6700.lib : _lock.obj (.cinit)
                  0001365c    00000004     --HOLE-- [fill = 0]
                  00013660    0000001c                 : atexit.obj (.cinit)
                  0001367c    00000004     --HOLE-- [fill = 0]
                  00013680    00000018     bios.a67 : knl_tick.o67 (.cinit)
                  00013698    00000010     rts6700.lib : divd.obj (.cinit)
                  000136a8    00000010                 : divf.obj (.cinit)
                  000136b8    0000000c     bios.a67 : gbl_setL2CacheMode.o67 (.cinit)
                  000136c4    00000004     --HOLE-- [fill = 0]
                  000136c8    0000000c              : idl_busy.o67 (.cinit)
                  000136d4    00000004     --HOLE-- [fill = 0]
                  000136d8    0000000c              : knl_swit.o67 (.cinit)
                  000136e4    00000004     --HOLE-- [fill = 0]
                  000136e8    0000000c     rts6700.lib : errno.obj (.cinit)
                  000136f4    00000004     --HOLE-- [fill = 0]
                  000136f8    0000000c                 : sinit.obj (.cinit)
                  00013704    00000004     --HOLE-- [fill = 0]
                  00013708    00000004     (.pad.cinit) [fill = 0]

.hst1      0    0001370c    00000010     UNINITIALIZED
                  0001370c    00000010     dsp_bios_cfg.obj (.hst1)

.args      0    0001371c    00000004     
                  0001371c    00000004     --HOLE-- [fill = 0]

.rtdx_text 
*          0    00013720    00000ea0     
                  00013720    00000400     rtdx.lib : rtdx_mon.o62 (.rtdx_text:_RTDX_Poll)
                  00013b20    00000340              : buffer1.o62 (.rtdx_text:_RTDX_Buffer_WriteCB)
                  00013e60    00000300              : buffer1.o62 (.rtdx_text:_RTDX_write_next)
                  00014160    00000140              : rtdx_mon.o62 (.rtdx_text:_RTDX_Mon_Queue)
                  000142a0    000000e0              : buffer1.o62 (.rtdx_text:_claim)
                  00014380    00000080              : rtdx_mon.o62 (.rtdx_text:_RTDX_Init_RT_Monitor)
                  00014400    00000060              : buffer1.o62 (.rtdx_text:_RTDX_Buffer_Initialize)
                  00014460    00000060              : buffer2.o62 (.rtdx_text:_RTDX_Buffer_ReadCB)
                  000144c0    00000040              : buffer1.o62 (.rtdx_text:_RTDX_Buffer_Size)
                  00014500    00000040              : rtdx_mon.o62 (.rtdx_text:_RTDX_Final_RT_Monitor)
                  00014540    00000020              : buffer2.o62 (.rtdx_text:_RTDX_Buffer_Read)
                  00014560    00000020              : buffer1.o62 (.rtdx_text:_RTDX_Buffer_Write)
                  00014580    00000020              : rtdx_mon.o62 (.rtdx_text:_RTDX_checksum)
                  000145a0    00000020              : intr_tgt.o62 (.rtdx_text)

.far       0    000145c0    00000604     UNINITIALIZED
                  000145c0    00000188     rts6700.lib : atexit.obj (.far)
                  00014748    000000f4     csl6713.lib : csl_irq.obj (.far)
                  0001483c    000000d8     bios.a67 : knl.o67 (.far)
                  00014914    0000005c              : tsk.o67 (.far)
                  00014970    00000054              : obj_init.o67 (.far)
                  000149c4    00000050              : tsk_stup.o67 (.far)
                  00014a14    00000004     rts6700.lib : errno.obj (.far)
                  00014a18    00000040                 : cos.obj (.far)
                  00014a58    00000040                 : sin.obj (.far)
                  00014a98    00000038     csl6713.lib : csl_mcbsp.obj (.far)
                  00014ad0    00000038     enhance.obj (.far)
                  00014b08    00000030     rts6700.lib : exp.obj (.far)
                  00014b38    00000028     dsk6713bslccsv4.lib : dsk6713_aic23_registers.obj (.far)
                  00014b60    00000020     bios.a67 : sys.o67 (.far)
                  00014b80    00000010              : knl_tick.o67 (.far)
                  00014b90    0000000c              : utl_putc.o67 (.far)
                  00014b9c    0000000c     rts6700.lib : exit.obj (.far)
                  00014ba8    00000008                 : _lock.obj (.far)
                  00014bb0    00000008                 : divd.obj (.far)
                  00014bb8    00000008                 : divf.obj (.far)
                  00014bc0    00000004                 : sinit.obj (.far)

.log       0    00014bc4    00000018     
                  00014bc4    00000018     dsp_bios_cfg.obj (.log)

.mem       0    00014bdc    00000004     UNINITIALIZED
                  00014bdc    00000004     dsp_bios_cfg.obj (.mem)

.sysinit   0    00014be0    00000520     
                  00014be0    000002e0     dsp_bios_cfg.obj (.sysinit)
                  00014ec0    000000e0     bios.a67 : mem_init.o67 (.sysinit)
                  00014fa0    000000c0              : boot.o67 (.sysinit)
                  00015060    00000080              : tsk_init.o67 (.sysinit)
                  000150e0    00000020              : obj_init.o67 (.sysinit)

.rtdx_data 
*          0    00015100    0000044c     UNINITIALIZED
                  00015100    00000410     dsp_bios_cfg.obj (.rtdx_data)
                  00015510    00000020     rtdx.lib : buffer1.o62 (.rtdx_data)
                  00015530    0000001c              : rtdx_mon.o62 (.rtdx_data)

.TSK_idle$stk 
*          0    00015550    00000400     UNINITIALIZED
                  00015550    00000400     dsp_bios_cfg.obj (.TSK_idle$stk)

.stack     0    00015950    00000400     UNINITIALIZED
                  00015950    00000400     --HOLE--

.bss       0    00015d50    00000396     UNINITIALIZED
                  00015d50    00000100     bios.a67 : hwi_disp_asm.o67 (.bss)
                  00015e50    000000cc              : biosdata.o67 (.bss)
                  00015f1c    0000009c              : swi.o67 (.bss)
                  00015fb8    00000048              : knl.o67 (.bss)
                  00016000    00000048     enhance.obj (.bss)
                  00016048    00000028     dsp_bios_cfg.obj (.bss)
                  00016070    00000018     bios.a67 : hwi.o67 (.bss)
                  00016088    00000018     lnkrtdx.a67 : rtdx.o67 (.bss)
                  000160a0    00000010     rtdx.lib : buffer1.o62 (.bss)
                  000160b0    0000000c     bios.a67 : tsk.o67 (.bss)
                  000160bc    00000008              : clk_data.o67 (.bss)
                  000160c4    00000008              : sys.o67 (.bss)
                  000160cc    00000008     dsk6713bslccsv4.lib : dsk6713_aic23_opencodec.obj (.bss)
                  000160d4    00000004     bios.a67 : clk_data2.o67 (.bss)
                  000160d8    00000004              : gbl_setL2CacheMode.o67 (.bss)
                  000160dc    00000004              : idl_busy.o67 (.bss)
                  000160e0    00000004              : mem_asm.o67 (.bss)
                  000160e4    00000002     dsk6713bslccsv4.lib : dsk6713.obj (.bss)

.trace     0    000160e8    00000200     
                  000160e8    00000200     --HOLE-- [fill = 00000000]

.const     0    000162e8    00000101     
                  000162e8    0000004e     bios.a67 : tsk_stup.o67 (.const)
                  00016336    00000002     --HOLE-- [fill = 0]
                  00016338    00000040     dsk6713bslccsv4.lib : dsk6713_aic23_opencodec.obj (.const)
                  00016378    00000023     bios.a67 : utl_doab.o67 (.const)
                  0001639b    00000022              : utl_doer.o67 (.const)
                  000163bd    00000003     --HOLE-- [fill = 0]
                  000163c0    00000020     dsk6713bslccsv4.lib : dsk6713.obj (.const)
                  000163e0    00000004     bios.a67 : mem_allo.o67 (.const)
                  000163e4    00000004              : mem_free.o67 (.const)
                  000163e8    00000001              : tsk.o67 (.const)

.printf    0    000163e9    0000003f     COPY SECTION
                  000163e9    0000003f     dsp_bios_cfg.obj (.printf)

.idl       0    000163ec    00000010     UNINITIALIZED
                  000163ec    00000010     dsp_bios_cfg.obj (.idl)

.LOG_system$buf 
*          0    00016400    00000100     UNINITIALIZED
                  00016400    00000100     dsp_bios_cfg.obj (.LOG_system$buf)

.hst0      0    00016500    00000100     UNINITIALIZED
                  00016500    00000100     dsp_bios_cfg.obj (.hst0)

.pip       0    00016600    000000c8     UNINITIALIZED
                  00016600    000000c8     dsp_bios_cfg.obj (.pip)

.tsk       0    000166c8    00000060     UNINITIALIZED
                  000166c8    00000060     dsp_bios_cfg.obj (.tsk)

.gblinit   0    00016728    00000040     
                  00016728    00000040     dsp_bios_cfg.obj (.gblinit)

.hst       0    00016768    0000003c     UNINITIALIZED
                  00016768    0000003c     dsp_bios_cfg.obj (.hst)

.sts       0    000167a4    00000030     
                  000167a4    00000030     dsp_bios_cfg.obj (.sts)

.swi       0    000167d4    0000002c     UNINITIALIZED
                  000167d4    0000002c     dsp_bios_cfg.obj (.swi)

.switch    0    00016800    00000028     
                  00016800    00000028     rtdx.lib : rtdx_mon.o62 (.switch)

.idlcal    0    00016828    00000010     UNINITIALIZED
                  00016828    00000010     dsp_bios_cfg.obj (.idlcal)

.sys       0    00016838    00000010     UNINITIALIZED
                  00016838    00000010     dsp_bios_cfg.obj (.sys)

.pinit     0    00016848    0000000c     
                  00016848    00000004     rtdx.lib : buffer1.o62 (.pinit)
                  0001684c    00000004              : rtdx_mon.o62 (.pinit)
                  00016850    00000004     --HOLE-- [fill = 0]

.trcdata   0    00016854    0000000c     
                  00016854    0000000c     bios.a67 : trc.o67 (.trcdata)

.clk       0    00016860    00000008     UNINITIALIZED
                  00016860    00000008     dsp_bios_cfg.obj (.clk)


GLOBAL SYMBOLS: SORTED ALPHABETICALLY BY Name 

address    name
--------   ----
00015d50   $bss
00015d50   .bss
00000000   .data
00008200   .text
00014d9c   BIOS$$CLKOFF
00014d5c   BIOS$$CLKON
00014be0   BIOS_init
00014e04   BIOS_start
00000000   BUF$
00000001   BUF_ENABLED
00000001   CLK$
00016860   CLK_A_TABBEG
00000001   CLK_CALDIV
00000004   CLK_CALMULT
0000dbba   CLK_COUNTSPMS
00000000   CLK_COUNTSPMSHIGH
00015e78   CLK_D_idletime
00015e74   CLK_D_isrhook
00015e70   CLK_D_tabbeg
00015e6c   CLK_D_timefxn
00011ea0   CLK_F_getfhtime
00011ec0   CLK_F_gethtime
00010fa0   CLK_F_getltime
00011ec0   CLK_F_getshtime
00010fb4   CLK_F_isr
00011114   CLK_F_itime
0000ec40   CLK_HOOKFXN
00000001   CLK_HTIMEDIV
00000004   CLK_HTIMEMULT
0000dbba   CLK_HTIMEPERLTIME
00004000   CLK_INTBIT
00000001   CLK_LTIMEDIV
00036ee8   CLK_LTIMEMULT
000003e8   CLK_MICROSECS
0000dbba   CLK_PRD
00000000   CLK_PRDHIGH
01940000   CLK_REGS
00015e68   CLK_R_time
00000020   CLK_TCR
00000000   CLK_TDDR
00000000   CLK_TDDRHIGH
00011ec0   CLK_TIMEFXN
00000000   CLK_TIMERNUM
00000001   CLK_USETIMER
00016864   CLK_null
00000000   DEV$
00000000   DGN$
00000000   DHL$
00000000   DHL_gChannelsAvailable
00000000   DIO$
00000000   DIO_NUMSWIBASE
00000000   DIO_NUMTSKBASE
00000000   DIO_STATIC
00000000   DPI$
00011f60   FXN_F_nop
00011f68   FXN_F_run
00011fb8   FXN_F_zero
00000001   GBL$
00005205   GBL_A_VERSION
00000000   GBL_BIGENDIAN
00000000   GBL_C641XL2PRIORITY
00000000   GBL_CACHE
00000001   GBL_CALLCSLCFGINIT
00004e20   GBL_CLKIN
00001770   GBL_CLKTYPE
00001a39   GBL_DSPSUBTYPE
0000003e   GBL_DSPTYPE
00000001   GBL_ENABLEINST
00000042   GBL_FOOTPRINT
00036ee8   GBL_FREQ
00002226   GBL_L2ALLOC
00000000   GBL_L2CONFIGALLOC
00000001   GBL_L2CONFIGURE
00000001   GBL_L2MARMASK
00000000   GBL_L2MARMASK1
00000000   GBL_L2MARMASK2
00000000   GBL_L2MARMASK3
00000000   GBL_L2MARMASK4
00000000   GBL_L2MARMASK5
00000000   GBL_L2MODE
00000000   GBL_L2PRIORITY
00000000   GBL_NULL
00000000   GBL_PROCID
00000000   GBL_ROM
00000000   GBL_SUPPORTCSL
0000dbef   GBL_TRCMASKVALUE
00000001   GBL_USERINIT
0000c928   GBL_USERINITFXN
00000001   GBL_boot
0001685c   GBL_initdone
00015950   GBL_stackbeg
00015d4f   GBL_stackend
00000000   GIO$
00012520   GIO_CREATEFXN
00012520   GIO_DELETEFXN
00012520   GIO_PENDFXN
00012520   GIO_POSTFXN
00000000   HOOK$
00000000   HOOK_KNLID
00000001   HST$
00016768   HST_A_TABBEG
000167a4   HST_A_TABEND
00000000   HST_DSM
00016054   HST_DSMBUFSEG
00000400   HST_DSMMEMSIZE
00015ee4   HST_D_chanmask
00015ee8   HST_D_tabbeg
00015eec   HST_D_tabend
000000ff   HST_MAXFRAMEALLOWED
00000040   HST_MAXFRAMESET
00000000   HST_NONE
00000001   HST_RTDX
00000001   HWI$
00000000   HWI_A_VECS
00004018   HWI_CFGDISPATCHED
00016080   HWI_D_bss
00016084   HWI_D_ccmask
00016070   HWI_D_spsave
0000ec40   HWI_F_dispatch
00000000   HWI_GENERATE_RESET_VEC
0000000a   HWI_INT10
00000000   HWI_INT10$hwi
0000000b   HWI_INT11
00000000   HWI_INT11$hwi
0000000c   HWI_INT12
00000000   HWI_INT12$hwi
0000000d   HWI_INT13
00000000   HWI_INT13$hwi
0000000e   HWI_INT14
00000000   HWI_INT14$hwi
0000000f   HWI_INT15
00000000   HWI_INT15$hwi
00000004   HWI_INT4
00000000   HWI_INT4$hwi
00000005   HWI_INT5
00000000   HWI_INT5$hwi
00000006   HWI_INT6
00000000   HWI_INT6$hwi
00000007   HWI_INT7
00000000   HWI_INT7$hwi
00000008   HWI_INT8
00000000   HWI_INT8$hwi
00000009   HWI_INT9
00000000   HWI_INT9$hwi
082039a3   HWI_INTRMULTHIGH
310718ae   HWI_INTRMULTLOW
00000001   HWI_NMI
00000000   HWI_NMI$hwi
00000000   HWI_POLARITYMASK
00000002   HWI_RESERVED0
00000000   HWI_RESERVED0$hwi
00000003   HWI_RESERVED1
00000000   HWI_RESERVED1$hwi
00000000   HWI_RESET
00000000   HWI_RESET$hwi
00000001   HWI_ZEROTAB
00000001   IDL$
00016828   IDL_A_CALBEG
000163ec   IDL_A_TABBEG
00000006   IDL_CALIBRERROR
00012420   IDL_CALIBRFXN
000160dc   IDL_D_busyObj
00015e58   IDL_D_calbeg
00015e54   IDL_D_calibrate
00015e50   IDL_D_tabbeg
000163f8   IDL_END
00016834   IDL_END$
00011fe0   IDL_F_busy
00012160   IDL_F_calibrate
00012560   IDL_F_loop
00012420   IDL_F_stub
00000001   IDL_USECLKIDLTIME
000167c8   IDL_busyObj
00016423   IDL_busyObj$avgfmt
00000001   IDL_busyObj$filter
00000001   IDL_busyObj$iA
00000000   IDL_busyObj$iB
00000001   IDL_busyObj$iC
0001641d   IDL_busyObj$maxfmt
00000000   IDL_busyObj$operation
000167c4   IDL_busyObj$stsobj
00016420   IDL_busyObj$sumfmt
00000002   IDL_busyObj$unittype
000163ec   IDL_cpuLoad
00016828   IDL_cpuLoad$
00016054   IRAM
00000200   IRAM$B
00008000   IRAM$L
00000001   ISRC$
00010f60   KNL_glue
000167d4   KNL_swi
00000001   KNL_swi$dorta
00000000   KNL_swi$ord
00000000   KNL_swi$pri
000167a8   KNL_swi$sts
000163f9   KNL_swi$sts$avgfmt
00000002   KNL_swi$sts$filter
00000001   KNL_swi$sts$filtmaxmult
00000001   KNL_swi$sts$filtsummult
000163e9   KNL_swi$sts$maxfmt
000167a4   KNL_swi$sts$stsobj
000163f1   KNL_swi$sts$sumfmt
00000000   KNL_swi$sts$unittype
00000000   KNL_swi$swi
00000001   LCK$
0000db20   LNK_F_checkBufferCall
0000dba0   LNK_F_dataPump
0000db40   LNK_F_getChanPtr
0000db98   LNK_F_init
0000e0e4   LNK_F_readCallBack
000163f0   LNK_dataPump
0001682c   LNK_dataPump$
0001608c   LNK_dspFrameReadyMask
00016088   LNK_dspFrameRequestMask
0000de40   LNK_newin
0000df80   LNK_newout
0000dbb4   LNK_rcloop
0000dc80   LNK_rdrtry
00016094   LNK_readDone
00016098   LNK_readFail
00016090   LNK_readPend
0000dc90   LNK_rrloop
0001609c   LNK_writeFail
0000dd64   LNK_wrloop
0000dd54   LNK_wrrtry
00000001   LOG$
00014bc4   LOG_A_TABBEG
00014bdc   LOG_A_TABEND
00000001   LOG_A_TABLEN
00015e5c   LOG_D_system
00000001   LOG_ENABLED
00012060   LOG_F_event
00014bc4   LOG_system
00016400   LOG_system$buf
00000000   LOG_system$datatype
00000000   LOG_system$log
00000040   LOG_system$size
00000000   MBX$
00000001   MEM$
00016054   MEM_MALLOCSEG
00000000   MEM_NULL
00016054   MEM_SEGZERO
00000000   MEM_USEMPC
00000001   MEM_gNumHeap
00000000   MSGQ$
00000000   MSGQ_USEMSGQ
00000000   OBJ$
00000000   PIP$
00016600   PIP_A_TABBEG
000166c8   PIP_A_TABEND
00000002   PIP_A_TABLEN
00015e60   PIP_D_tabbeg
00015e64   PIP_D_tablen
00010814   PIP_F_give
00010814   PIP_F_probe
000108e8   PIP_F_start
00010780   PIP_F_take
00000064   PIP_OBJSIZE
00000000   PIP_gNextId
00000002   PIP_gNumEmbed
00000000   POOL$
00000000   POOL_USEPOOL
00000001   PRD$
00000000   PRD_A_TABBEG
00000000   PRD_A_TABEND
00000000   PRD_A_TABLEN
00015ea0   PRD_D_cur
00015ea4   PRD_D_elapsed
00015ea8   PRD_D_prevtim
00015eac   PRD_D_scalar
00015eb0   PRD_D_swihandle
00015eb4   PRD_D_tabbeg
00015eb8   PRD_D_tablen
00015ebc   PRD_D_thook
00015e9c   PRD_D_tick
0000f480   PRD_F_swi
0000f740   PRD_F_tick
00004000   PRD_SCALAR
00000000   PRD_SWIHANDLE
00010520   PRD_THOOKFXN
00016860   PRD_clock
00000001   QUE$
00015ec0   RTA_D_fromHost
00015ec8   RTA_D_logval
00015ed8   RTA_D_stsval
00015ec4   RTA_D_toHost
00012460   RTA_F_andn
0000fbd8   RTA_F_dispatch
0000fae0   RTA_F_getlog
0000fb24   RTA_F_getsts
00012480   RTA_F_or
0000fb6c   RTA_F_readblk
0000fb98   RTA_F_resetmem
0000fb8c   RTA_F_writeword
000163f4   RTA_dispatcher
00016830   RTA_dispatcher$
0000fc28   RTA_execute
0001676c   RTA_fromHost
0001370c   RTA_fromHost$buf
00000004   RTA_fromHost$framesize
00000000   RTA_fromHost$hst
00000001   RTA_fromHost$id
00000000   RTA_fromHost$mode
00016600   RTA_fromHost$pipe
00016630   RTA_fromHost$pipe$aaa
00016660   RTA_fromHost$pipe$bbb
00016058   RTA_fromHost$pipe$dtab
00016604   RTA_fromHost$pipe$rd
00016634   RTA_fromHost$pipe$wr
00016774   RTA_fromHost$rtdx
00016788   RTA_toHost
00016500   RTA_toHost$buf
00000040   RTA_toHost$framesize
00000000   RTA_toHost$hst
00000000   RTA_toHost$id
00000001   RTA_toHost$mode
00016664   RTA_toHost$pipe
00016694   RTA_toHost$pipe$aaa
000166c4   RTA_toHost$pipe$bbb
00016064   RTA_toHost$pipe$dtab
00016668   RTA_toHost$pipe$rd
00016698   RTA_toHost$pipe$wr
00016790   RTA_toHost$rtdx
00000001   RTDX$
00000408   RTDX_BUFMEMSIZE
00016054   RTDX_DATAMEMSEG
00000000   RTDX_MODE
00000001   RTDX_NORMALIZED_HDR
00000001   RTDX_USERTDX
00000000   RTDX_USERTEXECUTION
ffffffff   SDRAM
00000000   SEM$
00000000   SIO$
00000001   STS$
000167a4   STS_A_TABBEG
000167d4   STS_A_TABEND
00012118   STS_F_add
000120e0   STS_F_delta
00012144   STS_F_reset
00000001   SWI$
000167d4   SWI_A_TABBEG
00016800   SWI_A_TABEND
00000001   SWI_A_TABLEN
00015f34   SWI_D_curfxn
00015f24   SWI_D_curmask
00015f30   SWI_D_curmbox
00015f28   SWI_D_curset
00015f20   SWI_D_execaddr
00015f3c   SWI_D_inswi
00015f2c   SWI_D_lock
00015f38   SWI_D_rdybeg
00015f40   SWI_D_rdytab
00015f1c   SWI_D_runaddr
00000000   SWI_EHOOKFXN
0000e91c   SWI_EXECFXN
0000e700   SWI_F_enable
0000e91c   SWI_F_exec
0000e948   SWI_F_iexec
0000e770   SWI_F_post
0000e9d8   SWI_F_run
00000000   SWI_IHOOKFXN
0000e9d8   SWI_RUNFXN
00000001   SYS$
00016838   SYS$config
000124a0   SYS_ABORTFXN
000125a0   SYS_ERRORFXN
000125c0   SYS_EXITFXN
00012360   SYS_PUTCFXN
00016858   TRC_R_mask
00016854   TRC_cinit
00000001   TSK$
00000000   TSK_NUM_HOOKS
00000001   TSK_PRIORITY
00000000   TSK_READYFXN
00000000   TSK_STACKSEG
00000400   TSK_STACKSIZE
00000000   TSK_SWITCHFXN
00012520   TSK_VCREATEFXN
00012520   TSK_VDELETEFXN
00012520   TSK_VEXITFXN
000166d4   TSK_idle
00000000   TSK_idle$ord
00000000   TSK_idle$pri
00015550   TSK_idle$stack
000158e8   TSK_idle$stkptr
000167b8   TSK_idle$sts
00016413   TSK_idle$sts$avgfmt
00000002   TSK_idle$sts$filter
00000001   TSK_idle$sts$filtmaxmult
00000001   TSK_idle$sts$filtsummult
00016403   TSK_idle$sts$maxfmt
000167b4   TSK_idle$sts$stsobj
0001640b   TSK_idle$sts$sumfmt
00000000   TSK_idle$sts$unittype
00000000   TSK_idle$tsk
00000000   UDEV$
00014be0   _BIOS_init
00014e04   _BIOS_start
0000dbba   _CLK_COUNTSPMS
000160bc   _CLK_DFLTMICROSECS
00015e98   _CLK_D_countspms
00015e8c   _CLK_D_dirty
000160c0   _CLK_D_microseconds
00015e90   _CLK_D_prd
00015e94   _CLK_D_tddr
00011114   _CLK_F_itime
0000dbba   _CLK_PRD
01940000   _CLK_REGS
00000000   _CLK_TDDR
00000000   _CLK_TIMERNUM
00000001   _CLK_USETIMER
00015e7c   _CLK_htimeDiv
00015e80   _CLK_htimeMult
000160d4   _CLK_htimePerLtime
00011114   _CLK_itime
00015e84   _CLK_ltimeDiv
00015e88   _CLK_ltimeMult
00011ac0   _CLK_measure
000123c0   _CLK_start
000124e0   _CLK_stop
00014ad0   _Config
000160cc   _DSK6713_AIC23_codeccontrolhandle
000160d0   _DSK6713_AIC23_codecdatahandle
0000cb6c   _DSK6713_AIC23_config
0000ba20   _DSK6713_AIC23_openCodec
0000cb48   _DSK6713_AIC23_rget
0000ca80   _DSK6713_AIC23_rset
0000ad40   _DSK6713_getVersion
0000ad90   _DSK6713_init
0000acac   _DSK6713_rget
0000ac98   _DSK6713_rset
000160e4   _DSK6713_version
0000abc0   _DSK6713_wait
0000ac64   _DSK6713_waitusec
00012520   _FXN_F_nop
00011f68   _FXN_F_run
00011fb8   _FXN_F_zero
00000000   _GBL_CACHE
00015ef4   _GBL_clkIn
00011740   _GBL_cslCacheInit
00015ef8   _GBL_freq
00012540   _GBL_getVersion
00015ef0   _GBL_procId
0000c928   _GBL_setPLLto225MHz
00016768   _HST_A_TABBEG
000167a4   _HST_A_TABEND
00004018   _HWI_CFGDISPATCHED
0001607c   _HWI_D_inhwi
00016070   _HWI_D_spsave
0000ec40   _HWI_F_dispatch
0000000a   _HWI_INT10
0000000b   _HWI_INT11
0000000c   _HWI_INT12
0000000d   _HWI_INT13
0000000e   _HWI_INT14
0000000f   _HWI_INT15
00000004   _HWI_INT4
00000005   _HWI_INT5
00000006   _HWI_INT6
00000007   _HWI_INT7
00000008   _HWI_INT8
00000009   _HWI_INT9
00000001   _HWI_NMI
00000002   _HWI_RESERVED0
00000003   _HWI_RESERVED1
00000000   _HWI_RESET
00015d48   _HWI_STKBOTTOM
00015950   _HWI_STKTOP
00016070   _HWI_data
00012240   _HWI_disable
00015d50   _HWI_dispatchTab
00012258   _HWI_enable
0001226c   _HWI_restore
00016010   _H_Codec
000167c8   _IDL_busyObj
000163ec   _IDL_cpuLoad
00012560   _IDL_loop
00016054   _IRAM
00000200   _IRAM_base
00008000   _IRAM_length
0000d900   _IRQ_enable
0000da40   _IRQ_globalDisable
0000da60   _IRQ_globalEnable
0000c400   _IRQ_map
0000da80   _IRQ_nmiEnable
00008c88   _ISR_AIC
00015fc0   _KNL_alarm
00011600   _KNL_check
00015fe4   _KNL_curqueue
00015fd4   _KNL_curtask
00015fdc   _KNL_curtime
000148dc   _KNL_dummy
00011874   _KNL_enter
00011820   _KNL_exit
000116d8   _KNL_idle
00015ffc   _KNL_idlefxn
00015fc8   _KNL_inactive
00011ba0   _KNL_ipost
000116fc   _KNL_max
00015fe8   _KNL_maxqueue
00011c60   _KNL_post
00015fd8   _KNL_prevtask
00015fcc   _KNL_priority
0001483c   _KNL_queues
0000f820   _KNL_run
00010de0   _KNL_saveIsrFrame
00015fd0   _KNL_set
00015fc4   _KNL_setpri
000167d4   _KNL_swi
00015fe0   _KNL_swiptr
00010eac   _KNL_switch
00015ff0   _KNL_tcreatefxn
00015ff4   _KNL_tdeletefxn
00010520   _KNL_tick
00015ff8   _KNL_treadyfxn
00015fec   _KNL_tswitchfxn
00015fb8   _KNL_wFlag
00015fbc   _KNL_wList
00011d50   _LCK_pend
00011d20   _LCK_post
000163f0   _LNK_dataPump
0001608c   _LNK_dspFrameReadyMask
00016088   _LNK_dspFrameRequestMask
00016094   _LNK_readDone
00016098   _LNK_readFail
00016090   _LNK_readPend
0001609c   _LNK_writeFail
00014bc4   _LOG_A_TABBEG
00014bdc   _LOG_A_TABEND
00000001   _LOG_A_TABLEN
00015e5c   _LOG_D_system
00012060   _LOG_event
00014bc4   _LOG_system
0000d0a0   _MCBSP_open
0000c5c0   _MCBSP_reset
0000d1a0   _MCBSP_start
000160e0   _MEM
00015efc   _MEM_D_NUMSEGMENTS
00015f04   _MEM_D_freelist
00015f08   _MEM_D_lockaddr
00015f00   _MEM_D_memtab
00015f0c   _MEM_D_unlockaddr
00010060   _MEM_alloc
00010540   _MEM_free
00014ec0   _MEM_init
00016048   _MEM_memtab
00014af8   _Mbuffs
000150e0   _OBJ_init
000149a8   _OBJ_segtab
00014970   _OBJ_table
00016600   _PIP_A_TABBEG
000166c8   _PIP_A_TABEND
00015e9c   _PRD_D_tick
00016860   _PRD_clock
000163f4   _RTA_dispatcher
0001676c   _RTA_fromHost
00016788   _RTA_toHost
00015100   _RTDX_Buffer
0001550c   _RTDX_Buffer_End
00014400   _RTDX_Buffer_Initialize
00014540   _RTDX_Buffer_Read
00014460   _RTDX_Buffer_ReadCB
000144c0   _RTDX_Buffer_Size
00015508   _RTDX_Buffer_Start
00014560   _RTDX_Buffer_Write
00013b20   _RTDX_Buffer_WriteCB
00014500   _RTDX_Final_RT_Monitor
00014380   _RTDX_Init_RT_Monitor
00000002   _RTDX_JTAGONLY
000145a0   _RTDX_Mask_IER
00014160   _RTDX_Mon_Queue
00013720   _RTDX_Poll
00000000   _RTDX_interrupt_mask
0001551c   _RTDX_writing
ffffffff   _SDRAM
000122a0   _SEM_pend
0000fda0   _SEM_pendEnterKnl
000119e0   _SEM_post
000119e0   _SEM_postBinary
00011900   _SEM_postEnterKnl
000167a4   _STS_A_TABBEG
000167d4   _STS_A_TABEND
00012118   _STS_add
000120e0   _STS_delta
00012144   _STS_reset
00012580   _STS_set
00015f34   _SWI_D_curfxn
00015f24   _SWI_D_curmask
00015f28   _SWI_D_curset
00015f20   _SWI_D_execaddr
00015f3c   _SWI_D_inswi
00015f2c   _SWI_D_lock
00015f38   _SWI_D_rdybeg
00015f1c   _SWI_D_runaddr
00015f1c   _SWI_data
0000e770   _SWI_post
00015f10   _SYS
000160e8   _SYS_PUTCBEG
000162e7   _SYS_PUTCEND
00012300   _SYS_abort
000121e0   _SYS_error
00011de0   _SYS_exit
00014b60   _SYS_exitStack
000160c4   _SYS_exitStackPtr
000160c8   _SYS_exitStackTop
00016858   _TRC_R_mask
000160b8   _TSK
00014914   _TSK_ATTRS
00014930   _TSK_config
00011160   _TSK_exit
000166d4   _TSK_idle
00015060   _TSK_init
000160b0   _TSK_nTasks
000160b4   _TSK_pid
00010be0   _TSK_setup
00011540   _TSK_startup
00014950   _TSK_timerSem
000124a0   _UTL_doAbort
000125a0   _UTL_doError
00012360   _UTL_doPutc
000125c0   _UTL_halt
00011130   __CLK_lat1beg
0001115c   __CLK_lat1end
0000e554   __GBL_setL2CacheMode
00015f18   __HOOK_NUMHOOKS
00015f14   __HOOK_knlId
0000ec40   __HWI_lat1beg
0000edc0   __HWI_lat1end
0000edc0   __HWI_lat2beg
0000ef60   __HWI_lat2end1
0000eeec   __HWI_lat2end2
0000ef80   __HWI_lat3beg
0000f080   __HWI_lat3end1
0000ef1c   __HWI_lat3end2
00011fe0   __IDL_lat1beg
00012030   __IDL_lat1end
00014834   __IRQ_dispatchTable
00014770   __IRQ_eventTable
0000db00   __IRQ_hookFetchPacket
000147f4   __IRQ_intTable
00011650   __KNL_lat1beg
000116d8   __KNL_lat1end
00012060   __LOG_lat1beg
00014ac8   __MCBSP_hDev0
00014acc   __MCBSP_hDev1
000149ec   __MEM_mutex
0000fb98   __RTA_lat1beg
0000fbd0   __RTA_lat1end
000109c0   __SEM_dopost
00000400   __STACK_SIZE
0000e8ac   __SWI_lat1beg
0000e960   __SWI_lat1end
0000e964   __SWI_lat2beg
0000e9d4   __SWI_lat2end
0000e700   __SWI_lat3beg
0000e76c   __SWI_lat3end
000149c4   __TSK_mutex
00014ba4   ___TI_enable_exit_profile_output
ffffffff   ___TI_pprof_out_hndl
ffffffff   ___TI_prof_data_size
ffffffff   ___TI_prof_data_start
0000d940   ___add_dtor
000145c0   ___atexit_func_id__
ffffffff   ___binit__
00015d50   ___bss__
ffffffff   ___c_args__
000125e0   ___cinit__
00000000   ___data__
00000000   ___edata__
000160e6   ___end__
0000db20   ___etext__
00016848   ___pinit__
00008200   ___text__
00011300   __auto_init
00014b9c   __cleanup_ptr
00008d40   __divd
0000a5a0   __divf
00014ba0   __dtors_ptr
0000b040   __frcmpyd_div
0000d3a0   __frcmpyf_div
00014ba8   __lock
0000d7c0   __mpyll
0000daa0   __nop
0000d480   __nround
0000dac0   __register_lock
0000dae0   __register_unlock
00015950   __stack
0000cc00   __strasgi
0000da00   __trunc
00014bac   __unlock
0000a434   _aimag
00016000   _alpha
0000d2a0   _atexit
000096a0   _bitrev
00014fa0   _c_int00
00009f20   _cabs
0000a024   _cadd
0000cd40   _call_dtors
0000f3e8   _calloc
0000a248   _cdiv
0000a46c   _cexp
00009f90   _cmplx
0000a13c   _cmul
00009fd0   _conjg
0000b3c0   _cos
00016034   _cpufrac
0000a0b0   _csub
00009be8   _dft
000098a0   _dftmerge
00014bc0   _dtors
00014a14   _errno
0000bd00   _exp
00009a98   _fft
0001603c   _frame_ptr
0000f0a0   _free
0000ce60   _frexp
00009aec   _ifft
00016014   _inbuffer
0001602c   _ingain
00008530   _init_HWI
0000846c   _init_hardware
0001601c   _inwin
00016038   _io_ptr
00016008   _kop1
00016004   _lambda
0000c760   _ldexp
00008200   _main
0000f0cc   _malloc
0000f294   _memalign
0000bf80   _memcpy
0000cf80   _memset
0000d640   _modf
0000d5dc   _mono_read_16Bit
0000d5b4   _mono_write_16Bit
0001600c   _nonlinclip
00016018   _outbuffer
00016030   _outgain
00016020   _outwin
00016024   _powbinstate
000085c8   _process_frame
00016028   _procframe
0000a364   _rdiv
0000a3fc   _real
0000f150   _realloc
0000a1dc   _rmul
000160a8   _rtdxNullChanCnt
000160ac   _rtdxNullFuncCnt
00015510   _rtdx_buffer_state
00015530   _rtdx_mon_state
0000972c   _shuffle
0000b700   _sin
0000c1c0   _sqrt
0000d588   _stereo_read_16Bit
0000d560   _stereo_write_16Bit
00009640   _swap
0000c900   _wait500nS
ffffffff   binit
000125e0   cinit
00000000   edata
000160e6   end
0000db20   etext
00000000   hwi0
00000020   hwi1
00000140   hwi10
00000160   hwi11
00000180   hwi12
000001a0   hwi13
000001c0   hwi14
000001e0   hwi15
00000040   hwi2
00000060   hwi3
00000080   hwi4
000000a0   hwi5
000000c0   hwi6
000000e0   hwi7
00000100   hwi8
00000120   hwi9
00016848   pinit


GLOBAL SYMBOLS: SORTED BY Symbol Address 

address    name
--------   ----
00000000   .data
00000000   BUF$
00000000   CLK_COUNTSPMSHIGH
00000000   CLK_PRDHIGH
00000000   CLK_TDDR
00000000   CLK_TDDRHIGH
00000000   CLK_TIMERNUM
00000000   DEV$
00000000   DGN$
00000000   DHL$
00000000   DHL_gChannelsAvailable
00000000   DIO$
00000000   DIO_NUMSWIBASE
00000000   DIO_NUMTSKBASE
00000000   DIO_STATIC
00000000   DPI$
00000000   GBL_BIGENDIAN
00000000   GBL_C641XL2PRIORITY
00000000   GBL_CACHE
00000000   GBL_L2CONFIGALLOC
00000000   GBL_L2MARMASK1
00000000   GBL_L2MARMASK2
00000000   GBL_L2MARMASK3
00000000   GBL_L2MARMASK4
00000000   GBL_L2MARMASK5
00000000   GBL_L2MODE
00000000   GBL_L2PRIORITY
00000000   GBL_NULL
00000000   GBL_PROCID
00000000   GBL_ROM
00000000   GBL_SUPPORTCSL
00000000   GIO$
00000000   HOOK$
00000000   HOOK_KNLID
00000000   HST_DSM
00000000   HST_NONE
00000000   HWI_A_VECS
00000000   HWI_GENERATE_RESET_VEC
00000000   HWI_INT10$hwi
00000000   HWI_INT11$hwi
00000000   HWI_INT12$hwi
00000000   HWI_INT13$hwi
00000000   HWI_INT14$hwi
00000000   HWI_INT15$hwi
00000000   HWI_INT4$hwi
00000000   HWI_INT5$hwi
00000000   HWI_INT6$hwi
00000000   HWI_INT7$hwi
00000000   HWI_INT8$hwi
00000000   HWI_INT9$hwi
00000000   HWI_NMI$hwi
00000000   HWI_POLARITYMASK
00000000   HWI_RESERVED0$hwi
00000000   HWI_RESERVED1$hwi
00000000   HWI_RESET
00000000   HWI_RESET$hwi
00000000   IDL_busyObj$iB
00000000   IDL_busyObj$operation
00000000   KNL_swi$ord
00000000   KNL_swi$pri
00000000   KNL_swi$sts$unittype
00000000   KNL_swi$swi
00000000   LOG_system$datatype
00000000   LOG_system$log
00000000   MBX$
00000000   MEM_NULL
00000000   MEM_USEMPC
00000000   MSGQ$
00000000   MSGQ_USEMSGQ
00000000   OBJ$
00000000   PIP$
00000000   PIP_gNextId
00000000   POOL$
00000000   POOL_USEPOOL
00000000   PRD_A_TABBEG
00000000   PRD_A_TABEND
00000000   PRD_A_TABLEN
00000000   PRD_SWIHANDLE
00000000   RTA_fromHost$hst
00000000   RTA_fromHost$mode
00000000   RTA_toHost$hst
00000000   RTA_toHost$id
00000000   RTDX_MODE
00000000   RTDX_USERTEXECUTION
00000000   SEM$
00000000   SIO$
00000000   SWI_EHOOKFXN
00000000   SWI_IHOOKFXN
00000000   TSK_NUM_HOOKS
00000000   TSK_READYFXN
00000000   TSK_STACKSEG
00000000   TSK_SWITCHFXN
00000000   TSK_idle$ord
00000000   TSK_idle$pri
00000000   TSK_idle$sts$unittype
00000000   TSK_idle$tsk
00000000   UDEV$
00000000   _CLK_TDDR
00000000   _CLK_TIMERNUM
00000000   _GBL_CACHE
00000000   _HWI_RESET
00000000   _RTDX_interrupt_mask
00000000   ___data__
00000000   ___edata__
00000000   edata
00000000   hwi0
00000001   BUF_ENABLED
00000001   CLK$
00000001   CLK_CALDIV
00000001   CLK_HTIMEDIV
00000001   CLK_LTIMEDIV
00000001   CLK_USETIMER
00000001   GBL$
00000001   GBL_CALLCSLCFGINIT
00000001   GBL_ENABLEINST
00000001   GBL_L2CONFIGURE
00000001   GBL_L2MARMASK
00000001   GBL_USERINIT
00000001   GBL_boot
00000001   HST$
00000001   HST_RTDX
00000001   HWI$
00000001   HWI_NMI
00000001   HWI_ZEROTAB
00000001   IDL$
00000001   IDL_USECLKIDLTIME
00000001   IDL_busyObj$filter
00000001   IDL_busyObj$iA
00000001   IDL_busyObj$iC
00000001   ISRC$
00000001   KNL_swi$dorta
00000001   KNL_swi$sts$filtmaxmult
00000001   KNL_swi$sts$filtsummult
00000001   LCK$
00000001   LOG$
00000001   LOG_A_TABLEN
00000001   LOG_ENABLED
00000001   MEM$
00000001   MEM_gNumHeap
00000001   PRD$
00000001   QUE$
00000001   RTA_fromHost$id
00000001   RTA_toHost$mode
00000001   RTDX$
00000001   RTDX_NORMALIZED_HDR
00000001   RTDX_USERTDX
00000001   STS$
00000001   SWI$
00000001   SWI_A_TABLEN
00000001   SYS$
00000001   TSK$
00000001   TSK_PRIORITY
00000001   TSK_idle$sts$filtmaxmult
00000001   TSK_idle$sts$filtsummult
00000001   _CLK_USETIMER
00000001   _HWI_NMI
00000001   _LOG_A_TABLEN
00000002   HWI_RESERVED0
00000002   IDL_busyObj$unittype
00000002   KNL_swi$sts$filter
00000002   PIP_A_TABLEN
00000002   PIP_gNumEmbed
00000002   TSK_idle$sts$filter
00000002   _HWI_RESERVED0
00000002   _RTDX_JTAGONLY
00000003   HWI_RESERVED1
00000003   _HWI_RESERVED1
00000004   CLK_CALMULT
00000004   CLK_HTIMEMULT
00000004   HWI_INT4
00000004   RTA_fromHost$framesize
00000004   _HWI_INT4
00000005   HWI_INT5
00000005   _HWI_INT5
00000006   HWI_INT6
00000006   IDL_CALIBRERROR
00000006   _HWI_INT6
00000007   HWI_INT7
00000007   _HWI_INT7
00000008   HWI_INT8
00000008   _HWI_INT8
00000009   HWI_INT9
00000009   _HWI_INT9
0000000a   HWI_INT10
0000000a   _HWI_INT10
0000000b   HWI_INT11
0000000b   _HWI_INT11
0000000c   HWI_INT12
0000000c   _HWI_INT12
0000000d   HWI_INT13
0000000d   _HWI_INT13
0000000e   HWI_INT14
0000000e   _HWI_INT14
0000000f   HWI_INT15
0000000f   _HWI_INT15
00000020   CLK_TCR
00000020   hwi1
0000003e   GBL_DSPTYPE
00000040   HST_MAXFRAMESET
00000040   LOG_system$size
00000040   RTA_toHost$framesize
00000040   hwi2
00000042   GBL_FOOTPRINT
00000060   hwi3
00000064   PIP_OBJSIZE
00000080   hwi4
000000a0   hwi5
000000c0   hwi6
000000e0   hwi7
000000ff   HST_MAXFRAMEALLOWED
00000100   hwi8
00000120   hwi9
00000140   hwi10
00000160   hwi11
00000180   hwi12
000001a0   hwi13
000001c0   hwi14
000001e0   hwi15
00000200   IRAM$B
00000200   _IRAM_base
000003e8   CLK_MICROSECS
00000400   HST_DSMMEMSIZE
00000400   TSK_STACKSIZE
00000400   __STACK_SIZE
00000408   RTDX_BUFMEMSIZE
00001770   GBL_CLKTYPE
00001a39   GBL_DSPSUBTYPE
00002226   GBL_L2ALLOC
00004000   CLK_INTBIT
00004000   PRD_SCALAR
00004018   HWI_CFGDISPATCHED
00004018   _HWI_CFGDISPATCHED
00004e20   GBL_CLKIN
00005205   GBL_A_VERSION
00008000   IRAM$L
00008000   _IRAM_length
00008200   .text
00008200   ___text__
00008200   _main
0000846c   _init_hardware
00008530   _init_HWI
000085c8   _process_frame
00008c88   _ISR_AIC
00008d40   __divd
00009640   _swap
000096a0   _bitrev
0000972c   _shuffle
000098a0   _dftmerge
00009a98   _fft
00009aec   _ifft
00009be8   _dft
00009f20   _cabs
00009f90   _cmplx
00009fd0   _conjg
0000a024   _cadd
0000a0b0   _csub
0000a13c   _cmul
0000a1dc   _rmul
0000a248   _cdiv
0000a364   _rdiv
0000a3fc   _real
0000a434   _aimag
0000a46c   _cexp
0000a5a0   __divf
0000abc0   _DSK6713_wait
0000ac64   _DSK6713_waitusec
0000ac98   _DSK6713_rset
0000acac   _DSK6713_rget
0000ad40   _DSK6713_getVersion
0000ad90   _DSK6713_init
0000b040   __frcmpyd_div
0000b3c0   _cos
0000b700   _sin
0000ba20   _DSK6713_AIC23_openCodec
0000bd00   _exp
0000bf80   _memcpy
0000c1c0   _sqrt
0000c400   _IRQ_map
0000c5c0   _MCBSP_reset
0000c760   _ldexp
0000c900   _wait500nS
0000c928   GBL_USERINITFXN
0000c928   _GBL_setPLLto225MHz
0000ca80   _DSK6713_AIC23_rset
0000cb48   _DSK6713_AIC23_rget
0000cb6c   _DSK6713_AIC23_config
0000cc00   __strasgi
0000cd40   _call_dtors
0000ce60   _frexp
0000cf80   _memset
0000d0a0   _MCBSP_open
0000d1a0   _MCBSP_start
0000d2a0   _atexit
0000d3a0   __frcmpyf_div
0000d480   __nround
0000d560   _stereo_write_16Bit
0000d588   _stereo_read_16Bit
0000d5b4   _mono_write_16Bit
0000d5dc   _mono_read_16Bit
0000d640   _modf
0000d7c0   __mpyll
0000d900   _IRQ_enable
0000d940   ___add_dtor
0000da00   __trunc
0000da40   _IRQ_globalDisable
0000da60   _IRQ_globalEnable
0000da80   _IRQ_nmiEnable
0000daa0   __nop
0000dac0   __register_lock
0000dae0   __register_unlock
0000db00   __IRQ_hookFetchPacket
0000db20   LNK_F_checkBufferCall
0000db20   ___etext__
0000db20   etext
0000db40   LNK_F_getChanPtr
0000db98   LNK_F_init
0000dba0   LNK_F_dataPump
0000dbb4   LNK_rcloop
0000dbba   CLK_COUNTSPMS
0000dbba   CLK_HTIMEPERLTIME
0000dbba   CLK_PRD
0000dbba   _CLK_COUNTSPMS
0000dbba   _CLK_PRD
0000dbef   GBL_TRCMASKVALUE
0000dc80   LNK_rdrtry
0000dc90   LNK_rrloop
0000dd54   LNK_wrrtry
0000dd64   LNK_wrloop
0000de40   LNK_newin
0000df80   LNK_newout
0000e0e4   LNK_F_readCallBack
0000e554   __GBL_setL2CacheMode
0000e700   SWI_F_enable
0000e700   __SWI_lat3beg
0000e76c   __SWI_lat3end
0000e770   SWI_F_post
0000e770   _SWI_post
0000e8ac   __SWI_lat1beg
0000e91c   SWI_EXECFXN
0000e91c   SWI_F_exec
0000e948   SWI_F_iexec
0000e960   __SWI_lat1end
0000e964   __SWI_lat2beg
0000e9d4   __SWI_lat2end
0000e9d8   SWI_F_run
0000e9d8   SWI_RUNFXN
0000ec40   CLK_HOOKFXN
0000ec40   HWI_F_dispatch
0000ec40   _HWI_F_dispatch
0000ec40   __HWI_lat1beg
0000edc0   __HWI_lat1end
0000edc0   __HWI_lat2beg
0000eeec   __HWI_lat2end2
0000ef1c   __HWI_lat3end2
0000ef60   __HWI_lat2end1
0000ef80   __HWI_lat3beg
0000f080   __HWI_lat3end1
0000f0a0   _free
0000f0cc   _malloc
0000f150   _realloc
0000f294   _memalign
0000f3e8   _calloc
0000f480   PRD_F_swi
0000f740   PRD_F_tick
0000f820   _KNL_run
0000fae0   RTA_F_getlog
0000fb24   RTA_F_getsts
0000fb6c   RTA_F_readblk
0000fb8c   RTA_F_writeword
0000fb98   RTA_F_resetmem
0000fb98   __RTA_lat1beg
0000fbd0   __RTA_lat1end
0000fbd8   RTA_F_dispatch
0000fc28   RTA_execute
0000fda0   _SEM_pendEnterKnl
00010060   _MEM_alloc
00010520   PRD_THOOKFXN
00010520   _KNL_tick
00010540   _MEM_free
00010780   PIP_F_take
00010814   PIP_F_give
00010814   PIP_F_probe
000108e8   PIP_F_start
000109c0   __SEM_dopost
00010be0   _TSK_setup
00010de0   _KNL_saveIsrFrame
00010eac   _KNL_switch
00010f60   KNL_glue
00010fa0   CLK_F_getltime
00010fb4   CLK_F_isr
00011114   CLK_F_itime
00011114   _CLK_F_itime
00011114   _CLK_itime
00011130   __CLK_lat1beg
0001115c   __CLK_lat1end
00011160   _TSK_exit
00011300   __auto_init
00011540   _TSK_startup
00011600   _KNL_check
00011650   __KNL_lat1beg
000116d8   _KNL_idle
000116d8   __KNL_lat1end
000116fc   _KNL_max
00011740   _GBL_cslCacheInit
00011820   _KNL_exit
00011874   _KNL_enter
00011900   _SEM_postEnterKnl
000119e0   _SEM_post
000119e0   _SEM_postBinary
00011ac0   _CLK_measure
00011ba0   _KNL_ipost
00011c60   _KNL_post
00011d20   _LCK_post
00011d50   _LCK_pend
00011de0   _SYS_exit
00011ea0   CLK_F_getfhtime
00011ec0   CLK_F_gethtime
00011ec0   CLK_F_getshtime
00011ec0   CLK_TIMEFXN
00011f60   FXN_F_nop
00011f68   FXN_F_run
00011f68   _FXN_F_run
00011fb8   FXN_F_zero
00011fb8   _FXN_F_zero
00011fe0   IDL_F_busy
00011fe0   __IDL_lat1beg
00012030   __IDL_lat1end
00012060   LOG_F_event
00012060   _LOG_event
00012060   __LOG_lat1beg
000120e0   STS_F_delta
000120e0   _STS_delta
00012118   STS_F_add
00012118   _STS_add
00012144   STS_F_reset
00012144   _STS_reset
00012160   IDL_F_calibrate
000121e0   _SYS_error
00012240   _HWI_disable
00012258   _HWI_enable
0001226c   _HWI_restore
000122a0   _SEM_pend
00012300   _SYS_abort
00012360   SYS_PUTCFXN
00012360   _UTL_doPutc
000123c0   _CLK_start
00012420   IDL_CALIBRFXN
00012420   IDL_F_stub
00012460   RTA_F_andn
00012480   RTA_F_or
000124a0   SYS_ABORTFXN
000124a0   _UTL_doAbort
000124e0   _CLK_stop
00012520   GIO_CREATEFXN
00012520   GIO_DELETEFXN
00012520   GIO_PENDFXN
00012520   GIO_POSTFXN
00012520   TSK_VCREATEFXN
00012520   TSK_VDELETEFXN
00012520   TSK_VEXITFXN
00012520   _FXN_F_nop
00012540   _GBL_getVersion
00012560   IDL_F_loop
00012560   _IDL_loop
00012580   _STS_set
000125a0   SYS_ERRORFXN
000125a0   _UTL_doError
000125c0   SYS_EXITFXN
000125c0   _UTL_halt
000125e0   ___cinit__
000125e0   cinit
0001370c   RTA_fromHost$buf
00013720   _RTDX_Poll
00013b20   _RTDX_Buffer_WriteCB
00014160   _RTDX_Mon_Queue
00014380   _RTDX_Init_RT_Monitor
00014400   _RTDX_Buffer_Initialize
00014460   _RTDX_Buffer_ReadCB
000144c0   _RTDX_Buffer_Size
00014500   _RTDX_Final_RT_Monitor
00014540   _RTDX_Buffer_Read
00014560   _RTDX_Buffer_Write
000145a0   _RTDX_Mask_IER
000145c0   ___atexit_func_id__
00014770   __IRQ_eventTable
000147f4   __IRQ_intTable
00014834   __IRQ_dispatchTable
0001483c   _KNL_queues
000148dc   _KNL_dummy
00014914   _TSK_ATTRS
00014930   _TSK_config
00014950   _TSK_timerSem
00014970   _OBJ_table
000149a8   _OBJ_segtab
000149c4   __TSK_mutex
000149ec   __MEM_mutex
00014a14   _errno
00014ac8   __MCBSP_hDev0
00014acc   __MCBSP_hDev1
00014ad0   _Config
00014af8   _Mbuffs
00014b60   _SYS_exitStack
00014b9c   __cleanup_ptr
00014ba0   __dtors_ptr
00014ba4   ___TI_enable_exit_profile_output
00014ba8   __lock
00014bac   __unlock
00014bc0   _dtors
00014bc4   LOG_A_TABBEG
00014bc4   LOG_system
00014bc4   _LOG_A_TABBEG
00014bc4   _LOG_system
00014bdc   LOG_A_TABEND
00014bdc   _LOG_A_TABEND
00014be0   BIOS_init
00014be0   _BIOS_init
00014d5c   BIOS$$CLKON
00014d9c   BIOS$$CLKOFF
00014e04   BIOS_start
00014e04   _BIOS_start
00014ec0   _MEM_init
00014fa0   _c_int00
00015060   _TSK_init
000150e0   _OBJ_init
00015100   _RTDX_Buffer
00015508   _RTDX_Buffer_Start
0001550c   _RTDX_Buffer_End
00015510   _rtdx_buffer_state
0001551c   _RTDX_writing
00015530   _rtdx_mon_state
00015550   TSK_idle$stack
000158e8   TSK_idle$stkptr
00015950   GBL_stackbeg
00015950   _HWI_STKTOP
00015950   __stack
00015d48   _HWI_STKBOTTOM
00015d4f   GBL_stackend
00015d50   $bss
00015d50   .bss
00015d50   _HWI_dispatchTab
00015d50   ___bss__
00015e50   IDL_D_tabbeg
00015e54   IDL_D_calibrate
00015e58   IDL_D_calbeg
00015e5c   LOG_D_system
00015e5c   _LOG_D_system
00015e60   PIP_D_tabbeg
00015e64   PIP_D_tablen
00015e68   CLK_R_time
00015e6c   CLK_D_timefxn
00015e70   CLK_D_tabbeg
00015e74   CLK_D_isrhook
00015e78   CLK_D_idletime
00015e7c   _CLK_htimeDiv
00015e80   _CLK_htimeMult
00015e84   _CLK_ltimeDiv
00015e88   _CLK_ltimeMult
00015e8c   _CLK_D_dirty
00015e90   _CLK_D_prd
00015e94   _CLK_D_tddr
00015e98   _CLK_D_countspms
00015e9c   PRD_D_tick
00015e9c   _PRD_D_tick
00015ea0   PRD_D_cur
00015ea4   PRD_D_elapsed
00015ea8   PRD_D_prevtim
00015eac   PRD_D_scalar
00015eb0   PRD_D_swihandle
00015eb4   PRD_D_tabbeg
00015eb8   PRD_D_tablen
00015ebc   PRD_D_thook
00015ec0   RTA_D_fromHost
00015ec4   RTA_D_toHost
00015ec8   RTA_D_logval
00015ed8   RTA_D_stsval
00015ee4   HST_D_chanmask
00015ee8   HST_D_tabbeg
00015eec   HST_D_tabend
00015ef0   _GBL_procId
00015ef4   _GBL_clkIn
00015ef8   _GBL_freq
00015efc   _MEM_D_NUMSEGMENTS
00015f00   _MEM_D_memtab
00015f04   _MEM_D_freelist
00015f08   _MEM_D_lockaddr
00015f0c   _MEM_D_unlockaddr
00015f10   _SYS
00015f14   __HOOK_knlId
00015f18   __HOOK_NUMHOOKS
00015f1c   SWI_D_runaddr
00015f1c   _SWI_D_runaddr
00015f1c   _SWI_data
00015f20   SWI_D_execaddr
00015f20   _SWI_D_execaddr
00015f24   SWI_D_curmask
00015f24   _SWI_D_curmask
00015f28   SWI_D_curset
00015f28   _SWI_D_curset
00015f2c   SWI_D_lock
00015f2c   _SWI_D_lock
00015f30   SWI_D_curmbox
00015f34   SWI_D_curfxn
00015f34   _SWI_D_curfxn
00015f38   SWI_D_rdybeg
00015f38   _SWI_D_rdybeg
00015f3c   SWI_D_inswi
00015f3c   _SWI_D_inswi
00015f40   SWI_D_rdytab
00015fb8   _KNL_wFlag
00015fbc   _KNL_wList
00015fc0   _KNL_alarm
00015fc4   _KNL_setpri
00015fc8   _KNL_inactive
00015fcc   _KNL_priority
00015fd0   _KNL_set
00015fd4   _KNL_curtask
00015fd8   _KNL_prevtask
00015fdc   _KNL_curtime
00015fe0   _KNL_swiptr
00015fe4   _KNL_curqueue
00015fe8   _KNL_maxqueue
00015fec   _KNL_tswitchfxn
00015ff0   _KNL_tcreatefxn
00015ff4   _KNL_tdeletefxn
00015ff8   _KNL_treadyfxn
00015ffc   _KNL_idlefxn
00016000   _alpha
00016004   _lambda
00016008   _kop1
0001600c   _nonlinclip
00016010   _H_Codec
00016014   _inbuffer
00016018   _outbuffer
0001601c   _inwin
00016020   _outwin
00016024   _powbinstate
00016028   _procframe
0001602c   _ingain
00016030   _outgain
00016034   _cpufrac
00016038   _io_ptr
0001603c   _frame_ptr
00016048   _MEM_memtab
00016054   HST_DSMBUFSEG
00016054   IRAM
00016054   MEM_MALLOCSEG
00016054   MEM_SEGZERO
00016054   RTDX_DATAMEMSEG
00016054   _IRAM
00016058   RTA_fromHost$pipe$dtab
00016064   RTA_toHost$pipe$dtab
00016070   HWI_D_spsave
00016070   _HWI_D_spsave
00016070   _HWI_data
0001607c   _HWI_D_inhwi
00016080   HWI_D_bss
00016084   HWI_D_ccmask
00016088   LNK_dspFrameRequestMask
00016088   _LNK_dspFrameRequestMask
0001608c   LNK_dspFrameReadyMask
0001608c   _LNK_dspFrameReadyMask
00016090   LNK_readPend
00016090   _LNK_readPend
00016094   LNK_readDone
00016094   _LNK_readDone
00016098   LNK_readFail
00016098   _LNK_readFail
0001609c   LNK_writeFail
0001609c   _LNK_writeFail
000160a8   _rtdxNullChanCnt
000160ac   _rtdxNullFuncCnt
000160b0   _TSK_nTasks
000160b4   _TSK_pid
000160b8   _TSK
000160bc   _CLK_DFLTMICROSECS
000160c0   _CLK_D_microseconds
000160c4   _SYS_exitStackPtr
000160c8   _SYS_exitStackTop
000160cc   _DSK6713_AIC23_codeccontrolhandle
000160d0   _DSK6713_AIC23_codecdatahandle
000160d4   _CLK_htimePerLtime
000160dc   IDL_D_busyObj
000160e0   _MEM
000160e4   _DSK6713_version
000160e6   ___end__
000160e6   end
000160e8   _SYS_PUTCBEG
000162e7   _SYS_PUTCEND
000163e9   KNL_swi$sts$maxfmt
000163ec   IDL_A_TABBEG
000163ec   IDL_cpuLoad
000163ec   _IDL_cpuLoad
000163f0   LNK_dataPump
000163f0   _LNK_dataPump
000163f1   KNL_swi$sts$sumfmt
000163f4   RTA_dispatcher
000163f4   _RTA_dispatcher
000163f8   IDL_END
000163f9   KNL_swi$sts$avgfmt
00016400   LOG_system$buf
00016403   TSK_idle$sts$maxfmt
0001640b   TSK_idle$sts$sumfmt
00016413   TSK_idle$sts$avgfmt
0001641d   IDL_busyObj$maxfmt
00016420   IDL_busyObj$sumfmt
00016423   IDL_busyObj$avgfmt
00016500   RTA_toHost$buf
00016600   PIP_A_TABBEG
00016600   RTA_fromHost$pipe
00016600   _PIP_A_TABBEG
00016604   RTA_fromHost$pipe$rd
00016630   RTA_fromHost$pipe$aaa
00016634   RTA_fromHost$pipe$wr
00016660   RTA_fromHost$pipe$bbb
00016664   RTA_toHost$pipe
00016668   RTA_toHost$pipe$rd
00016694   RTA_toHost$pipe$aaa
00016698   RTA_toHost$pipe$wr
000166c4   RTA_toHost$pipe$bbb
000166c8   PIP_A_TABEND
000166c8   _PIP_A_TABEND
000166d4   TSK_idle
000166d4   _TSK_idle
00016768   HST_A_TABBEG
00016768   _HST_A_TABBEG
0001676c   RTA_fromHost
0001676c   _RTA_fromHost
00016774   RTA_fromHost$rtdx
00016788   RTA_toHost
00016788   _RTA_toHost
00016790   RTA_toHost$rtdx
000167a4   HST_A_TABEND
000167a4   KNL_swi$sts$stsobj
000167a4   STS_A_TABBEG
000167a4   _HST_A_TABEND
000167a4   _STS_A_TABBEG
000167a8   KNL_swi$sts
000167b4   TSK_idle$sts$stsobj
000167b8   TSK_idle$sts
000167c4   IDL_busyObj$stsobj
000167c8   IDL_busyObj
000167c8   _IDL_busyObj
000167d4   KNL_swi
000167d4   STS_A_TABEND
000167d4   SWI_A_TABBEG
000167d4   _KNL_swi
000167d4   _STS_A_TABEND
00016800   SWI_A_TABEND
00016828   IDL_A_CALBEG
00016828   IDL_cpuLoad$
0001682c   LNK_dataPump$
00016830   RTA_dispatcher$
00016834   IDL_END$
00016838   SYS$config
00016848   ___pinit__
00016848   pinit
00016854   TRC_cinit
00016858   TRC_R_mask
00016858   _TRC_R_mask
0001685c   GBL_initdone
00016860   CLK_A_TABBEG
00016860   PRD_clock
00016860   _PRD_clock
00016864   CLK_null
00036ee8   CLK_LTIMEMULT
00036ee8   GBL_FREQ
01940000   CLK_REGS
01940000   _CLK_REGS
082039a3   HWI_INTRMULTHIGH
310718ae   HWI_INTRMULTLOW
ffffffff   SDRAM
ffffffff   _SDRAM
ffffffff   ___TI_pprof_out_hndl
ffffffff   ___TI_prof_data_size
ffffffff   ___TI_prof_data_start
ffffffff   ___binit__
ffffffff   ___c_args__
ffffffff   binit

[778 symbols]
