******************************************************************************
               TMS320C6x Linker PC v6.1.15                     
******************************************************************************
>> Linked Sat Mar 16 22:00:03 2013

OUTPUT FILE NAME:   <RTDSP.out>
ENTRY POINT SYMBOL: "_c_int00"  address: 00015160


MEMORY CONFIGURATION

         name            origin    length      used     unused   attr    fill
----------------------  --------  ---------  --------  --------  ----  --------
  IRAM                  00000000   00040000  00016a2b  000295d5  RWIX
  SDRAM                 80000000   00800000  00000000  00800000  RWIX


SECTION ALLOCATION MAP

 output                                  attributes/
section   page    origin      length       input sections
--------  ----  ----------  ----------   ----------------
.vers      0    00000000    00000040     COPY SECTION
                  00000000    00000040     dsp_bios_cfg.obj (.vers)

.prd       0    00000000    00000000     UNINITIALIZED

.hwi_vec   0    00000000    00000200     
                  00000000    00000200     dsp_bios_cfg.obj (.hwi_vec)

.data      0    00000000    00000000     UNINITIALIZED

.IRAM$heap 
*          0    00000200    00008000     UNINITIALIZED
                  00000200    00008000     --HOLE--

.text      0    00008200    00005ae0     
                  00008200    00000d00     enhance.obj (.text)
                  00008f00    00000900     rts6700.lib : divd.obj (.text:__divd)
                  00009800    000008e0     fft_functions.obj (.text)
                  0000a0e0    00000680     complex.obj (.text)
                  0000a760    00000620     rts6700.lib : divf.obj (.text:__divf)
                  0000ad80    00000480     dsk6713bslccsv4.lib : dsk6713.obj (.text)
                  0000b200    00000380     rts6700.lib : frcmpyd_div.obj (.text:__frcmpyd_div)
                  0000b580    00000340                 : cos.obj (.text:_cos)
                  0000b8c0    00000320                 : sin.obj (.text:_sin)
                  0000bbe0    000002e0     dsk6713bslccsv4.lib : dsk6713_aic23_opencodec.obj (.text)
                  0000bec0    00000280     rts6700.lib : exp.obj (.text:_exp)
                  0000c140    00000240                 : memcpy62.obj (.text:_memcpy)
                  0000c380    00000240                 : sqrt.obj (.text:_sqrt)
                  0000c5c0    000001c0     csl6713.lib : csl_irq.obj (.text:_IRQ_map)
                  0000c780    000001a0                 : csl_mcbsp.obj (.text:_MCBSP_reset)
                  0000c920    000001a0     rts6700.lib : ldexp.obj (.text:_ldexp)
                  0000cac0    00000180     bios.a67 : gbl_cslpllinit62.o67 (.text)
                  0000cc40    00000180     dsk6713bslccsv4.lib : dsk6713_aic23_registers.obj (.text)
                  0000cdc0    00000140     rts6700.lib : strasg.obj (.text:__strasgi)
                  0000cf00    00000120                 : sinit.obj (.text:_call_dtors)
                  0000d020    00000120                 : frexp.obj (.text:_frexp)
                  0000d140    00000120                 : memset.obj (.text:_memset)
                  0000d260    00000100     csl6713.lib : csl_mcbsp.obj (.text:_MCBSP_open)
                  0000d360    00000100                 : csl_mcbsp.obj (.text:_MCBSP_start)
                  0000d460    00000100     rts6700.lib : atexit.obj (.text:_atexit)
                  0000d560    000000e0                 : frcmpyf_div.obj (.text:__frcmpyf_div)
                  0000d640    000000e0                 : round.obj (.text:__nround)
                  0000d720    000000e0     dsk6713bslccsv4.lib : helper_functions_ISR.obj (.text)
                  0000d800    000000c0     rts6700.lib : modf.obj (.text:_modf)
                  0000d8c0    000000c0     bios.a67 : tsk_stup.o67 (.text)
                  0000d980    000000a0     rts6700.lib : mpyll.obj (.text:__mpyll)
                  0000da20    000000a0     csl6713.lib : csl_irq.obj (.text:_setMux)
                  0000dac0    00000040                 : csl_irq.obj (.text:_IRQ_enable)
                  0000db00    00000040     rts6700.lib : sinit.obj (.text:___add_dtor)
                  0000db40    00000040                 : divd.obj (.text:___isnan)
                  0000db80    00000040                 : divf.obj (.text:___isnanf)
                  0000dbc0    00000040                 : trunc.obj (.text:__trunc)
                  0000dc00    00000020     csl6713.lib : csl_irq.obj (.text:_IRQ_globalDisable)
                  0000dc20    00000020                 : csl_irq.obj (.text:_IRQ_globalEnable)
                  0000dc40    00000020                 : csl_irq.obj (.text:_IRQ_nmiEnable)
                  0000dc60    00000020     rts6700.lib : _lock.obj (.text:__nop)
                  0000dc80    00000020                 : _lock.obj (.text:__register_lock)
                  0000dca0    00000020                 : _lock.obj (.text:__register_unlock)
                  0000dcc0    00000020     csl6713.lib : csl_irq.obj (.text)

.bios      0    0000dce0    00004ac0     
                  0000dce0    00000600     lnkrtdx.a67 : rtdx.o67 (.bios)
                  0000e2e0    000005e0     bios.a67 : gbl_setL2CacheMode.o67 (.bios)
                  0000e8c0    00000540              : swi.o67 (.bios)
                  0000ee00    00000460              : hwi_disp_asm.o67 (.bios)
                  0000f260    000003e0              : malloc.o67 (.bios)
                  0000f640    000003a0              : prd.o67 (.bios)
                  0000f9e0    000002c0              : knl_run.o67 (.bios)
                  0000fca0    000002c0              : rta.o67 (.bios)
                  0000ff60    000002c0              : sem_pend.o67 (.bios)
                  00010220    00000280              : mem_allo.o67 (.bios:.near)
                  000104a0    00000260              : knl_tick.o67 (.bios)
                  00010700    00000240              : mem_free.o67 (.bios:.near)
                  00010940    00000240              : pip.o67 (.bios)
                  00010b80    00000220              : sem_dopo.o67 (.bios)
                  00010da0    00000200              : tsk_setu.o67 (.bios)
                  00010fa0    000001c0              : knl_swit.o67 (.bios)
                  00011160    000001c0     biosC6000.a67 : clk.o67 (.bios)
                  00011320    000001a0     bios.a67 : tsk_exit.o67 (.bios)
                  000114c0    00000180              : autoinit.o67 (.bios)
                  00011640    00000180              : tsk_stup.o67 (.bios)
                  000117c0    00000140              : knl_chec.o67 (.bios)
                  00011900    000000e0              : gbl_cslcacheinit.o67 (.bios)
                  000119e0    000000e0              : knl_exit.o67 (.bios)
                  00011ac0    000000e0              : sem_post.o67 (.bios)
                  00011ba0    000000e0              : sem_post_asm.o67 (.bios)
                  00011c80    000000e0     biosC6000.a67 : clk_meas.o67 (.bios)
                  00011d60    000000c0     bios.a67 : knl_ipos.o67 (.bios)
                  00011e20    000000c0              : knl_post.o67 (.bios)
                  00011ee0    000000c0              : lck.o67 (.bios)
                  00011fa0    000000c0              : sys_exit.o67 (.bios)
                  00012060    000000c0     biosC6000.a67 : clk_htime.o67 (.bios)
                  00012120    00000080     bios.a67 : fxn.o67 (.bios)
                  000121a0    00000080              : idl_busy.o67 (.bios)
                  00012220    00000080              : log.o67 (.bios)
                  000122a0    00000080              : sts.o67 (.bios)
                  00012320    00000080     biosC6000.a67 : idl_cal.o67 (.bios)
                  000123a0    00000060     bios.a67 : sys_erro.o67 (.bios:.near)
                  00012400    00000060              : hwi_c.o67 (.bios)
                  00012460    00000060              : sem_pend_counting.o67 (.bios)
                  000124c0    00000060              : sys_abor.o67 (.bios)
                  00012520    00000060              : utl_putc.o67 (.bios)
                  00012580    00000060     biosC6000.a67 : clk_start.o67 (.bios)
                  000125e0    00000040     bios.a67 : idl_stub.o67 (.bios)
                  00012620    00000040              : rta_andn.o67 (.bios)
                  00012660    00000040              : utl_doab.o67 (.bios)
                  000126a0    00000040     biosC6000.a67 : clk_stop.o67 (.bios)
                  000126e0    00000020     bios.a67 : fxn_c.o67 (.bios)
                  00012700    00000020              : gbl_vers.o67 (.bios)
                  00012720    00000020              : idl.o67 (.bios)
                  00012740    00000020              : sts_set.o67 (.bios)
                  00012760    00000020              : utl_doer.o67 (.bios)
                  00012780    00000020              : utl_halt.o67 (.bios)

.cinit     0    000127a0    0000112c     
                  000127a0    000005ac     dsp_bios_cfg.obj (.cinit)
                  00012d4c    00000004     --HOLE-- [fill = 0]
                  00012d50    0000026c     bios.a67 : biosdata.o67 (.cinit)
                  00012fbc    00000004     --HOLE-- [fill = 0]
                  00012fc0    000001a4              : knl.o67 (.cinit)
                  00013164    00000004     --HOLE-- [fill = 0]
                  00013168    0000012c     csl6713.lib : csl_irq.obj (.cinit)
                  00013294    00000004     --HOLE-- [fill = 0]
                  00013298    000000b0     bios.a67 : swi.o67 (.cinit)
                  00013348    000000ac     enhance.obj (.cinit)
                  000133f4    00000004     --HOLE-- [fill = 0]
                  000133f8    00000070     bios.a67 : tsk.o67 (.cinit)
                  00013468    00000060              : tsk_stup.o67 (.cinit)
                  000134c8    0000005c     lnkrtdx.a67 : rtdx.o67 (.cinit)
                  00013524    00000004     --HOLE-- [fill = 0]
                  00013528    00000054     csl6713.lib : csl_mcbsp.obj (.cinit)
                  0001357c    00000004     --HOLE-- [fill = 0]
                  00013580    0000004c     bios.a67 : rta.o67 (.cinit)
                  000135cc    00000004     --HOLE-- [fill = 0]
                  000135d0    0000004c     rtdx.lib : buffer1.o62 (.cinit)
                  0001361c    00000004     --HOLE-- [fill = 0]
                  00013620    00000048     rts6700.lib : cos.obj (.cinit)
                  00013668    00000048                 : sin.obj (.cinit)
                  000136b0    00000040                 : exp.obj (.cinit)
                  000136f0    00000034     bios.a67 : hwi.o67 (.cinit)
                  00013724    00000004     --HOLE-- [fill = 0]
                  00013728    00000030     dsk6713bslccsv4.lib : dsk6713_aic23_registers.obj (.cinit)
                  00013758    0000002c     bios.a67 : utl_putc.o67 (.cinit)
                  00013784    00000004     --HOLE-- [fill = 0]
                  00013788    0000002c     rts6700.lib : exit.obj (.cinit)
                  000137b4    00000004     --HOLE-- [fill = 0]
                  000137b8    00000024     bios.a67 : obj_init.o67 (.cinit)
                  000137dc    00000004     --HOLE-- [fill = 0]
                  000137e0    0000001c              : sys.o67 (.cinit)
                  000137fc    00000004     --HOLE-- [fill = 0]
                  00013800    0000001c     rts6700.lib : _lock.obj (.cinit)
                  0001381c    00000004     --HOLE-- [fill = 0]
                  00013820    0000001c                 : atexit.obj (.cinit)
                  0001383c    00000004     --HOLE-- [fill = 0]
                  00013840    00000018     bios.a67 : knl_tick.o67 (.cinit)
                  00013858    00000010     rts6700.lib : divd.obj (.cinit)
                  00013868    00000010                 : divf.obj (.cinit)
                  00013878    0000000c     bios.a67 : gbl_setL2CacheMode.o67 (.cinit)
                  00013884    00000004     --HOLE-- [fill = 0]
                  00013888    0000000c              : idl_busy.o67 (.cinit)
                  00013894    00000004     --HOLE-- [fill = 0]
                  00013898    0000000c              : knl_swit.o67 (.cinit)
                  000138a4    00000004     --HOLE-- [fill = 0]
                  000138a8    0000000c     rts6700.lib : errno.obj (.cinit)
                  000138b4    00000004     --HOLE-- [fill = 0]
                  000138b8    0000000c                 : sinit.obj (.cinit)
                  000138c4    00000004     --HOLE-- [fill = 0]
                  000138c8    00000004     (.pad.cinit) [fill = 0]

.hst1      0    000138cc    00000010     UNINITIALIZED
                  000138cc    00000010     dsp_bios_cfg.obj (.hst1)

.args      0    000138dc    00000004     
                  000138dc    00000004     --HOLE-- [fill = 0]

.rtdx_text 
*          0    000138e0    00000ea0     
                  000138e0    00000400     rtdx.lib : rtdx_mon.o62 (.rtdx_text:_RTDX_Poll)
                  00013ce0    00000340              : buffer1.o62 (.rtdx_text:_RTDX_Buffer_WriteCB)
                  00014020    00000300              : buffer1.o62 (.rtdx_text:_RTDX_write_next)
                  00014320    00000140              : rtdx_mon.o62 (.rtdx_text:_RTDX_Mon_Queue)
                  00014460    000000e0              : buffer1.o62 (.rtdx_text:_claim)
                  00014540    00000080              : rtdx_mon.o62 (.rtdx_text:_RTDX_Init_RT_Monitor)
                  000145c0    00000060              : buffer1.o62 (.rtdx_text:_RTDX_Buffer_Initialize)
                  00014620    00000060              : buffer2.o62 (.rtdx_text:_RTDX_Buffer_ReadCB)
                  00014680    00000040              : buffer1.o62 (.rtdx_text:_RTDX_Buffer_Size)
                  000146c0    00000040              : rtdx_mon.o62 (.rtdx_text:_RTDX_Final_RT_Monitor)
                  00014700    00000020              : buffer2.o62 (.rtdx_text:_RTDX_Buffer_Read)
                  00014720    00000020              : buffer1.o62 (.rtdx_text:_RTDX_Buffer_Write)
                  00014740    00000020              : rtdx_mon.o62 (.rtdx_text:_RTDX_checksum)
                  00014760    00000020              : intr_tgt.o62 (.rtdx_text)

.far       0    00014780    00000610     UNINITIALIZED
                  00014780    00000188     rts6700.lib : atexit.obj (.far)
                  00014908    000000f4     csl6713.lib : csl_irq.obj (.far)
                  000149fc    000000d8     bios.a67 : knl.o67 (.far)
                  00014ad4    0000005c              : tsk.o67 (.far)
                  00014b30    00000054              : obj_init.o67 (.far)
                  00014b84    00000050              : tsk_stup.o67 (.far)
                  00014bd4    00000044     enhance.obj (.far)
                  00014c18    00000040     rts6700.lib : cos.obj (.far)
                  00014c58    00000040                 : sin.obj (.far)
                  00014c98    00000038     csl6713.lib : csl_mcbsp.obj (.far)
                  00014cd0    00000030     rts6700.lib : exp.obj (.far)
                  00014d00    00000028     dsk6713bslccsv4.lib : dsk6713_aic23_registers.obj (.far)
                  00014d28    00000020     bios.a67 : sys.o67 (.far)
                  00014d48    00000010              : knl_tick.o67 (.far)
                  00014d58    0000000c              : utl_putc.o67 (.far)
                  00014d64    0000000c     rts6700.lib : exit.obj (.far)
                  00014d70    00000008                 : _lock.obj (.far)
                  00014d78    00000008                 : divd.obj (.far)
                  00014d80    00000008                 : divf.obj (.far)
                  00014d88    00000004                 : errno.obj (.far)
                  00014d8c    00000004                 : sinit.obj (.far)

.idl       0    00014d90    00000010     UNINITIALIZED
                  00014d90    00000010     dsp_bios_cfg.obj (.idl)

.sysinit   0    00014da0    00000520     
                  00014da0    000002e0     dsp_bios_cfg.obj (.sysinit)
                  00015080    000000e0     bios.a67 : mem_init.o67 (.sysinit)
                  00015160    000000c0              : boot.o67 (.sysinit)
                  00015220    00000080              : tsk_init.o67 (.sysinit)
                  000152a0    00000020              : obj_init.o67 (.sysinit)

.rtdx_data 
*          0    000152c0    0000044c     UNINITIALIZED
                  000152c0    00000410     dsp_bios_cfg.obj (.rtdx_data)
                  000156d0    00000020     rtdx.lib : buffer1.o62 (.rtdx_data)
                  000156f0    0000001c              : rtdx_mon.o62 (.rtdx_data)

.mem       0    0001570c    00000004     UNINITIALIZED
                  0001570c    00000004     dsp_bios_cfg.obj (.mem)

.TSK_idle$stk 
*          0    00015710    00000400     UNINITIALIZED
                  00015710    00000400     dsp_bios_cfg.obj (.TSK_idle$stk)

.stack     0    00015b10    00000400     UNINITIALIZED
                  00015b10    00000400     --HOLE--

.bss       0    00015f10    0000039a     UNINITIALIZED
                  00015f10    00000100     bios.a67 : hwi_disp_asm.o67 (.bss)
                  00016010    000000cc              : biosdata.o67 (.bss)
                  000160dc    0000009c              : swi.o67 (.bss)
                  00016178    0000004c     enhance.obj (.bss)
                  000161c4    00000048     bios.a67 : knl.o67 (.bss)
                  0001620c    00000028     dsp_bios_cfg.obj (.bss)
                  00016234    00000018     bios.a67 : hwi.o67 (.bss)
                  0001624c    00000018     lnkrtdx.a67 : rtdx.o67 (.bss)
                  00016264    00000010     rtdx.lib : buffer1.o62 (.bss)
                  00016274    0000000c     bios.a67 : tsk.o67 (.bss)
                  00016280    00000008              : clk_data.o67 (.bss)
                  00016288    00000008              : sys.o67 (.bss)
                  00016290    00000008     dsk6713bslccsv4.lib : dsk6713_aic23_opencodec.obj (.bss)
                  00016298    00000004     bios.a67 : clk_data2.o67 (.bss)
                  0001629c    00000004              : gbl_setL2CacheMode.o67 (.bss)
                  000162a0    00000004              : idl_busy.o67 (.bss)
                  000162a4    00000004              : mem_asm.o67 (.bss)
                  000162a8    00000002     dsk6713bslccsv4.lib : dsk6713.obj (.bss)

.trace     0    000162ac    00000200     
                  000162ac    00000200     --HOLE-- [fill = 00000000]

.const     0    000164b0    00000101     
                  000164b0    0000004e     bios.a67 : tsk_stup.o67 (.const)
                  000164fe    00000002     --HOLE-- [fill = 0]
                  00016500    00000040     dsk6713bslccsv4.lib : dsk6713_aic23_opencodec.obj (.const)
                  00016540    00000023     bios.a67 : utl_doab.o67 (.const)
                  00016563    00000022              : utl_doer.o67 (.const)
                  00016585    00000003     --HOLE-- [fill = 0]
                  00016588    00000020     dsk6713bslccsv4.lib : dsk6713.obj (.const)
                  000165a8    00000004     bios.a67 : mem_allo.o67 (.const)
                  000165ac    00000004              : mem_free.o67 (.const)
                  000165b0    00000001              : tsk.o67 (.const)

.printf    0    000165b1    0000003f     COPY SECTION
                  000165b1    0000003f     dsp_bios_cfg.obj (.printf)

.gblinit   0    000165b4    00000040     
                  000165b4    00000040     dsp_bios_cfg.obj (.gblinit)

.pinit     0    000165f4    0000000c     
                  000165f4    00000004     rtdx.lib : buffer1.o62 (.pinit)
                  000165f8    00000004              : rtdx_mon.o62 (.pinit)
                  000165fc    00000004     --HOLE-- [fill = 0]

.LOG_system$buf 
*          0    00016600    00000100     UNINITIALIZED
                  00016600    00000100     dsp_bios_cfg.obj (.LOG_system$buf)

.hst0      0    00016700    00000100     UNINITIALIZED
                  00016700    00000100     dsp_bios_cfg.obj (.hst0)

.pip       0    00016800    000000c8     UNINITIALIZED
                  00016800    000000c8     dsp_bios_cfg.obj (.pip)

.tsk       0    000168c8    00000060     UNINITIALIZED
                  000168c8    00000060     dsp_bios_cfg.obj (.tsk)

.hst       0    00016928    0000003c     UNINITIALIZED
                  00016928    0000003c     dsp_bios_cfg.obj (.hst)

.sts       0    00016964    00000030     
                  00016964    00000030     dsp_bios_cfg.obj (.sts)

.swi       0    00016994    0000002c     UNINITIALIZED
                  00016994    0000002c     dsp_bios_cfg.obj (.swi)

.switch    0    000169c0    00000028     
                  000169c0    00000028     rtdx.lib : rtdx_mon.o62 (.switch)

.log       0    000169e8    00000018     
                  000169e8    00000018     dsp_bios_cfg.obj (.log)

.idlcal    0    00016a00    00000010     UNINITIALIZED
                  00016a00    00000010     dsp_bios_cfg.obj (.idlcal)

.sys       0    00016a10    00000010     UNINITIALIZED
                  00016a10    00000010     dsp_bios_cfg.obj (.sys)

.trcdata   0    00016a20    0000000c     
                  00016a20    0000000c     bios.a67 : trc.o67 (.trcdata)

.clk       0    00016a2c    00000008     UNINITIALIZED
                  00016a2c    00000008     dsp_bios_cfg.obj (.clk)


GLOBAL SYMBOLS: SORTED ALPHABETICALLY BY Name 

address    name
--------   ----
00015f10   $bss
00015f10   .bss
00000000   .data
00008200   .text
00014f5c   BIOS$$CLKOFF
00014f1c   BIOS$$CLKON
00014da0   BIOS_init
00014fc4   BIOS_start
00000000   BUF$
00000001   BUF_ENABLED
00000001   CLK$
00016a2c   CLK_A_TABBEG
00000001   CLK_CALDIV
00000004   CLK_CALMULT
0000dbba   CLK_COUNTSPMS
00000000   CLK_COUNTSPMSHIGH
00016038   CLK_D_idletime
00016034   CLK_D_isrhook
00016030   CLK_D_tabbeg
0001602c   CLK_D_timefxn
00012060   CLK_F_getfhtime
00012080   CLK_F_gethtime
00011160   CLK_F_getltime
00012080   CLK_F_getshtime
00011174   CLK_F_isr
000112d4   CLK_F_itime
0000ee00   CLK_HOOKFXN
00000001   CLK_HTIMEDIV
00000004   CLK_HTIMEMULT
0000dbba   CLK_HTIMEPERLTIME
00004000   CLK_INTBIT
00000001   CLK_LTIMEDIV
00036ee8   CLK_LTIMEMULT
000003e8   CLK_MICROSECS
0000dbba   CLK_PRD
00000000   CLK_PRDHIGH
01940000   CLK_REGS
00016028   CLK_R_time
00000020   CLK_TCR
00000000   CLK_TDDR
00000000   CLK_TDDRHIGH
00012080   CLK_TIMEFXN
00000000   CLK_TIMERNUM
00000001   CLK_USETIMER
00016a30   CLK_null
00000000   DEV$
00000000   DGN$
00000000   DHL$
00000000   DHL_gChannelsAvailable
00000000   DIO$
00000000   DIO_NUMSWIBASE
00000000   DIO_NUMTSKBASE
00000000   DIO_STATIC
00000000   DPI$
00012120   FXN_F_nop
00012128   FXN_F_run
00012178   FXN_F_zero
00000001   GBL$
00005205   GBL_A_VERSION
00000000   GBL_BIGENDIAN
00000000   GBL_C641XL2PRIORITY
00000000   GBL_CACHE
00000001   GBL_CALLCSLCFGINIT
00004e20   GBL_CLKIN
00001770   GBL_CLKTYPE
00001a39   GBL_DSPSUBTYPE
0000003e   GBL_DSPTYPE
00000001   GBL_ENABLEINST
00000042   GBL_FOOTPRINT
00036ee8   GBL_FREQ
00002226   GBL_L2ALLOC
00000000   GBL_L2CONFIGALLOC
00000001   GBL_L2CONFIGURE
00000001   GBL_L2MARMASK
00000000   GBL_L2MARMASK1
00000000   GBL_L2MARMASK2
00000000   GBL_L2MARMASK3
00000000   GBL_L2MARMASK4
00000000   GBL_L2MARMASK5
00000000   GBL_L2MODE
00000000   GBL_L2PRIORITY
00000000   GBL_NULL
00000000   GBL_PROCID
00000000   GBL_ROM
00000000   GBL_SUPPORTCSL
0000dbef   GBL_TRCMASKVALUE
00000001   GBL_USERINIT
0000cae8   GBL_USERINITFXN
00000001   GBL_boot
00016a28   GBL_initdone
00015b10   GBL_stackbeg
00015f0f   GBL_stackend
00000000   GIO$
000126e0   GIO_CREATEFXN
000126e0   GIO_DELETEFXN
000126e0   GIO_PENDFXN
000126e0   GIO_POSTFXN
00000000   HOOK$
00000000   HOOK_KNLID
00000001   HST$
00016928   HST_A_TABBEG
00016964   HST_A_TABEND
00000000   HST_DSM
00016218   HST_DSMBUFSEG
00000400   HST_DSMMEMSIZE
000160a4   HST_D_chanmask
000160a8   HST_D_tabbeg
000160ac   HST_D_tabend
000000ff   HST_MAXFRAMEALLOWED
00000040   HST_MAXFRAMESET
00000000   HST_NONE
00000001   HST_RTDX
00000001   HWI$
00000000   HWI_A_VECS
00004018   HWI_CFGDISPATCHED
00016244   HWI_D_bss
00016248   HWI_D_ccmask
00016234   HWI_D_spsave
0000ee00   HWI_F_dispatch
00000000   HWI_GENERATE_RESET_VEC
0000000a   HWI_INT10
00000000   HWI_INT10$hwi
0000000b   HWI_INT11
00000000   HWI_INT11$hwi
0000000c   HWI_INT12
00000000   HWI_INT12$hwi
0000000d   HWI_INT13
00000000   HWI_INT13$hwi
0000000e   HWI_INT14
00000000   HWI_INT14$hwi
0000000f   HWI_INT15
00000000   HWI_INT15$hwi
00000004   HWI_INT4
00000000   HWI_INT4$hwi
00000005   HWI_INT5
00000000   HWI_INT5$hwi
00000006   HWI_INT6
00000000   HWI_INT6$hwi
00000007   HWI_INT7
00000000   HWI_INT7$hwi
00000008   HWI_INT8
00000000   HWI_INT8$hwi
00000009   HWI_INT9
00000000   HWI_INT9$hwi
082039a3   HWI_INTRMULTHIGH
310718ae   HWI_INTRMULTLOW
00000001   HWI_NMI
00000000   HWI_NMI$hwi
00000000   HWI_POLARITYMASK
00000002   HWI_RESERVED0
00000000   HWI_RESERVED0$hwi
00000003   HWI_RESERVED1
00000000   HWI_RESERVED1$hwi
00000000   HWI_RESET
00000000   HWI_RESET$hwi
00000001   HWI_ZEROTAB
00000001   IDL$
00016a00   IDL_A_CALBEG
00014d90   IDL_A_TABBEG
00000006   IDL_CALIBRERROR
000125e0   IDL_CALIBRFXN
000162a0   IDL_D_busyObj
00016018   IDL_D_calbeg
00016014   IDL_D_calibrate
00016010   IDL_D_tabbeg
00014d9c   IDL_END
00016a0c   IDL_END$
000121a0   IDL_F_busy
00012320   IDL_F_calibrate
00012720   IDL_F_loop
000125e0   IDL_F_stub
00000001   IDL_USECLKIDLTIME
00016988   IDL_busyObj
000165eb   IDL_busyObj$avgfmt
00000001   IDL_busyObj$filter
00000001   IDL_busyObj$iA
00000000   IDL_busyObj$iB
00000001   IDL_busyObj$iC
000165e5   IDL_busyObj$maxfmt
00000000   IDL_busyObj$operation
00016984   IDL_busyObj$stsobj
000165e8   IDL_busyObj$sumfmt
00000002   IDL_busyObj$unittype
00014d90   IDL_cpuLoad
00016a00   IDL_cpuLoad$
00016218   IRAM
00000200   IRAM$B
00008000   IRAM$L
00000001   ISRC$
00011120   KNL_glue
00016994   KNL_swi
00000001   KNL_swi$dorta
00000000   KNL_swi$ord
00000000   KNL_swi$pri
00016968   KNL_swi$sts
000165c1   KNL_swi$sts$avgfmt
00000002   KNL_swi$sts$filter
00000001   KNL_swi$sts$filtmaxmult
00000001   KNL_swi$sts$filtsummult
000165b1   KNL_swi$sts$maxfmt
00016964   KNL_swi$sts$stsobj
000165b9   KNL_swi$sts$sumfmt
00000000   KNL_swi$sts$unittype
00000000   KNL_swi$swi
00000001   LCK$
0000dce0   LNK_F_checkBufferCall
0000dd60   LNK_F_dataPump
0000dd00   LNK_F_getChanPtr
0000dd58   LNK_F_init
0000e2a4   LNK_F_readCallBack
00014d94   LNK_dataPump
00016a04   LNK_dataPump$
00016250   LNK_dspFrameReadyMask
0001624c   LNK_dspFrameRequestMask
0000e000   LNK_newin
0000e140   LNK_newout
0000dd74   LNK_rcloop
0000de40   LNK_rdrtry
00016258   LNK_readDone
0001625c   LNK_readFail
00016254   LNK_readPend
0000de50   LNK_rrloop
00016260   LNK_writeFail
0000df24   LNK_wrloop
0000df14   LNK_wrrtry
00000001   LOG$
000169e8   LOG_A_TABBEG
00016a00   LOG_A_TABEND
00000001   LOG_A_TABLEN
0001601c   LOG_D_system
00000001   LOG_ENABLED
00012220   LOG_F_event
000169e8   LOG_system
00016600   LOG_system$buf
00000000   LOG_system$datatype
00000000   LOG_system$log
00000040   LOG_system$size
00000000   MBX$
00000001   MEM$
00016218   MEM_MALLOCSEG
00000000   MEM_NULL
00016218   MEM_SEGZERO
00000000   MEM_USEMPC
00000001   MEM_gNumHeap
00000000   MSGQ$
00000000   MSGQ_USEMSGQ
00000000   OBJ$
00000000   PIP$
00016800   PIP_A_TABBEG
000168c8   PIP_A_TABEND
00000002   PIP_A_TABLEN
00016020   PIP_D_tabbeg
00016024   PIP_D_tablen
000109d4   PIP_F_give
000109d4   PIP_F_probe
00010aa8   PIP_F_start
00010940   PIP_F_take
00000064   PIP_OBJSIZE
00000000   PIP_gNextId
00000002   PIP_gNumEmbed
00000000   POOL$
00000000   POOL_USEPOOL
00000001   PRD$
00000000   PRD_A_TABBEG
00000000   PRD_A_TABEND
00000000   PRD_A_TABLEN
00016060   PRD_D_cur
00016064   PRD_D_elapsed
00016068   PRD_D_prevtim
0001606c   PRD_D_scalar
00016070   PRD_D_swihandle
00016074   PRD_D_tabbeg
00016078   PRD_D_tablen
0001607c   PRD_D_thook
0001605c   PRD_D_tick
0000f640   PRD_F_swi
0000f900   PRD_F_tick
00004000   PRD_SCALAR
00000000   PRD_SWIHANDLE
000106e0   PRD_THOOKFXN
00016a2c   PRD_clock
00000001   QUE$
00016080   RTA_D_fromHost
00016088   RTA_D_logval
00016098   RTA_D_stsval
00016084   RTA_D_toHost
00012620   RTA_F_andn
0000fd98   RTA_F_dispatch
0000fca0   RTA_F_getlog
0000fce4   RTA_F_getsts
00012640   RTA_F_or
0000fd2c   RTA_F_readblk
0000fd58   RTA_F_resetmem
0000fd4c   RTA_F_writeword
00014d98   RTA_dispatcher
00016a08   RTA_dispatcher$
0000fde8   RTA_execute
0001692c   RTA_fromHost
000138cc   RTA_fromHost$buf
00000004   RTA_fromHost$framesize
00000000   RTA_fromHost$hst
00000001   RTA_fromHost$id
00000000   RTA_fromHost$mode
00016800   RTA_fromHost$pipe
00016830   RTA_fromHost$pipe$aaa
00016860   RTA_fromHost$pipe$bbb
0001621c   RTA_fromHost$pipe$dtab
00016804   RTA_fromHost$pipe$rd
00016834   RTA_fromHost$pipe$wr
00016934   RTA_fromHost$rtdx
00016948   RTA_toHost
00016700   RTA_toHost$buf
00000040   RTA_toHost$framesize
00000000   RTA_toHost$hst
00000000   RTA_toHost$id
00000001   RTA_toHost$mode
00016864   RTA_toHost$pipe
00016894   RTA_toHost$pipe$aaa
000168c4   RTA_toHost$pipe$bbb
00016228   RTA_toHost$pipe$dtab
00016868   RTA_toHost$pipe$rd
00016898   RTA_toHost$pipe$wr
00016950   RTA_toHost$rtdx
00000001   RTDX$
00000408   RTDX_BUFMEMSIZE
00016218   RTDX_DATAMEMSEG
00000000   RTDX_MODE
00000001   RTDX_NORMALIZED_HDR
00000001   RTDX_USERTDX
00000000   RTDX_USERTEXECUTION
ffffffff   SDRAM
00000000   SEM$
00000000   SIO$
00000001   STS$
00016964   STS_A_TABBEG
00016994   STS_A_TABEND
000122d8   STS_F_add
000122a0   STS_F_delta
00012304   STS_F_reset
00000001   SWI$
00016994   SWI_A_TABBEG
000169c0   SWI_A_TABEND
00000001   SWI_A_TABLEN
000160f4   SWI_D_curfxn
000160e4   SWI_D_curmask
000160f0   SWI_D_curmbox
000160e8   SWI_D_curset
000160e0   SWI_D_execaddr
000160fc   SWI_D_inswi
000160ec   SWI_D_lock
000160f8   SWI_D_rdybeg
00016100   SWI_D_rdytab
000160dc   SWI_D_runaddr
00000000   SWI_EHOOKFXN
0000eadc   SWI_EXECFXN
0000e8c0   SWI_F_enable
0000eadc   SWI_F_exec
0000eb08   SWI_F_iexec
0000e930   SWI_F_post
0000eb98   SWI_F_run
00000000   SWI_IHOOKFXN
0000eb98   SWI_RUNFXN
00000001   SYS$
00016a10   SYS$config
00012660   SYS_ABORTFXN
00012760   SYS_ERRORFXN
00012780   SYS_EXITFXN
00012520   SYS_PUTCFXN
00016a24   TRC_R_mask
00016a20   TRC_cinit
00000001   TSK$
00000000   TSK_NUM_HOOKS
00000001   TSK_PRIORITY
00000000   TSK_READYFXN
00000000   TSK_STACKSEG
00000400   TSK_STACKSIZE
00000000   TSK_SWITCHFXN
000126e0   TSK_VCREATEFXN
000126e0   TSK_VDELETEFXN
000126e0   TSK_VEXITFXN
000168d4   TSK_idle
00000000   TSK_idle$ord
00000000   TSK_idle$pri
00015710   TSK_idle$stack
00015aa8   TSK_idle$stkptr
00016978   TSK_idle$sts
000165db   TSK_idle$sts$avgfmt
00000002   TSK_idle$sts$filter
00000001   TSK_idle$sts$filtmaxmult
00000001   TSK_idle$sts$filtsummult
000165cb   TSK_idle$sts$maxfmt
00016974   TSK_idle$sts$stsobj
000165d3   TSK_idle$sts$sumfmt
00000000   TSK_idle$sts$unittype
00000000   TSK_idle$tsk
00000000   UDEV$
00014da0   _BIOS_init
00014fc4   _BIOS_start
0000dbba   _CLK_COUNTSPMS
00016280   _CLK_DFLTMICROSECS
00016058   _CLK_D_countspms
0001604c   _CLK_D_dirty
00016284   _CLK_D_microseconds
00016050   _CLK_D_prd
00016054   _CLK_D_tddr
000112d4   _CLK_F_itime
0000dbba   _CLK_PRD
01940000   _CLK_REGS
00000000   _CLK_TDDR
00000000   _CLK_TIMERNUM
00000001   _CLK_USETIMER
0001603c   _CLK_htimeDiv
00016040   _CLK_htimeMult
00016298   _CLK_htimePerLtime
000112d4   _CLK_itime
00016044   _CLK_ltimeDiv
00016048   _CLK_ltimeMult
00011c80   _CLK_measure
00012580   _CLK_start
000126a0   _CLK_stop
00014bd4   _Config
00016290   _DSK6713_AIC23_codeccontrolhandle
00016294   _DSK6713_AIC23_codecdatahandle
0000cd2c   _DSK6713_AIC23_config
0000bbe0   _DSK6713_AIC23_openCodec
0000cd08   _DSK6713_AIC23_rget
0000cc40   _DSK6713_AIC23_rset
0000af00   _DSK6713_getVersion
0000af50   _DSK6713_init
0000ae6c   _DSK6713_rget
0000ae58   _DSK6713_rset
000162a8   _DSK6713_version
0000ad80   _DSK6713_wait
0000ae24   _DSK6713_waitusec
000126e0   _FXN_F_nop
00012128   _FXN_F_run
00012178   _FXN_F_zero
00000000   _GBL_CACHE
000160b4   _GBL_clkIn
00011900   _GBL_cslCacheInit
000160b8   _GBL_freq
00012700   _GBL_getVersion
000160b0   _GBL_procId
0000cae8   _GBL_setPLLto225MHz
00016928   _HST_A_TABBEG
00016964   _HST_A_TABEND
00004018   _HWI_CFGDISPATCHED
00016240   _HWI_D_inhwi
00016234   _HWI_D_spsave
0000ee00   _HWI_F_dispatch
0000000a   _HWI_INT10
0000000b   _HWI_INT11
0000000c   _HWI_INT12
0000000d   _HWI_INT13
0000000e   _HWI_INT14
0000000f   _HWI_INT15
00000004   _HWI_INT4
00000005   _HWI_INT5
00000006   _HWI_INT6
00000007   _HWI_INT7
00000008   _HWI_INT8
00000009   _HWI_INT9
00000001   _HWI_NMI
00000002   _HWI_RESERVED0
00000003   _HWI_RESERVED1
00000000   _HWI_RESET
00015f08   _HWI_STKBOTTOM
00015b10   _HWI_STKTOP
00016234   _HWI_data
00012400   _HWI_disable
00015f10   _HWI_dispatchTab
00012418   _HWI_enable
0001242c   _HWI_restore
00016188   _H_Codec
00016988   _IDL_busyObj
00014d90   _IDL_cpuLoad
00012720   _IDL_loop
00016218   _IRAM
00000200   _IRAM_base
00008000   _IRAM_length
0000dac0   _IRQ_enable
0000dc00   _IRQ_globalDisable
0000dc20   _IRQ_globalEnable
0000c5c0   _IRQ_map
0000dc40   _IRQ_nmiEnable
00008e50   _ISR_AIC
000161cc   _KNL_alarm
000117c0   _KNL_check
000161f0   _KNL_curqueue
000161e0   _KNL_curtask
000161e8   _KNL_curtime
00014a9c   _KNL_dummy
00011a34   _KNL_enter
000119e0   _KNL_exit
00011898   _KNL_idle
00016208   _KNL_idlefxn
000161d4   _KNL_inactive
00011d60   _KNL_ipost
000118bc   _KNL_max
000161f4   _KNL_maxqueue
00011e20   _KNL_post
000161e4   _KNL_prevtask
000161d8   _KNL_priority
000149fc   _KNL_queues
0000f9e0   _KNL_run
00010fa0   _KNL_saveIsrFrame
000161dc   _KNL_set
000161d0   _KNL_setpri
00016994   _KNL_swi
000161ec   _KNL_swiptr
0001106c   _KNL_switch
000161fc   _KNL_tcreatefxn
00016200   _KNL_tdeletefxn
000106e0   _KNL_tick
00016204   _KNL_treadyfxn
000161f8   _KNL_tswitchfxn
000161c4   _KNL_wFlag
000161c8   _KNL_wList
00011f10   _LCK_pend
00011ee0   _LCK_post
00014d94   _LNK_dataPump
00016250   _LNK_dspFrameReadyMask
0001624c   _LNK_dspFrameRequestMask
00016258   _LNK_readDone
0001625c   _LNK_readFail
00016254   _LNK_readPend
00016260   _LNK_writeFail
000169e8   _LOG_A_TABBEG
00016a00   _LOG_A_TABEND
00000001   _LOG_A_TABLEN
0001601c   _LOG_D_system
00012220   _LOG_event
000169e8   _LOG_system
0000d260   _MCBSP_open
0000c780   _MCBSP_reset
0000d360   _MCBSP_start
000162a4   _MEM
000160bc   _MEM_D_NUMSEGMENTS
000160c4   _MEM_D_freelist
000160c8   _MEM_D_lockaddr
000160c0   _MEM_D_memtab
000160cc   _MEM_D_unlockaddr
00010220   _MEM_alloc
00010700   _MEM_free
00015080   _MEM_init
0001620c   _MEM_memtab
00014c08   _Mbuffs
000152a0   _OBJ_init
00014b68   _OBJ_segtab
00014b30   _OBJ_table
00016800   _PIP_A_TABBEG
000168c8   _PIP_A_TABEND
0001605c   _PRD_D_tick
00016a2c   _PRD_clock
00014d98   _RTA_dispatcher
0001692c   _RTA_fromHost
00016948   _RTA_toHost
000152c0   _RTDX_Buffer
000156cc   _RTDX_Buffer_End
000145c0   _RTDX_Buffer_Initialize
00014700   _RTDX_Buffer_Read
00014620   _RTDX_Buffer_ReadCB
00014680   _RTDX_Buffer_Size
000156c8   _RTDX_Buffer_Start
00014720   _RTDX_Buffer_Write
00013ce0   _RTDX_Buffer_WriteCB
000146c0   _RTDX_Final_RT_Monitor
00014540   _RTDX_Init_RT_Monitor
00000002   _RTDX_JTAGONLY
00014760   _RTDX_Mask_IER
00014320   _RTDX_Mon_Queue
000138e0   _RTDX_Poll
00000000   _RTDX_interrupt_mask
000156dc   _RTDX_writing
ffffffff   _SDRAM
00012460   _SEM_pend
0000ff60   _SEM_pendEnterKnl
00011ba0   _SEM_post
00011ba0   _SEM_postBinary
00011ac0   _SEM_postEnterKnl
00016964   _STS_A_TABBEG
00016994   _STS_A_TABEND
000122d8   _STS_add
000122a0   _STS_delta
00012304   _STS_reset
00012740   _STS_set
000160f4   _SWI_D_curfxn
000160e4   _SWI_D_curmask
000160e8   _SWI_D_curset
000160e0   _SWI_D_execaddr
000160fc   _SWI_D_inswi
000160ec   _SWI_D_lock
000160f8   _SWI_D_rdybeg
000160dc   _SWI_D_runaddr
000160dc   _SWI_data
0000e930   _SWI_post
000160d0   _SYS
000162ac   _SYS_PUTCBEG
000164ab   _SYS_PUTCEND
000124c0   _SYS_abort
000123a0   _SYS_error
00011fa0   _SYS_exit
00014d28   _SYS_exitStack
00016288   _SYS_exitStackPtr
0001628c   _SYS_exitStackTop
00016a24   _TRC_R_mask
0001627c   _TSK
00014ad4   _TSK_ATTRS
00014af0   _TSK_config
00011320   _TSK_exit
000168d4   _TSK_idle
00015220   _TSK_init
00016274   _TSK_nTasks
00016278   _TSK_pid
00010da0   _TSK_setup
00011700   _TSK_startup
00014b10   _TSK_timerSem
00012660   _UTL_doAbort
00012760   _UTL_doError
00012520   _UTL_doPutc
00012780   _UTL_halt
000112f0   __CLK_lat1beg
0001131c   __CLK_lat1end
0000e714   __GBL_setL2CacheMode
000160d8   __HOOK_NUMHOOKS
000160d4   __HOOK_knlId
0000ee00   __HWI_lat1beg
0000ef80   __HWI_lat1end
0000ef80   __HWI_lat2beg
0000f120   __HWI_lat2end1
0000f0ac   __HWI_lat2end2
0000f140   __HWI_lat3beg
0000f240   __HWI_lat3end1
0000f0dc   __HWI_lat3end2
000121a0   __IDL_lat1beg
000121f0   __IDL_lat1end
000149f4   __IRQ_dispatchTable
00014930   __IRQ_eventTable
0000dcc0   __IRQ_hookFetchPacket
000149b4   __IRQ_intTable
00011810   __KNL_lat1beg
00011898   __KNL_lat1end
00012220   __LOG_lat1beg
00014cc8   __MCBSP_hDev0
00014ccc   __MCBSP_hDev1
00014bac   __MEM_mutex
0000fd58   __RTA_lat1beg
0000fd90   __RTA_lat1end
00010b80   __SEM_dopost
00000400   __STACK_SIZE
0000ea6c   __SWI_lat1beg
0000eb20   __SWI_lat1end
0000eb24   __SWI_lat2beg
0000eb94   __SWI_lat2end
0000e8c0   __SWI_lat3beg
0000e92c   __SWI_lat3end
00014b84   __TSK_mutex
00014d6c   ___TI_enable_exit_profile_output
ffffffff   ___TI_pprof_out_hndl
ffffffff   ___TI_prof_data_size
ffffffff   ___TI_prof_data_start
0000db00   ___add_dtor
00014780   ___atexit_func_id__
ffffffff   ___binit__
00015f10   ___bss__
ffffffff   ___c_args__
000127a0   ___cinit__
00000000   ___data__
00000000   ___edata__
000162aa   ___end__
0000dce0   ___etext__
000165f4   ___pinit__
00008200   ___text__
000114c0   __auto_init
00014d64   __cleanup_ptr
00008f00   __divd
0000a760   __divf
00014d68   __dtors_ptr
0000b200   __frcmpyd_div
0000d560   __frcmpyf_div
00014d70   __lock
0000d980   __mpyll
0000dc60   __nop
0000d640   __nround
0000dc80   __register_lock
0000dca0   __register_unlock
00015b10   __stack
0000cdc0   __strasgi
0000dbc0   __trunc
00014d74   __unlock
0000a5f4   _aimag
00016178   _alpha
0000d460   _atexit
00009860   _bitrev
00015160   _c_int00
0000a0e0   _cabs
0000a1e4   _cadd
0000cf00   _call_dtors
0000f5a8   _calloc
0000a408   _cdiv
0000a62c   _cexp
0000a150   _cmplx
0000a2fc   _cmul
0000a190   _conjg
0000b580   _cos
000161b0   _cpufrac
0000a270   _csub
00009da8   _dft
00009a60   _dftmerge
00014d8c   _dtors
00014d88   _errno
0000bec0   _exp
00009c58   _fft
000161b8   _frame_ptr
0000f260   _free
0000d020   _frexp
00009cac   _ifft
0001618c   _inbuffer
000161a8   _ingain
000085a8   _init_HWI
000084e4   _init_hardware
00016194   _inwin
000161b4   _io_ptr
00016180   _kop1
0001617c   _lambda
0000c920   _ldexp
00008200   _main
0000f28c   _malloc
0000f454   _memalign
0000c140   _memcpy
0000d140   _memset
0000d800   _modf
0000d79c   _mono_read_16Bit
0000d774   _mono_write_16Bit
00016184   _nonlinclip
00016190   _outbuffer
000161ac   _outgain
00016198   _outwin
0001619c   _powbinstate
00014bfc   _powratiobuffs
00008640   _process_frame
000161a0   _procframe
000161a4   _procframeprepipe
0000a524   _rdiv
0000a5bc   _real
0000f310   _realloc
0000a39c   _rmul
0001626c   _rtdxNullChanCnt
00016270   _rtdxNullFuncCnt
000156d0   _rtdx_buffer_state
000156f0   _rtdx_mon_state
000098ec   _shuffle
0000b8c0   _sin
0000c380   _sqrt
0000d748   _stereo_read_16Bit
0000d720   _stereo_write_16Bit
00009800   _swap
0000cac0   _wait500nS
ffffffff   binit
000127a0   cinit
00000000   edata
000162aa   end
0000dce0   etext
00000000   hwi0
00000020   hwi1
00000140   hwi10
00000160   hwi11
00000180   hwi12
000001a0   hwi13
000001c0   hwi14
000001e0   hwi15
00000040   hwi2
00000060   hwi3
00000080   hwi4
000000a0   hwi5
000000c0   hwi6
000000e0   hwi7
00000100   hwi8
00000120   hwi9
000165f4   pinit


GLOBAL SYMBOLS: SORTED BY Symbol Address 

address    name
--------   ----
00000000   .data
00000000   BUF$
00000000   CLK_COUNTSPMSHIGH
00000000   CLK_PRDHIGH
00000000   CLK_TDDR
00000000   CLK_TDDRHIGH
00000000   CLK_TIMERNUM
00000000   DEV$
00000000   DGN$
00000000   DHL$
00000000   DHL_gChannelsAvailable
00000000   DIO$
00000000   DIO_NUMSWIBASE
00000000   DIO_NUMTSKBASE
00000000   DIO_STATIC
00000000   DPI$
00000000   GBL_BIGENDIAN
00000000   GBL_C641XL2PRIORITY
00000000   GBL_CACHE
00000000   GBL_L2CONFIGALLOC
00000000   GBL_L2MARMASK1
00000000   GBL_L2MARMASK2
00000000   GBL_L2MARMASK3
00000000   GBL_L2MARMASK4
00000000   GBL_L2MARMASK5
00000000   GBL_L2MODE
00000000   GBL_L2PRIORITY
00000000   GBL_NULL
00000000   GBL_PROCID
00000000   GBL_ROM
00000000   GBL_SUPPORTCSL
00000000   GIO$
00000000   HOOK$
00000000   HOOK_KNLID
00000000   HST_DSM
00000000   HST_NONE
00000000   HWI_A_VECS
00000000   HWI_GENERATE_RESET_VEC
00000000   HWI_INT10$hwi
00000000   HWI_INT11$hwi
00000000   HWI_INT12$hwi
00000000   HWI_INT13$hwi
00000000   HWI_INT14$hwi
00000000   HWI_INT15$hwi
00000000   HWI_INT4$hwi
00000000   HWI_INT5$hwi
00000000   HWI_INT6$hwi
00000000   HWI_INT7$hwi
00000000   HWI_INT8$hwi
00000000   HWI_INT9$hwi
00000000   HWI_NMI$hwi
00000000   HWI_POLARITYMASK
00000000   HWI_RESERVED0$hwi
00000000   HWI_RESERVED1$hwi
00000000   HWI_RESET
00000000   HWI_RESET$hwi
00000000   IDL_busyObj$iB
00000000   IDL_busyObj$operation
00000000   KNL_swi$ord
00000000   KNL_swi$pri
00000000   KNL_swi$sts$unittype
00000000   KNL_swi$swi
00000000   LOG_system$datatype
00000000   LOG_system$log
00000000   MBX$
00000000   MEM_NULL
00000000   MEM_USEMPC
00000000   MSGQ$
00000000   MSGQ_USEMSGQ
00000000   OBJ$
00000000   PIP$
00000000   PIP_gNextId
00000000   POOL$
00000000   POOL_USEPOOL
00000000   PRD_A_TABBEG
00000000   PRD_A_TABEND
00000000   PRD_A_TABLEN
00000000   PRD_SWIHANDLE
00000000   RTA_fromHost$hst
00000000   RTA_fromHost$mode
00000000   RTA_toHost$hst
00000000   RTA_toHost$id
00000000   RTDX_MODE
00000000   RTDX_USERTEXECUTION
00000000   SEM$
00000000   SIO$
00000000   SWI_EHOOKFXN
00000000   SWI_IHOOKFXN
00000000   TSK_NUM_HOOKS
00000000   TSK_READYFXN
00000000   TSK_STACKSEG
00000000   TSK_SWITCHFXN
00000000   TSK_idle$ord
00000000   TSK_idle$pri
00000000   TSK_idle$sts$unittype
00000000   TSK_idle$tsk
00000000   UDEV$
00000000   _CLK_TDDR
00000000   _CLK_TIMERNUM
00000000   _GBL_CACHE
00000000   _HWI_RESET
00000000   _RTDX_interrupt_mask
00000000   ___data__
00000000   ___edata__
00000000   edata
00000000   hwi0
00000001   BUF_ENABLED
00000001   CLK$
00000001   CLK_CALDIV
00000001   CLK_HTIMEDIV
00000001   CLK_LTIMEDIV
00000001   CLK_USETIMER
00000001   GBL$
00000001   GBL_CALLCSLCFGINIT
00000001   GBL_ENABLEINST
00000001   GBL_L2CONFIGURE
00000001   GBL_L2MARMASK
00000001   GBL_USERINIT
00000001   GBL_boot
00000001   HST$
00000001   HST_RTDX
00000001   HWI$
00000001   HWI_NMI
00000001   HWI_ZEROTAB
00000001   IDL$
00000001   IDL_USECLKIDLTIME
00000001   IDL_busyObj$filter
00000001   IDL_busyObj$iA
00000001   IDL_busyObj$iC
00000001   ISRC$
00000001   KNL_swi$dorta
00000001   KNL_swi$sts$filtmaxmult
00000001   KNL_swi$sts$filtsummult
00000001   LCK$
00000001   LOG$
00000001   LOG_A_TABLEN
00000001   LOG_ENABLED
00000001   MEM$
00000001   MEM_gNumHeap
00000001   PRD$
00000001   QUE$
00000001   RTA_fromHost$id
00000001   RTA_toHost$mode
00000001   RTDX$
00000001   RTDX_NORMALIZED_HDR
00000001   RTDX_USERTDX
00000001   STS$
00000001   SWI$
00000001   SWI_A_TABLEN
00000001   SYS$
00000001   TSK$
00000001   TSK_PRIORITY
00000001   TSK_idle$sts$filtmaxmult
00000001   TSK_idle$sts$filtsummult
00000001   _CLK_USETIMER
00000001   _HWI_NMI
00000001   _LOG_A_TABLEN
00000002   HWI_RESERVED0
00000002   IDL_busyObj$unittype
00000002   KNL_swi$sts$filter
00000002   PIP_A_TABLEN
00000002   PIP_gNumEmbed
00000002   TSK_idle$sts$filter
00000002   _HWI_RESERVED0
00000002   _RTDX_JTAGONLY
00000003   HWI_RESERVED1
00000003   _HWI_RESERVED1
00000004   CLK_CALMULT
00000004   CLK_HTIMEMULT
00000004   HWI_INT4
00000004   RTA_fromHost$framesize
00000004   _HWI_INT4
00000005   HWI_INT5
00000005   _HWI_INT5
00000006   HWI_INT6
00000006   IDL_CALIBRERROR
00000006   _HWI_INT6
00000007   HWI_INT7
00000007   _HWI_INT7
00000008   HWI_INT8
00000008   _HWI_INT8
00000009   HWI_INT9
00000009   _HWI_INT9
0000000a   HWI_INT10
0000000a   _HWI_INT10
0000000b   HWI_INT11
0000000b   _HWI_INT11
0000000c   HWI_INT12
0000000c   _HWI_INT12
0000000d   HWI_INT13
0000000d   _HWI_INT13
0000000e   HWI_INT14
0000000e   _HWI_INT14
0000000f   HWI_INT15
0000000f   _HWI_INT15
00000020   CLK_TCR
00000020   hwi1
0000003e   GBL_DSPTYPE
00000040   HST_MAXFRAMESET
00000040   LOG_system$size
00000040   RTA_toHost$framesize
00000040   hwi2
00000042   GBL_FOOTPRINT
00000060   hwi3
00000064   PIP_OBJSIZE
00000080   hwi4
000000a0   hwi5
000000c0   hwi6
000000e0   hwi7
000000ff   HST_MAXFRAMEALLOWED
00000100   hwi8
00000120   hwi9
00000140   hwi10
00000160   hwi11
00000180   hwi12
000001a0   hwi13
000001c0   hwi14
000001e0   hwi15
00000200   IRAM$B
00000200   _IRAM_base
000003e8   CLK_MICROSECS
00000400   HST_DSMMEMSIZE
00000400   TSK_STACKSIZE
00000400   __STACK_SIZE
00000408   RTDX_BUFMEMSIZE
00001770   GBL_CLKTYPE
00001a39   GBL_DSPSUBTYPE
00002226   GBL_L2ALLOC
00004000   CLK_INTBIT
00004000   PRD_SCALAR
00004018   HWI_CFGDISPATCHED
00004018   _HWI_CFGDISPATCHED
00004e20   GBL_CLKIN
00005205   GBL_A_VERSION
00008000   IRAM$L
00008000   _IRAM_length
00008200   .text
00008200   ___text__
00008200   _main
000084e4   _init_hardware
000085a8   _init_HWI
00008640   _process_frame
00008e50   _ISR_AIC
00008f00   __divd
00009800   _swap
00009860   _bitrev
000098ec   _shuffle
00009a60   _dftmerge
00009c58   _fft
00009cac   _ifft
00009da8   _dft
0000a0e0   _cabs
0000a150   _cmplx
0000a190   _conjg
0000a1e4   _cadd
0000a270   _csub
0000a2fc   _cmul
0000a39c   _rmul
0000a408   _cdiv
0000a524   _rdiv
0000a5bc   _real
0000a5f4   _aimag
0000a62c   _cexp
0000a760   __divf
0000ad80   _DSK6713_wait
0000ae24   _DSK6713_waitusec
0000ae58   _DSK6713_rset
0000ae6c   _DSK6713_rget
0000af00   _DSK6713_getVersion
0000af50   _DSK6713_init
0000b200   __frcmpyd_div
0000b580   _cos
0000b8c0   _sin
0000bbe0   _DSK6713_AIC23_openCodec
0000bec0   _exp
0000c140   _memcpy
0000c380   _sqrt
0000c5c0   _IRQ_map
0000c780   _MCBSP_reset
0000c920   _ldexp
0000cac0   _wait500nS
0000cae8   GBL_USERINITFXN
0000cae8   _GBL_setPLLto225MHz
0000cc40   _DSK6713_AIC23_rset
0000cd08   _DSK6713_AIC23_rget
0000cd2c   _DSK6713_AIC23_config
0000cdc0   __strasgi
0000cf00   _call_dtors
0000d020   _frexp
0000d140   _memset
0000d260   _MCBSP_open
0000d360   _MCBSP_start
0000d460   _atexit
0000d560   __frcmpyf_div
0000d640   __nround
0000d720   _stereo_write_16Bit
0000d748   _stereo_read_16Bit
0000d774   _mono_write_16Bit
0000d79c   _mono_read_16Bit
0000d800   _modf
0000d980   __mpyll
0000dac0   _IRQ_enable
0000db00   ___add_dtor
0000dbba   CLK_COUNTSPMS
0000dbba   CLK_HTIMEPERLTIME
0000dbba   CLK_PRD
0000dbba   _CLK_COUNTSPMS
0000dbba   _CLK_PRD
0000dbc0   __trunc
0000dbef   GBL_TRCMASKVALUE
0000dc00   _IRQ_globalDisable
0000dc20   _IRQ_globalEnable
0000dc40   _IRQ_nmiEnable
0000dc60   __nop
0000dc80   __register_lock
0000dca0   __register_unlock
0000dcc0   __IRQ_hookFetchPacket
0000dce0   LNK_F_checkBufferCall
0000dce0   ___etext__
0000dce0   etext
0000dd00   LNK_F_getChanPtr
0000dd58   LNK_F_init
0000dd60   LNK_F_dataPump
0000dd74   LNK_rcloop
0000de40   LNK_rdrtry
0000de50   LNK_rrloop
0000df14   LNK_wrrtry
0000df24   LNK_wrloop
0000e000   LNK_newin
0000e140   LNK_newout
0000e2a4   LNK_F_readCallBack
0000e714   __GBL_setL2CacheMode
0000e8c0   SWI_F_enable
0000e8c0   __SWI_lat3beg
0000e92c   __SWI_lat3end
0000e930   SWI_F_post
0000e930   _SWI_post
0000ea6c   __SWI_lat1beg
0000eadc   SWI_EXECFXN
0000eadc   SWI_F_exec
0000eb08   SWI_F_iexec
0000eb20   __SWI_lat1end
0000eb24   __SWI_lat2beg
0000eb94   __SWI_lat2end
0000eb98   SWI_F_run
0000eb98   SWI_RUNFXN
0000ee00   CLK_HOOKFXN
0000ee00   HWI_F_dispatch
0000ee00   _HWI_F_dispatch
0000ee00   __HWI_lat1beg
0000ef80   __HWI_lat1end
0000ef80   __HWI_lat2beg
0000f0ac   __HWI_lat2end2
0000f0dc   __HWI_lat3end2
0000f120   __HWI_lat2end1
0000f140   __HWI_lat3beg
0000f240   __HWI_lat3end1
0000f260   _free
0000f28c   _malloc
0000f310   _realloc
0000f454   _memalign
0000f5a8   _calloc
0000f640   PRD_F_swi
0000f900   PRD_F_tick
0000f9e0   _KNL_run
0000fca0   RTA_F_getlog
0000fce4   RTA_F_getsts
0000fd2c   RTA_F_readblk
0000fd4c   RTA_F_writeword
0000fd58   RTA_F_resetmem
0000fd58   __RTA_lat1beg
0000fd90   __RTA_lat1end
0000fd98   RTA_F_dispatch
0000fde8   RTA_execute
0000ff60   _SEM_pendEnterKnl
00010220   _MEM_alloc
000106e0   PRD_THOOKFXN
000106e0   _KNL_tick
00010700   _MEM_free
00010940   PIP_F_take
000109d4   PIP_F_give
000109d4   PIP_F_probe
00010aa8   PIP_F_start
00010b80   __SEM_dopost
00010da0   _TSK_setup
00010fa0   _KNL_saveIsrFrame
0001106c   _KNL_switch
00011120   KNL_glue
00011160   CLK_F_getltime
00011174   CLK_F_isr
000112d4   CLK_F_itime
000112d4   _CLK_F_itime
000112d4   _CLK_itime
000112f0   __CLK_lat1beg
0001131c   __CLK_lat1end
00011320   _TSK_exit
000114c0   __auto_init
00011700   _TSK_startup
000117c0   _KNL_check
00011810   __KNL_lat1beg
00011898   _KNL_idle
00011898   __KNL_lat1end
000118bc   _KNL_max
00011900   _GBL_cslCacheInit
000119e0   _KNL_exit
00011a34   _KNL_enter
00011ac0   _SEM_postEnterKnl
00011ba0   _SEM_post
00011ba0   _SEM_postBinary
00011c80   _CLK_measure
00011d60   _KNL_ipost
00011e20   _KNL_post
00011ee0   _LCK_post
00011f10   _LCK_pend
00011fa0   _SYS_exit
00012060   CLK_F_getfhtime
00012080   CLK_F_gethtime
00012080   CLK_F_getshtime
00012080   CLK_TIMEFXN
00012120   FXN_F_nop
00012128   FXN_F_run
00012128   _FXN_F_run
00012178   FXN_F_zero
00012178   _FXN_F_zero
000121a0   IDL_F_busy
000121a0   __IDL_lat1beg
000121f0   __IDL_lat1end
00012220   LOG_F_event
00012220   _LOG_event
00012220   __LOG_lat1beg
000122a0   STS_F_delta
000122a0   _STS_delta
000122d8   STS_F_add
000122d8   _STS_add
00012304   STS_F_reset
00012304   _STS_reset
00012320   IDL_F_calibrate
000123a0   _SYS_error
00012400   _HWI_disable
00012418   _HWI_enable
0001242c   _HWI_restore
00012460   _SEM_pend
000124c0   _SYS_abort
00012520   SYS_PUTCFXN
00012520   _UTL_doPutc
00012580   _CLK_start
000125e0   IDL_CALIBRFXN
000125e0   IDL_F_stub
00012620   RTA_F_andn
00012640   RTA_F_or
00012660   SYS_ABORTFXN
00012660   _UTL_doAbort
000126a0   _CLK_stop
000126e0   GIO_CREATEFXN
000126e0   GIO_DELETEFXN
000126e0   GIO_PENDFXN
000126e0   GIO_POSTFXN
000126e0   TSK_VCREATEFXN
000126e0   TSK_VDELETEFXN
000126e0   TSK_VEXITFXN
000126e0   _FXN_F_nop
00012700   _GBL_getVersion
00012720   IDL_F_loop
00012720   _IDL_loop
00012740   _STS_set
00012760   SYS_ERRORFXN
00012760   _UTL_doError
00012780   SYS_EXITFXN
00012780   _UTL_halt
000127a0   ___cinit__
000127a0   cinit
000138cc   RTA_fromHost$buf
000138e0   _RTDX_Poll
00013ce0   _RTDX_Buffer_WriteCB
00014320   _RTDX_Mon_Queue
00014540   _RTDX_Init_RT_Monitor
000145c0   _RTDX_Buffer_Initialize
00014620   _RTDX_Buffer_ReadCB
00014680   _RTDX_Buffer_Size
000146c0   _RTDX_Final_RT_Monitor
00014700   _RTDX_Buffer_Read
00014720   _RTDX_Buffer_Write
00014760   _RTDX_Mask_IER
00014780   ___atexit_func_id__
00014930   __IRQ_eventTable
000149b4   __IRQ_intTable
000149f4   __IRQ_dispatchTable
000149fc   _KNL_queues
00014a9c   _KNL_dummy
00014ad4   _TSK_ATTRS
00014af0   _TSK_config
00014b10   _TSK_timerSem
00014b30   _OBJ_table
00014b68   _OBJ_segtab
00014b84   __TSK_mutex
00014bac   __MEM_mutex
00014bd4   _Config
00014bfc   _powratiobuffs
00014c08   _Mbuffs
00014cc8   __MCBSP_hDev0
00014ccc   __MCBSP_hDev1
00014d28   _SYS_exitStack
00014d64   __cleanup_ptr
00014d68   __dtors_ptr
00014d6c   ___TI_enable_exit_profile_output
00014d70   __lock
00014d74   __unlock
00014d88   _errno
00014d8c   _dtors
00014d90   IDL_A_TABBEG
00014d90   IDL_cpuLoad
00014d90   _IDL_cpuLoad
00014d94   LNK_dataPump
00014d94   _LNK_dataPump
00014d98   RTA_dispatcher
00014d98   _RTA_dispatcher
00014d9c   IDL_END
00014da0   BIOS_init
00014da0   _BIOS_init
00014f1c   BIOS$$CLKON
00014f5c   BIOS$$CLKOFF
00014fc4   BIOS_start
00014fc4   _BIOS_start
00015080   _MEM_init
00015160   _c_int00
00015220   _TSK_init
000152a0   _OBJ_init
000152c0   _RTDX_Buffer
000156c8   _RTDX_Buffer_Start
000156cc   _RTDX_Buffer_End
000156d0   _rtdx_buffer_state
000156dc   _RTDX_writing
000156f0   _rtdx_mon_state
00015710   TSK_idle$stack
00015aa8   TSK_idle$stkptr
00015b10   GBL_stackbeg
00015b10   _HWI_STKTOP
00015b10   __stack
00015f08   _HWI_STKBOTTOM
00015f0f   GBL_stackend
00015f10   $bss
00015f10   .bss
00015f10   _HWI_dispatchTab
00015f10   ___bss__
00016010   IDL_D_tabbeg
00016014   IDL_D_calibrate
00016018   IDL_D_calbeg
0001601c   LOG_D_system
0001601c   _LOG_D_system
00016020   PIP_D_tabbeg
00016024   PIP_D_tablen
00016028   CLK_R_time
0001602c   CLK_D_timefxn
00016030   CLK_D_tabbeg
00016034   CLK_D_isrhook
00016038   CLK_D_idletime
0001603c   _CLK_htimeDiv
00016040   _CLK_htimeMult
00016044   _CLK_ltimeDiv
00016048   _CLK_ltimeMult
0001604c   _CLK_D_dirty
00016050   _CLK_D_prd
00016054   _CLK_D_tddr
00016058   _CLK_D_countspms
0001605c   PRD_D_tick
0001605c   _PRD_D_tick
00016060   PRD_D_cur
00016064   PRD_D_elapsed
00016068   PRD_D_prevtim
0001606c   PRD_D_scalar
00016070   PRD_D_swihandle
00016074   PRD_D_tabbeg
00016078   PRD_D_tablen
0001607c   PRD_D_thook
00016080   RTA_D_fromHost
00016084   RTA_D_toHost
00016088   RTA_D_logval
00016098   RTA_D_stsval
000160a4   HST_D_chanmask
000160a8   HST_D_tabbeg
000160ac   HST_D_tabend
000160b0   _GBL_procId
000160b4   _GBL_clkIn
000160b8   _GBL_freq
000160bc   _MEM_D_NUMSEGMENTS
000160c0   _MEM_D_memtab
000160c4   _MEM_D_freelist
000160c8   _MEM_D_lockaddr
000160cc   _MEM_D_unlockaddr
000160d0   _SYS
000160d4   __HOOK_knlId
000160d8   __HOOK_NUMHOOKS
000160dc   SWI_D_runaddr
000160dc   _SWI_D_runaddr
000160dc   _SWI_data
000160e0   SWI_D_execaddr
000160e0   _SWI_D_execaddr
000160e4   SWI_D_curmask
000160e4   _SWI_D_curmask
000160e8   SWI_D_curset
000160e8   _SWI_D_curset
000160ec   SWI_D_lock
000160ec   _SWI_D_lock
000160f0   SWI_D_curmbox
000160f4   SWI_D_curfxn
000160f4   _SWI_D_curfxn
000160f8   SWI_D_rdybeg
000160f8   _SWI_D_rdybeg
000160fc   SWI_D_inswi
000160fc   _SWI_D_inswi
00016100   SWI_D_rdytab
00016178   _alpha
0001617c   _lambda
00016180   _kop1
00016184   _nonlinclip
00016188   _H_Codec
0001618c   _inbuffer
00016190   _outbuffer
00016194   _inwin
00016198   _outwin
0001619c   _powbinstate
000161a0   _procframe
000161a4   _procframeprepipe
000161a8   _ingain
000161ac   _outgain
000161b0   _cpufrac
000161b4   _io_ptr
000161b8   _frame_ptr
000161c4   _KNL_wFlag
000161c8   _KNL_wList
000161cc   _KNL_alarm
000161d0   _KNL_setpri
000161d4   _KNL_inactive
000161d8   _KNL_priority
000161dc   _KNL_set
000161e0   _KNL_curtask
000161e4   _KNL_prevtask
000161e8   _KNL_curtime
000161ec   _KNL_swiptr
000161f0   _KNL_curqueue
000161f4   _KNL_maxqueue
000161f8   _KNL_tswitchfxn
000161fc   _KNL_tcreatefxn
00016200   _KNL_tdeletefxn
00016204   _KNL_treadyfxn
00016208   _KNL_idlefxn
0001620c   _MEM_memtab
00016218   HST_DSMBUFSEG
00016218   IRAM
00016218   MEM_MALLOCSEG
00016218   MEM_SEGZERO
00016218   RTDX_DATAMEMSEG
00016218   _IRAM
0001621c   RTA_fromHost$pipe$dtab
00016228   RTA_toHost$pipe$dtab
00016234   HWI_D_spsave
00016234   _HWI_D_spsave
00016234   _HWI_data
00016240   _HWI_D_inhwi
00016244   HWI_D_bss
00016248   HWI_D_ccmask
0001624c   LNK_dspFrameRequestMask
0001624c   _LNK_dspFrameRequestMask
00016250   LNK_dspFrameReadyMask
00016250   _LNK_dspFrameReadyMask
00016254   LNK_readPend
00016254   _LNK_readPend
00016258   LNK_readDone
00016258   _LNK_readDone
0001625c   LNK_readFail
0001625c   _LNK_readFail
00016260   LNK_writeFail
00016260   _LNK_writeFail
0001626c   _rtdxNullChanCnt
00016270   _rtdxNullFuncCnt
00016274   _TSK_nTasks
00016278   _TSK_pid
0001627c   _TSK
00016280   _CLK_DFLTMICROSECS
00016284   _CLK_D_microseconds
00016288   _SYS_exitStackPtr
0001628c   _SYS_exitStackTop
00016290   _DSK6713_AIC23_codeccontrolhandle
00016294   _DSK6713_AIC23_codecdatahandle
00016298   _CLK_htimePerLtime
000162a0   IDL_D_busyObj
000162a4   _MEM
000162a8   _DSK6713_version
000162aa   ___end__
000162aa   end
000162ac   _SYS_PUTCBEG
000164ab   _SYS_PUTCEND
000165b1   KNL_swi$sts$maxfmt
000165b9   KNL_swi$sts$sumfmt
000165c1   KNL_swi$sts$avgfmt
000165cb   TSK_idle$sts$maxfmt
000165d3   TSK_idle$sts$sumfmt
000165db   TSK_idle$sts$avgfmt
000165e5   IDL_busyObj$maxfmt
000165e8   IDL_busyObj$sumfmt
000165eb   IDL_busyObj$avgfmt
000165f4   ___pinit__
000165f4   pinit
00016600   LOG_system$buf
00016700   RTA_toHost$buf
00016800   PIP_A_TABBEG
00016800   RTA_fromHost$pipe
00016800   _PIP_A_TABBEG
00016804   RTA_fromHost$pipe$rd
00016830   RTA_fromHost$pipe$aaa
00016834   RTA_fromHost$pipe$wr
00016860   RTA_fromHost$pipe$bbb
00016864   RTA_toHost$pipe
00016868   RTA_toHost$pipe$rd
00016894   RTA_toHost$pipe$aaa
00016898   RTA_toHost$pipe$wr
000168c4   RTA_toHost$pipe$bbb
000168c8   PIP_A_TABEND
000168c8   _PIP_A_TABEND
000168d4   TSK_idle
000168d4   _TSK_idle
00016928   HST_A_TABBEG
00016928   _HST_A_TABBEG
0001692c   RTA_fromHost
0001692c   _RTA_fromHost
00016934   RTA_fromHost$rtdx
00016948   RTA_toHost
00016948   _RTA_toHost
00016950   RTA_toHost$rtdx
00016964   HST_A_TABEND
00016964   KNL_swi$sts$stsobj
00016964   STS_A_TABBEG
00016964   _HST_A_TABEND
00016964   _STS_A_TABBEG
00016968   KNL_swi$sts
00016974   TSK_idle$sts$stsobj
00016978   TSK_idle$sts
00016984   IDL_busyObj$stsobj
00016988   IDL_busyObj
00016988   _IDL_busyObj
00016994   KNL_swi
00016994   STS_A_TABEND
00016994   SWI_A_TABBEG
00016994   _KNL_swi
00016994   _STS_A_TABEND
000169c0   SWI_A_TABEND
000169e8   LOG_A_TABBEG
000169e8   LOG_system
000169e8   _LOG_A_TABBEG
000169e8   _LOG_system
00016a00   IDL_A_CALBEG
00016a00   IDL_cpuLoad$
00016a00   LOG_A_TABEND
00016a00   _LOG_A_TABEND
00016a04   LNK_dataPump$
00016a08   RTA_dispatcher$
00016a0c   IDL_END$
00016a10   SYS$config
00016a20   TRC_cinit
00016a24   TRC_R_mask
00016a24   _TRC_R_mask
00016a28   GBL_initdone
00016a2c   CLK_A_TABBEG
00016a2c   PRD_clock
00016a2c   _PRD_clock
00016a30   CLK_null
00036ee8   CLK_LTIMEMULT
00036ee8   GBL_FREQ
01940000   CLK_REGS
01940000   _CLK_REGS
082039a3   HWI_INTRMULTHIGH
310718ae   HWI_INTRMULTLOW
ffffffff   SDRAM
ffffffff   _SDRAM
ffffffff   ___TI_pprof_out_hndl
ffffffff   ___TI_prof_data_size
ffffffff   ___TI_prof_data_start
ffffffff   ___binit__
ffffffff   ___c_args__
ffffffff   binit

[780 symbols]
