******************************************************************************
               TMS320C6x Linker PC v6.1.15                     
******************************************************************************
>> Linked Wed Mar 13 18:37:54 2013

OUTPUT FILE NAME:   <RTDSP.out>
ENTRY POINT SYMBOL: "_c_int00"  address: 00014f00


MEMORY CONFIGURATION

         name            origin    length      used     unused   attr    fill
----------------------  --------  ---------  --------  --------  ----  --------
  IRAM                  00000000   00040000  000167b3  0002984d  RWIX
  SDRAM                 80000000   00800000  00000000  00800000  RWIX


SECTION ALLOCATION MAP

 output                                  attributes/
section   page    origin      length       input sections
--------  ----  ----------  ----------   ----------------
.vers      0    00000000    00000040     COPY SECTION
                  00000000    00000040     dsp_bios_cfg.obj (.vers)

.prd       0    00000000    00000000     UNINITIALIZED

.hwi_vec   0    00000000    00000200     
                  00000000    00000200     dsp_bios_cfg.obj (.hwi_vec)

.data      0    00000000    00000000     UNINITIALIZED

.IRAM$heap 
*          0    00000200    00008000     UNINITIALIZED
                  00000200    00008000     --HOLE--

.text      0    00008200    000058a0     
                  00008200    00000ac0     enhance.obj (.text)
                  00008cc0    00000900     rts6700.lib : divd.obj (.text:__divd)
                  000095c0    000008e0     fft_functions.obj (.text)
                  00009ea0    00000680     complex.obj (.text)
                  0000a520    00000620     rts6700.lib : divf.obj (.text:__divf)
                  0000ab40    00000480     dsk6713bslccsv4.lib : dsk6713.obj (.text)
                  0000afc0    00000380     rts6700.lib : frcmpyd_div.obj (.text:__frcmpyd_div)
                  0000b340    00000340                 : cos.obj (.text:_cos)
                  0000b680    00000320                 : sin.obj (.text:_sin)
                  0000b9a0    000002e0     dsk6713bslccsv4.lib : dsk6713_aic23_opencodec.obj (.text)
                  0000bc80    00000280     rts6700.lib : exp.obj (.text:_exp)
                  0000bf00    00000240                 : memcpy62.obj (.text:_memcpy)
                  0000c140    00000240                 : sqrt.obj (.text:_sqrt)
                  0000c380    000001c0     csl6713.lib : csl_irq.obj (.text:_IRQ_map)
                  0000c540    000001a0                 : csl_mcbsp.obj (.text:_MCBSP_reset)
                  0000c6e0    000001a0     rts6700.lib : ldexp.obj (.text:_ldexp)
                  0000c880    00000180     bios.a67 : gbl_cslpllinit62.o67 (.text)
                  0000ca00    00000180     dsk6713bslccsv4.lib : dsk6713_aic23_registers.obj (.text)
                  0000cb80    00000140     rts6700.lib : strasg.obj (.text:__strasgi)
                  0000ccc0    00000120                 : sinit.obj (.text:_call_dtors)
                  0000cde0    00000120                 : frexp.obj (.text:_frexp)
                  0000cf00    00000120                 : memset.obj (.text:_memset)
                  0000d020    00000100     csl6713.lib : csl_mcbsp.obj (.text:_MCBSP_open)
                  0000d120    00000100                 : csl_mcbsp.obj (.text:_MCBSP_start)
                  0000d220    00000100     rts6700.lib : atexit.obj (.text:_atexit)
                  0000d320    000000e0                 : frcmpyf_div.obj (.text:__frcmpyf_div)
                  0000d400    000000e0                 : round.obj (.text:__nround)
                  0000d4e0    000000e0     dsk6713bslccsv4.lib : helper_functions_ISR.obj (.text)
                  0000d5c0    000000c0     rts6700.lib : modf.obj (.text:_modf)
                  0000d680    000000c0     bios.a67 : tsk_stup.o67 (.text)
                  0000d740    000000a0     rts6700.lib : mpyll.obj (.text:__mpyll)
                  0000d7e0    000000a0     csl6713.lib : csl_irq.obj (.text:_setMux)
                  0000d880    00000040                 : csl_irq.obj (.text:_IRQ_enable)
                  0000d8c0    00000040     rts6700.lib : sinit.obj (.text:___add_dtor)
                  0000d900    00000040                 : divd.obj (.text:___isnan)
                  0000d940    00000040                 : divf.obj (.text:___isnanf)
                  0000d980    00000040                 : trunc.obj (.text:__trunc)
                  0000d9c0    00000020     csl6713.lib : csl_irq.obj (.text:_IRQ_globalDisable)
                  0000d9e0    00000020                 : csl_irq.obj (.text:_IRQ_globalEnable)
                  0000da00    00000020                 : csl_irq.obj (.text:_IRQ_nmiEnable)
                  0000da20    00000020     rts6700.lib : _lock.obj (.text:__nop)
                  0000da40    00000020                 : _lock.obj (.text:__register_lock)
                  0000da60    00000020                 : _lock.obj (.text:__register_unlock)
                  0000da80    00000020     csl6713.lib : csl_irq.obj (.text)

.bios      0    0000daa0    00004ac0     
                  0000daa0    00000600     lnkrtdx.a67 : rtdx.o67 (.bios)
                  0000e0a0    000005e0     bios.a67 : gbl_setL2CacheMode.o67 (.bios)
                  0000e680    00000540              : swi.o67 (.bios)
                  0000ebc0    00000460              : hwi_disp_asm.o67 (.bios)
                  0000f020    000003e0              : malloc.o67 (.bios)
                  0000f400    000003a0              : prd.o67 (.bios)
                  0000f7a0    000002c0              : knl_run.o67 (.bios)
                  0000fa60    000002c0              : rta.o67 (.bios)
                  0000fd20    000002c0              : sem_pend.o67 (.bios)
                  0000ffe0    00000280              : mem_allo.o67 (.bios:.near)
                  00010260    00000260              : knl_tick.o67 (.bios)
                  000104c0    00000240              : mem_free.o67 (.bios:.near)
                  00010700    00000240              : pip.o67 (.bios)
                  00010940    00000220              : sem_dopo.o67 (.bios)
                  00010b60    00000200              : tsk_setu.o67 (.bios)
                  00010d60    000001c0              : knl_swit.o67 (.bios)
                  00010f20    000001c0     biosC6000.a67 : clk.o67 (.bios)
                  000110e0    000001a0     bios.a67 : tsk_exit.o67 (.bios)
                  00011280    00000180              : autoinit.o67 (.bios)
                  00011400    00000180              : tsk_stup.o67 (.bios)
                  00011580    00000140              : knl_chec.o67 (.bios)
                  000116c0    000000e0              : gbl_cslcacheinit.o67 (.bios)
                  000117a0    000000e0              : knl_exit.o67 (.bios)
                  00011880    000000e0              : sem_post.o67 (.bios)
                  00011960    000000e0              : sem_post_asm.o67 (.bios)
                  00011a40    000000e0     biosC6000.a67 : clk_meas.o67 (.bios)
                  00011b20    000000c0     bios.a67 : knl_ipos.o67 (.bios)
                  00011be0    000000c0              : knl_post.o67 (.bios)
                  00011ca0    000000c0              : lck.o67 (.bios)
                  00011d60    000000c0              : sys_exit.o67 (.bios)
                  00011e20    000000c0     biosC6000.a67 : clk_htime.o67 (.bios)
                  00011ee0    00000080     bios.a67 : fxn.o67 (.bios)
                  00011f60    00000080              : idl_busy.o67 (.bios)
                  00011fe0    00000080              : log.o67 (.bios)
                  00012060    00000080              : sts.o67 (.bios)
                  000120e0    00000080     biosC6000.a67 : idl_cal.o67 (.bios)
                  00012160    00000060     bios.a67 : sys_erro.o67 (.bios:.near)
                  000121c0    00000060              : hwi_c.o67 (.bios)
                  00012220    00000060              : sem_pend_counting.o67 (.bios)
                  00012280    00000060              : sys_abor.o67 (.bios)
                  000122e0    00000060              : utl_putc.o67 (.bios)
                  00012340    00000060     biosC6000.a67 : clk_start.o67 (.bios)
                  000123a0    00000040     bios.a67 : idl_stub.o67 (.bios)
                  000123e0    00000040              : rta_andn.o67 (.bios)
                  00012420    00000040              : utl_doab.o67 (.bios)
                  00012460    00000040     biosC6000.a67 : clk_stop.o67 (.bios)
                  000124a0    00000020     bios.a67 : fxn_c.o67 (.bios)
                  000124c0    00000020              : gbl_vers.o67 (.bios)
                  000124e0    00000020              : idl.o67 (.bios)
                  00012500    00000020              : sts_set.o67 (.bios)
                  00012520    00000020              : utl_doer.o67 (.bios)
                  00012540    00000020              : utl_halt.o67 (.bios)

.cinit     0    00012560    0000110c     
                  00012560    000005ac     dsp_bios_cfg.obj (.cinit)
                  00012b0c    00000004     --HOLE-- [fill = 0]
                  00012b10    0000026c     bios.a67 : biosdata.o67 (.cinit)
                  00012d7c    00000004     --HOLE-- [fill = 0]
                  00012d80    000001a4              : knl.o67 (.cinit)
                  00012f24    00000004     --HOLE-- [fill = 0]
                  00012f28    0000012c     csl6713.lib : csl_irq.obj (.cinit)
                  00013054    00000004     --HOLE-- [fill = 0]
                  00013058    000000b0     bios.a67 : swi.o67 (.cinit)
                  00013108    0000008c     enhance.obj (.cinit)
                  00013194    00000004     --HOLE-- [fill = 0]
                  00013198    00000070     bios.a67 : tsk.o67 (.cinit)
                  00013208    00000060              : tsk_stup.o67 (.cinit)
                  00013268    0000005c     lnkrtdx.a67 : rtdx.o67 (.cinit)
                  000132c4    00000004     --HOLE-- [fill = 0]
                  000132c8    00000054     csl6713.lib : csl_mcbsp.obj (.cinit)
                  0001331c    00000004     --HOLE-- [fill = 0]
                  00013320    0000004c     bios.a67 : rta.o67 (.cinit)
                  0001336c    00000004     --HOLE-- [fill = 0]
                  00013370    0000004c     rtdx.lib : buffer1.o62 (.cinit)
                  000133bc    00000004     --HOLE-- [fill = 0]
                  000133c0    00000048     rts6700.lib : cos.obj (.cinit)
                  00013408    00000048                 : sin.obj (.cinit)
                  00013450    00000040                 : exp.obj (.cinit)
                  00013490    00000034     bios.a67 : hwi.o67 (.cinit)
                  000134c4    00000004     --HOLE-- [fill = 0]
                  000134c8    00000030     dsk6713bslccsv4.lib : dsk6713_aic23_registers.obj (.cinit)
                  000134f8    0000002c     bios.a67 : utl_putc.o67 (.cinit)
                  00013524    00000004     --HOLE-- [fill = 0]
                  00013528    0000002c     rts6700.lib : exit.obj (.cinit)
                  00013554    00000004     --HOLE-- [fill = 0]
                  00013558    00000024     bios.a67 : obj_init.o67 (.cinit)
                  0001357c    00000004     --HOLE-- [fill = 0]
                  00013580    0000001c              : sys.o67 (.cinit)
                  0001359c    00000004     --HOLE-- [fill = 0]
                  000135a0    0000001c     rts6700.lib : _lock.obj (.cinit)
                  000135bc    00000004     --HOLE-- [fill = 0]
                  000135c0    0000001c                 : atexit.obj (.cinit)
                  000135dc    00000004     --HOLE-- [fill = 0]
                  000135e0    00000018     bios.a67 : knl_tick.o67 (.cinit)
                  000135f8    00000010     rts6700.lib : divd.obj (.cinit)
                  00013608    00000010                 : divf.obj (.cinit)
                  00013618    0000000c     bios.a67 : gbl_setL2CacheMode.o67 (.cinit)
                  00013624    00000004     --HOLE-- [fill = 0]
                  00013628    0000000c              : idl_busy.o67 (.cinit)
                  00013634    00000004     --HOLE-- [fill = 0]
                  00013638    0000000c              : knl_swit.o67 (.cinit)
                  00013644    00000004     --HOLE-- [fill = 0]
                  00013648    0000000c     rts6700.lib : errno.obj (.cinit)
                  00013654    00000004     --HOLE-- [fill = 0]
                  00013658    0000000c                 : sinit.obj (.cinit)
                  00013664    00000004     --HOLE-- [fill = 0]
                  00013668    00000004     (.pad.cinit) [fill = 0]

.hst1      0    0001366c    00000010     UNINITIALIZED
                  0001366c    00000010     dsp_bios_cfg.obj (.hst1)

.args      0    0001367c    00000004     
                  0001367c    00000004     --HOLE-- [fill = 0]

.rtdx_text 
*          0    00013680    00000ea0     
                  00013680    00000400     rtdx.lib : rtdx_mon.o62 (.rtdx_text:_RTDX_Poll)
                  00013a80    00000340              : buffer1.o62 (.rtdx_text:_RTDX_Buffer_WriteCB)
                  00013dc0    00000300              : buffer1.o62 (.rtdx_text:_RTDX_write_next)
                  000140c0    00000140              : rtdx_mon.o62 (.rtdx_text:_RTDX_Mon_Queue)
                  00014200    000000e0              : buffer1.o62 (.rtdx_text:_claim)
                  000142e0    00000080              : rtdx_mon.o62 (.rtdx_text:_RTDX_Init_RT_Monitor)
                  00014360    00000060              : buffer1.o62 (.rtdx_text:_RTDX_Buffer_Initialize)
                  000143c0    00000060              : buffer2.o62 (.rtdx_text:_RTDX_Buffer_ReadCB)
                  00014420    00000040              : buffer1.o62 (.rtdx_text:_RTDX_Buffer_Size)
                  00014460    00000040              : rtdx_mon.o62 (.rtdx_text:_RTDX_Final_RT_Monitor)
                  000144a0    00000020              : buffer2.o62 (.rtdx_text:_RTDX_Buffer_Read)
                  000144c0    00000020              : buffer1.o62 (.rtdx_text:_RTDX_Buffer_Write)
                  000144e0    00000020              : rtdx_mon.o62 (.rtdx_text:_RTDX_checksum)
                  00014500    00000020              : intr_tgt.o62 (.rtdx_text)

.far       0    00014520    00000604     UNINITIALIZED
                  00014520    00000188     rts6700.lib : atexit.obj (.far)
                  000146a8    000000f4     csl6713.lib : csl_irq.obj (.far)
                  0001479c    000000d8     bios.a67 : knl.o67 (.far)
                  00014874    0000005c              : tsk.o67 (.far)
                  000148d0    00000054              : obj_init.o67 (.far)
                  00014924    00000050              : tsk_stup.o67 (.far)
                  00014974    00000004     rts6700.lib : errno.obj (.far)
                  00014978    00000040                 : cos.obj (.far)
                  000149b8    00000040                 : sin.obj (.far)
                  000149f8    00000038     csl6713.lib : csl_mcbsp.obj (.far)
                  00014a30    00000038     enhance.obj (.far)
                  00014a68    00000030     rts6700.lib : exp.obj (.far)
                  00014a98    00000028     dsk6713bslccsv4.lib : dsk6713_aic23_registers.obj (.far)
                  00014ac0    00000020     bios.a67 : sys.o67 (.far)
                  00014ae0    00000010              : knl_tick.o67 (.far)
                  00014af0    0000000c              : utl_putc.o67 (.far)
                  00014afc    0000000c     rts6700.lib : exit.obj (.far)
                  00014b08    00000008                 : _lock.obj (.far)
                  00014b10    00000008                 : divd.obj (.far)
                  00014b18    00000008                 : divf.obj (.far)
                  00014b20    00000004                 : sinit.obj (.far)

.log       0    00014b24    00000018     
                  00014b24    00000018     dsp_bios_cfg.obj (.log)

.mem       0    00014b3c    00000004     UNINITIALIZED
                  00014b3c    00000004     dsp_bios_cfg.obj (.mem)

.sysinit   0    00014b40    00000520     
                  00014b40    000002e0     dsp_bios_cfg.obj (.sysinit)
                  00014e20    000000e0     bios.a67 : mem_init.o67 (.sysinit)
                  00014f00    000000c0              : boot.o67 (.sysinit)
                  00014fc0    00000080              : tsk_init.o67 (.sysinit)
                  00015040    00000020              : obj_init.o67 (.sysinit)

.rtdx_data 
*          0    00015060    0000044c     UNINITIALIZED
                  00015060    00000410     dsp_bios_cfg.obj (.rtdx_data)
                  00015470    00000020     rtdx.lib : buffer1.o62 (.rtdx_data)
                  00015490    0000001c              : rtdx_mon.o62 (.rtdx_data)

.TSK_idle$stk 
*          0    000154b0    00000400     UNINITIALIZED
                  000154b0    00000400     dsp_bios_cfg.obj (.TSK_idle$stk)

.stack     0    000158b0    00000400     UNINITIALIZED
                  000158b0    00000400     --HOLE--

.bss       0    00015cb0    0000038e     UNINITIALIZED
                  00015cb0    00000100     bios.a67 : hwi_disp_asm.o67 (.bss)
                  00015db0    000000cc              : biosdata.o67 (.bss)
                  00015e7c    0000009c              : swi.o67 (.bss)
                  00015f18    00000048              : knl.o67 (.bss)
                  00015f60    00000040     enhance.obj (.bss)
                  00015fa0    00000028     dsp_bios_cfg.obj (.bss)
                  00015fc8    00000018     bios.a67 : hwi.o67 (.bss)
                  00015fe0    00000018     lnkrtdx.a67 : rtdx.o67 (.bss)
                  00015ff8    00000010     rtdx.lib : buffer1.o62 (.bss)
                  00016008    0000000c     bios.a67 : tsk.o67 (.bss)
                  00016014    00000008              : clk_data.o67 (.bss)
                  0001601c    00000008              : sys.o67 (.bss)
                  00016024    00000008     dsk6713bslccsv4.lib : dsk6713_aic23_opencodec.obj (.bss)
                  0001602c    00000004     bios.a67 : clk_data2.o67 (.bss)
                  00016030    00000004              : gbl_setL2CacheMode.o67 (.bss)
                  00016034    00000004              : idl_busy.o67 (.bss)
                  00016038    00000004              : mem_asm.o67 (.bss)
                  0001603c    00000002     dsk6713bslccsv4.lib : dsk6713.obj (.bss)

.trace     0    00016040    00000200     
                  00016040    00000200     --HOLE-- [fill = 00000000]

.const     0    00016240    00000101     
                  00016240    0000004e     bios.a67 : tsk_stup.o67 (.const)
                  0001628e    00000002     --HOLE-- [fill = 0]
                  00016290    00000040     dsk6713bslccsv4.lib : dsk6713_aic23_opencodec.obj (.const)
                  000162d0    00000023     bios.a67 : utl_doab.o67 (.const)
                  000162f3    00000022              : utl_doer.o67 (.const)
                  00016315    00000003     --HOLE-- [fill = 0]
                  00016318    00000020     dsk6713bslccsv4.lib : dsk6713.obj (.const)
                  00016338    00000004     bios.a67 : mem_allo.o67 (.const)
                  0001633c    00000004              : mem_free.o67 (.const)
                  00016340    00000001              : tsk.o67 (.const)

.printf    0    00016341    0000003f     COPY SECTION
                  00016341    0000003f     dsp_bios_cfg.obj (.printf)

.tsk       0    00016344    00000060     UNINITIALIZED
                  00016344    00000060     dsp_bios_cfg.obj (.tsk)

.gblinit   0    000163a4    00000040     
                  000163a4    00000040     dsp_bios_cfg.obj (.gblinit)

.idl       0    000163e4    00000010     UNINITIALIZED
                  000163e4    00000010     dsp_bios_cfg.obj (.idl)

.pinit     0    000163f4    0000000c     
                  000163f4    00000004     rtdx.lib : buffer1.o62 (.pinit)
                  000163f8    00000004              : rtdx_mon.o62 (.pinit)
                  000163fc    00000004     --HOLE-- [fill = 0]

.LOG_system$buf 
*          0    00016400    00000100     UNINITIALIZED
                  00016400    00000100     dsp_bios_cfg.obj (.LOG_system$buf)

.hst0      0    00016500    00000100     UNINITIALIZED
                  00016500    00000100     dsp_bios_cfg.obj (.hst0)

.pip       0    00016600    000000c8     UNINITIALIZED
                  00016600    000000c8     dsp_bios_cfg.obj (.pip)

.hst       0    000166c8    0000003c     UNINITIALIZED
                  000166c8    0000003c     dsp_bios_cfg.obj (.hst)

.sts       0    00016704    00000030     
                  00016704    00000030     dsp_bios_cfg.obj (.sts)

.swi       0    00016734    0000002c     UNINITIALIZED
                  00016734    0000002c     dsp_bios_cfg.obj (.swi)

.switch    0    00016760    00000028     
                  00016760    00000028     rtdx.lib : rtdx_mon.o62 (.switch)

.idlcal    0    00016788    00000010     UNINITIALIZED
                  00016788    00000010     dsp_bios_cfg.obj (.idlcal)

.sys       0    00016798    00000010     UNINITIALIZED
                  00016798    00000010     dsp_bios_cfg.obj (.sys)

.trcdata   0    000167a8    0000000c     
                  000167a8    0000000c     bios.a67 : trc.o67 (.trcdata)

.clk       0    000167b4    00000008     UNINITIALIZED
                  000167b4    00000008     dsp_bios_cfg.obj (.clk)


GLOBAL SYMBOLS: SORTED ALPHABETICALLY BY Name 

address    name
--------   ----
00015cb0   $bss
00015cb0   .bss
00000000   .data
00008200   .text
00014cfc   BIOS$$CLKOFF
00014cbc   BIOS$$CLKON
00014b40   BIOS_init
00014d64   BIOS_start
00000000   BUF$
00000001   BUF_ENABLED
00000001   CLK$
000167b4   CLK_A_TABBEG
00000001   CLK_CALDIV
00000004   CLK_CALMULT
0000dbba   CLK_COUNTSPMS
00000000   CLK_COUNTSPMSHIGH
00015dd8   CLK_D_idletime
00015dd4   CLK_D_isrhook
00015dd0   CLK_D_tabbeg
00015dcc   CLK_D_timefxn
00011e20   CLK_F_getfhtime
00011e40   CLK_F_gethtime
00010f20   CLK_F_getltime
00011e40   CLK_F_getshtime
00010f34   CLK_F_isr
00011094   CLK_F_itime
0000ebc0   CLK_HOOKFXN
00000001   CLK_HTIMEDIV
00000004   CLK_HTIMEMULT
0000dbba   CLK_HTIMEPERLTIME
00004000   CLK_INTBIT
00000001   CLK_LTIMEDIV
00036ee8   CLK_LTIMEMULT
000003e8   CLK_MICROSECS
0000dbba   CLK_PRD
00000000   CLK_PRDHIGH
01940000   CLK_REGS
00015dc8   CLK_R_time
00000020   CLK_TCR
00000000   CLK_TDDR
00000000   CLK_TDDRHIGH
00011e40   CLK_TIMEFXN
00000000   CLK_TIMERNUM
00000001   CLK_USETIMER
000167b8   CLK_null
00000000   DEV$
00000000   DGN$
00000000   DHL$
00000000   DHL_gChannelsAvailable
00000000   DIO$
00000000   DIO_NUMSWIBASE
00000000   DIO_NUMTSKBASE
00000000   DIO_STATIC
00000000   DPI$
00011ee0   FXN_F_nop
00011ee8   FXN_F_run
00011f38   FXN_F_zero
00000001   GBL$
00005205   GBL_A_VERSION
00000000   GBL_BIGENDIAN
00000000   GBL_C641XL2PRIORITY
00000000   GBL_CACHE
00000001   GBL_CALLCSLCFGINIT
00004e20   GBL_CLKIN
00001770   GBL_CLKTYPE
00001a39   GBL_DSPSUBTYPE
0000003e   GBL_DSPTYPE
00000001   GBL_ENABLEINST
00000042   GBL_FOOTPRINT
00036ee8   GBL_FREQ
00002226   GBL_L2ALLOC
00000000   GBL_L2CONFIGALLOC
00000001   GBL_L2CONFIGURE
00000001   GBL_L2MARMASK
00000000   GBL_L2MARMASK1
00000000   GBL_L2MARMASK2
00000000   GBL_L2MARMASK3
00000000   GBL_L2MARMASK4
00000000   GBL_L2MARMASK5
00000000   GBL_L2MODE
00000000   GBL_L2PRIORITY
00000000   GBL_NULL
00000000   GBL_PROCID
00000000   GBL_ROM
00000000   GBL_SUPPORTCSL
0000dbef   GBL_TRCMASKVALUE
00000001   GBL_USERINIT
0000c8a8   GBL_USERINITFXN
00000001   GBL_boot
000167b0   GBL_initdone
000158b0   GBL_stackbeg
00015caf   GBL_stackend
00000000   GIO$
000124a0   GIO_CREATEFXN
000124a0   GIO_DELETEFXN
000124a0   GIO_PENDFXN
000124a0   GIO_POSTFXN
00000000   HOOK$
00000000   HOOK_KNLID
00000001   HST$
000166c8   HST_A_TABBEG
00016704   HST_A_TABEND
00000000   HST_DSM
00015fac   HST_DSMBUFSEG
00000400   HST_DSMMEMSIZE
00015e44   HST_D_chanmask
00015e48   HST_D_tabbeg
00015e4c   HST_D_tabend
000000ff   HST_MAXFRAMEALLOWED
00000040   HST_MAXFRAMESET
00000000   HST_NONE
00000001   HST_RTDX
00000001   HWI$
00000000   HWI_A_VECS
00004018   HWI_CFGDISPATCHED
00015fd8   HWI_D_bss
00015fdc   HWI_D_ccmask
00015fc8   HWI_D_spsave
0000ebc0   HWI_F_dispatch
00000000   HWI_GENERATE_RESET_VEC
0000000a   HWI_INT10
00000000   HWI_INT10$hwi
0000000b   HWI_INT11
00000000   HWI_INT11$hwi
0000000c   HWI_INT12
00000000   HWI_INT12$hwi
0000000d   HWI_INT13
00000000   HWI_INT13$hwi
0000000e   HWI_INT14
00000000   HWI_INT14$hwi
0000000f   HWI_INT15
00000000   HWI_INT15$hwi
00000004   HWI_INT4
00000000   HWI_INT4$hwi
00000005   HWI_INT5
00000000   HWI_INT5$hwi
00000006   HWI_INT6
00000000   HWI_INT6$hwi
00000007   HWI_INT7
00000000   HWI_INT7$hwi
00000008   HWI_INT8
00000000   HWI_INT8$hwi
00000009   HWI_INT9
00000000   HWI_INT9$hwi
082039a3   HWI_INTRMULTHIGH
310718ae   HWI_INTRMULTLOW
00000001   HWI_NMI
00000000   HWI_NMI$hwi
00000000   HWI_POLARITYMASK
00000002   HWI_RESERVED0
00000000   HWI_RESERVED0$hwi
00000003   HWI_RESERVED1
00000000   HWI_RESERVED1$hwi
00000000   HWI_RESET
00000000   HWI_RESET$hwi
00000001   HWI_ZEROTAB
00000001   IDL$
00016788   IDL_A_CALBEG
000163e4   IDL_A_TABBEG
00000006   IDL_CALIBRERROR
000123a0   IDL_CALIBRFXN
00016034   IDL_D_busyObj
00015db8   IDL_D_calbeg
00015db4   IDL_D_calibrate
00015db0   IDL_D_tabbeg
000163f0   IDL_END
00016794   IDL_END$
00011f60   IDL_F_busy
000120e0   IDL_F_calibrate
000124e0   IDL_F_loop
000123a0   IDL_F_stub
00000001   IDL_USECLKIDLTIME
00016728   IDL_busyObj
0001637b   IDL_busyObj$avgfmt
00000001   IDL_busyObj$filter
00000001   IDL_busyObj$iA
00000000   IDL_busyObj$iB
00000001   IDL_busyObj$iC
00016375   IDL_busyObj$maxfmt
00000000   IDL_busyObj$operation
00016724   IDL_busyObj$stsobj
00016378   IDL_busyObj$sumfmt
00000002   IDL_busyObj$unittype
000163e4   IDL_cpuLoad
00016788   IDL_cpuLoad$
00015fac   IRAM
00000200   IRAM$B
00008000   IRAM$L
00000001   ISRC$
00010ee0   KNL_glue
00016734   KNL_swi
00000001   KNL_swi$dorta
00000000   KNL_swi$ord
00000000   KNL_swi$pri
00016708   KNL_swi$sts
00016351   KNL_swi$sts$avgfmt
00000002   KNL_swi$sts$filter
00000001   KNL_swi$sts$filtmaxmult
00000001   KNL_swi$sts$filtsummult
00016341   KNL_swi$sts$maxfmt
00016704   KNL_swi$sts$stsobj
00016349   KNL_swi$sts$sumfmt
00000000   KNL_swi$sts$unittype
00000000   KNL_swi$swi
00000001   LCK$
0000daa0   LNK_F_checkBufferCall
0000db20   LNK_F_dataPump
0000dac0   LNK_F_getChanPtr
0000db18   LNK_F_init
0000e064   LNK_F_readCallBack
000163e8   LNK_dataPump
0001678c   LNK_dataPump$
00015fe4   LNK_dspFrameReadyMask
00015fe0   LNK_dspFrameRequestMask
0000ddc0   LNK_newin
0000df00   LNK_newout
0000db34   LNK_rcloop
0000dc00   LNK_rdrtry
00015fec   LNK_readDone
00015ff0   LNK_readFail
00015fe8   LNK_readPend
0000dc10   LNK_rrloop
00015ff4   LNK_writeFail
0000dce4   LNK_wrloop
0000dcd4   LNK_wrrtry
00000001   LOG$
00014b24   LOG_A_TABBEG
00014b3c   LOG_A_TABEND
00000001   LOG_A_TABLEN
00015dbc   LOG_D_system
00000001   LOG_ENABLED
00011fe0   LOG_F_event
00014b24   LOG_system
00016400   LOG_system$buf
00000000   LOG_system$datatype
00000000   LOG_system$log
00000040   LOG_system$size
00000000   MBX$
00000001   MEM$
00015fac   MEM_MALLOCSEG
00000000   MEM_NULL
00015fac   MEM_SEGZERO
00000000   MEM_USEMPC
00000001   MEM_gNumHeap
00000000   MSGQ$
00000000   MSGQ_USEMSGQ
00000000   OBJ$
00000000   PIP$
00016600   PIP_A_TABBEG
000166c8   PIP_A_TABEND
00000002   PIP_A_TABLEN
00015dc0   PIP_D_tabbeg
00015dc4   PIP_D_tablen
00010794   PIP_F_give
00010794   PIP_F_probe
00010868   PIP_F_start
00010700   PIP_F_take
00000064   PIP_OBJSIZE
00000000   PIP_gNextId
00000002   PIP_gNumEmbed
00000000   POOL$
00000000   POOL_USEPOOL
00000001   PRD$
00000000   PRD_A_TABBEG
00000000   PRD_A_TABEND
00000000   PRD_A_TABLEN
00015e00   PRD_D_cur
00015e04   PRD_D_elapsed
00015e08   PRD_D_prevtim
00015e0c   PRD_D_scalar
00015e10   PRD_D_swihandle
00015e14   PRD_D_tabbeg
00015e18   PRD_D_tablen
00015e1c   PRD_D_thook
00015dfc   PRD_D_tick
0000f400   PRD_F_swi
0000f6c0   PRD_F_tick
00004000   PRD_SCALAR
00000000   PRD_SWIHANDLE
000104a0   PRD_THOOKFXN
000167b4   PRD_clock
00000001   QUE$
00015e20   RTA_D_fromHost
00015e28   RTA_D_logval
00015e38   RTA_D_stsval
00015e24   RTA_D_toHost
000123e0   RTA_F_andn
0000fb58   RTA_F_dispatch
0000fa60   RTA_F_getlog
0000faa4   RTA_F_getsts
00012400   RTA_F_or
0000faec   RTA_F_readblk
0000fb18   RTA_F_resetmem
0000fb0c   RTA_F_writeword
000163ec   RTA_dispatcher
00016790   RTA_dispatcher$
0000fba8   RTA_execute
000166cc   RTA_fromHost
0001366c   RTA_fromHost$buf
00000004   RTA_fromHost$framesize
00000000   RTA_fromHost$hst
00000001   RTA_fromHost$id
00000000   RTA_fromHost$mode
00016600   RTA_fromHost$pipe
00016630   RTA_fromHost$pipe$aaa
00016660   RTA_fromHost$pipe$bbb
00015fb0   RTA_fromHost$pipe$dtab
00016604   RTA_fromHost$pipe$rd
00016634   RTA_fromHost$pipe$wr
000166d4   RTA_fromHost$rtdx
000166e8   RTA_toHost
00016500   RTA_toHost$buf
00000040   RTA_toHost$framesize
00000000   RTA_toHost$hst
00000000   RTA_toHost$id
00000001   RTA_toHost$mode
00016664   RTA_toHost$pipe
00016694   RTA_toHost$pipe$aaa
000166c4   RTA_toHost$pipe$bbb
00015fbc   RTA_toHost$pipe$dtab
00016668   RTA_toHost$pipe$rd
00016698   RTA_toHost$pipe$wr
000166f0   RTA_toHost$rtdx
00000001   RTDX$
00000408   RTDX_BUFMEMSIZE
00015fac   RTDX_DATAMEMSEG
00000000   RTDX_MODE
00000001   RTDX_NORMALIZED_HDR
00000001   RTDX_USERTDX
00000000   RTDX_USERTEXECUTION
ffffffff   SDRAM
00000000   SEM$
00000000   SIO$
00000001   STS$
00016704   STS_A_TABBEG
00016734   STS_A_TABEND
00012098   STS_F_add
00012060   STS_F_delta
000120c4   STS_F_reset
00000001   SWI$
00016734   SWI_A_TABBEG
00016760   SWI_A_TABEND
00000001   SWI_A_TABLEN
00015e94   SWI_D_curfxn
00015e84   SWI_D_curmask
00015e90   SWI_D_curmbox
00015e88   SWI_D_curset
00015e80   SWI_D_execaddr
00015e9c   SWI_D_inswi
00015e8c   SWI_D_lock
00015e98   SWI_D_rdybeg
00015ea0   SWI_D_rdytab
00015e7c   SWI_D_runaddr
00000000   SWI_EHOOKFXN
0000e89c   SWI_EXECFXN
0000e680   SWI_F_enable
0000e89c   SWI_F_exec
0000e8c8   SWI_F_iexec
0000e6f0   SWI_F_post
0000e958   SWI_F_run
00000000   SWI_IHOOKFXN
0000e958   SWI_RUNFXN
00000001   SYS$
00016798   SYS$config
00012420   SYS_ABORTFXN
00012520   SYS_ERRORFXN
00012540   SYS_EXITFXN
000122e0   SYS_PUTCFXN
000167ac   TRC_R_mask
000167a8   TRC_cinit
00000001   TSK$
00000000   TSK_NUM_HOOKS
00000001   TSK_PRIORITY
00000000   TSK_READYFXN
00000000   TSK_STACKSEG
00000400   TSK_STACKSIZE
00000000   TSK_SWITCHFXN
000124a0   TSK_VCREATEFXN
000124a0   TSK_VDELETEFXN
000124a0   TSK_VEXITFXN
00016350   TSK_idle
00000000   TSK_idle$ord
00000000   TSK_idle$pri
000154b0   TSK_idle$stack
00015848   TSK_idle$stkptr
00016718   TSK_idle$sts
0001636b   TSK_idle$sts$avgfmt
00000002   TSK_idle$sts$filter
00000001   TSK_idle$sts$filtmaxmult
00000001   TSK_idle$sts$filtsummult
0001635b   TSK_idle$sts$maxfmt
00016714   TSK_idle$sts$stsobj
00016363   TSK_idle$sts$sumfmt
00000000   TSK_idle$sts$unittype
00000000   TSK_idle$tsk
00000000   UDEV$
00014b40   _BIOS_init
00014d64   _BIOS_start
0000dbba   _CLK_COUNTSPMS
00016014   _CLK_DFLTMICROSECS
00015df8   _CLK_D_countspms
00015dec   _CLK_D_dirty
00016018   _CLK_D_microseconds
00015df0   _CLK_D_prd
00015df4   _CLK_D_tddr
00011094   _CLK_F_itime
0000dbba   _CLK_PRD
01940000   _CLK_REGS
00000000   _CLK_TDDR
00000000   _CLK_TIMERNUM
00000001   _CLK_USETIMER
00015ddc   _CLK_htimeDiv
00015de0   _CLK_htimeMult
0001602c   _CLK_htimePerLtime
00011094   _CLK_itime
00015de4   _CLK_ltimeDiv
00015de8   _CLK_ltimeMult
00011a40   _CLK_measure
00012340   _CLK_start
00012460   _CLK_stop
00014a30   _Config
00016024   _DSK6713_AIC23_codeccontrolhandle
00016028   _DSK6713_AIC23_codecdatahandle
0000caec   _DSK6713_AIC23_config
0000b9a0   _DSK6713_AIC23_openCodec
0000cac8   _DSK6713_AIC23_rget
0000ca00   _DSK6713_AIC23_rset
0000acc0   _DSK6713_getVersion
0000ad10   _DSK6713_init
0000ac2c   _DSK6713_rget
0000ac18   _DSK6713_rset
0001603c   _DSK6713_version
0000ab40   _DSK6713_wait
0000abe4   _DSK6713_waitusec
000124a0   _FXN_F_nop
00011ee8   _FXN_F_run
00011f38   _FXN_F_zero
00000000   _GBL_CACHE
00015e54   _GBL_clkIn
000116c0   _GBL_cslCacheInit
00015e58   _GBL_freq
000124c0   _GBL_getVersion
00015e50   _GBL_procId
0000c8a8   _GBL_setPLLto225MHz
000166c8   _HST_A_TABBEG
00016704   _HST_A_TABEND
00004018   _HWI_CFGDISPATCHED
00015fd4   _HWI_D_inhwi
00015fc8   _HWI_D_spsave
0000ebc0   _HWI_F_dispatch
0000000a   _HWI_INT10
0000000b   _HWI_INT11
0000000c   _HWI_INT12
0000000d   _HWI_INT13
0000000e   _HWI_INT14
0000000f   _HWI_INT15
00000004   _HWI_INT4
00000005   _HWI_INT5
00000006   _HWI_INT6
00000007   _HWI_INT7
00000008   _HWI_INT8
00000009   _HWI_INT9
00000001   _HWI_NMI
00000002   _HWI_RESERVED0
00000003   _HWI_RESERVED1
00000000   _HWI_RESET
00015ca8   _HWI_STKBOTTOM
000158b0   _HWI_STKTOP
00015fc8   _HWI_data
000121c0   _HWI_disable
00015cb0   _HWI_dispatchTab
000121d8   _HWI_enable
000121ec   _HWI_restore
00015f6c   _H_Codec
00016728   _IDL_busyObj
000163e4   _IDL_cpuLoad
000124e0   _IDL_loop
00015fac   _IRAM
00000200   _IRAM_base
00008000   _IRAM_length
0000d880   _IRQ_enable
0000d9c0   _IRQ_globalDisable
0000d9e0   _IRQ_globalEnable
0000c380   _IRQ_map
0000da00   _IRQ_nmiEnable
00008c04   _ISR_AIC
00015f20   _KNL_alarm
00011580   _KNL_check
00015f44   _KNL_curqueue
00015f34   _KNL_curtask
00015f3c   _KNL_curtime
0001483c   _KNL_dummy
000117f4   _KNL_enter
000117a0   _KNL_exit
00011658   _KNL_idle
00015f5c   _KNL_idlefxn
00015f28   _KNL_inactive
00011b20   _KNL_ipost
0001167c   _KNL_max
00015f48   _KNL_maxqueue
00011be0   _KNL_post
00015f38   _KNL_prevtask
00015f2c   _KNL_priority
0001479c   _KNL_queues
0000f7a0   _KNL_run
00010d60   _KNL_saveIsrFrame
00015f30   _KNL_set
00015f24   _KNL_setpri
00016734   _KNL_swi
00015f40   _KNL_swiptr
00010e2c   _KNL_switch
00015f50   _KNL_tcreatefxn
00015f54   _KNL_tdeletefxn
000104a0   _KNL_tick
00015f58   _KNL_treadyfxn
00015f4c   _KNL_tswitchfxn
00015f18   _KNL_wFlag
00015f1c   _KNL_wList
00011cd0   _LCK_pend
00011ca0   _LCK_post
000163e8   _LNK_dataPump
00015fe4   _LNK_dspFrameReadyMask
00015fe0   _LNK_dspFrameRequestMask
00015fec   _LNK_readDone
00015ff0   _LNK_readFail
00015fe8   _LNK_readPend
00015ff4   _LNK_writeFail
00014b24   _LOG_A_TABBEG
00014b3c   _LOG_A_TABEND
00000001   _LOG_A_TABLEN
00015dbc   _LOG_D_system
00011fe0   _LOG_event
00014b24   _LOG_system
0000d020   _MCBSP_open
0000c540   _MCBSP_reset
0000d120   _MCBSP_start
00016038   _MEM
00015e5c   _MEM_D_NUMSEGMENTS
00015e64   _MEM_D_freelist
00015e68   _MEM_D_lockaddr
00015e60   _MEM_D_memtab
00015e6c   _MEM_D_unlockaddr
0000ffe0   _MEM_alloc
000104c0   _MEM_free
00014e20   _MEM_init
00015fa0   _MEM_memtab
00014a58   _Mbuffs
00015040   _OBJ_init
00014908   _OBJ_segtab
000148d0   _OBJ_table
00016600   _PIP_A_TABBEG
000166c8   _PIP_A_TABEND
00015dfc   _PRD_D_tick
000167b4   _PRD_clock
000163ec   _RTA_dispatcher
000166cc   _RTA_fromHost
000166e8   _RTA_toHost
00015060   _RTDX_Buffer
0001546c   _RTDX_Buffer_End
00014360   _RTDX_Buffer_Initialize
000144a0   _RTDX_Buffer_Read
000143c0   _RTDX_Buffer_ReadCB
00014420   _RTDX_Buffer_Size
00015468   _RTDX_Buffer_Start
000144c0   _RTDX_Buffer_Write
00013a80   _RTDX_Buffer_WriteCB
00014460   _RTDX_Final_RT_Monitor
000142e0   _RTDX_Init_RT_Monitor
00000002   _RTDX_JTAGONLY
00014500   _RTDX_Mask_IER
000140c0   _RTDX_Mon_Queue
00013680   _RTDX_Poll
00000000   _RTDX_interrupt_mask
0001547c   _RTDX_writing
ffffffff   _SDRAM
00012220   _SEM_pend
0000fd20   _SEM_pendEnterKnl
00011960   _SEM_post
00011960   _SEM_postBinary
00011880   _SEM_postEnterKnl
00016704   _STS_A_TABBEG
00016734   _STS_A_TABEND
00012098   _STS_add
00012060   _STS_delta
000120c4   _STS_reset
00012500   _STS_set
00015e94   _SWI_D_curfxn
00015e84   _SWI_D_curmask
00015e88   _SWI_D_curset
00015e80   _SWI_D_execaddr
00015e9c   _SWI_D_inswi
00015e8c   _SWI_D_lock
00015e98   _SWI_D_rdybeg
00015e7c   _SWI_D_runaddr
00015e7c   _SWI_data
0000e6f0   _SWI_post
00015e70   _SYS
00016040   _SYS_PUTCBEG
0001623f   _SYS_PUTCEND
00012280   _SYS_abort
00012160   _SYS_error
00011d60   _SYS_exit
00014ac0   _SYS_exitStack
0001601c   _SYS_exitStackPtr
00016020   _SYS_exitStackTop
000167ac   _TRC_R_mask
00016010   _TSK
00014874   _TSK_ATTRS
00014890   _TSK_config
000110e0   _TSK_exit
00016350   _TSK_idle
00014fc0   _TSK_init
00016008   _TSK_nTasks
0001600c   _TSK_pid
00010b60   _TSK_setup
000114c0   _TSK_startup
000148b0   _TSK_timerSem
00012420   _UTL_doAbort
00012520   _UTL_doError
000122e0   _UTL_doPutc
00012540   _UTL_halt
000110b0   __CLK_lat1beg
000110dc   __CLK_lat1end
0000e4d4   __GBL_setL2CacheMode
00015e78   __HOOK_NUMHOOKS
00015e74   __HOOK_knlId
0000ebc0   __HWI_lat1beg
0000ed40   __HWI_lat1end
0000ed40   __HWI_lat2beg
0000eee0   __HWI_lat2end1
0000ee6c   __HWI_lat2end2
0000ef00   __HWI_lat3beg
0000f000   __HWI_lat3end1
0000ee9c   __HWI_lat3end2
00011f60   __IDL_lat1beg
00011fb0   __IDL_lat1end
00014794   __IRQ_dispatchTable
000146d0   __IRQ_eventTable
0000da80   __IRQ_hookFetchPacket
00014754   __IRQ_intTable
000115d0   __KNL_lat1beg
00011658   __KNL_lat1end
00011fe0   __LOG_lat1beg
00014a28   __MCBSP_hDev0
00014a2c   __MCBSP_hDev1
0001494c   __MEM_mutex
0000fb18   __RTA_lat1beg
0000fb50   __RTA_lat1end
00010940   __SEM_dopost
00000400   __STACK_SIZE
0000e82c   __SWI_lat1beg
0000e8e0   __SWI_lat1end
0000e8e4   __SWI_lat2beg
0000e954   __SWI_lat2end
0000e680   __SWI_lat3beg
0000e6ec   __SWI_lat3end
00014924   __TSK_mutex
00014b04   ___TI_enable_exit_profile_output
ffffffff   ___TI_pprof_out_hndl
ffffffff   ___TI_prof_data_size
ffffffff   ___TI_prof_data_start
0000d8c0   ___add_dtor
00014520   ___atexit_func_id__
ffffffff   ___binit__
00015cb0   ___bss__
ffffffff   ___c_args__
00012560   ___cinit__
00000000   ___data__
00000000   ___edata__
0001603e   ___end__
0000daa0   ___etext__
000163f4   ___pinit__
00008200   ___text__
00011280   __auto_init
00014afc   __cleanup_ptr
00008cc0   __divd
0000a520   __divf
00014b00   __dtors_ptr
0000afc0   __frcmpyd_div
0000d320   __frcmpyf_div
00014b08   __lock
0000d740   __mpyll
0000da20   __nop
0000d400   __nround
0000da40   __register_lock
0000da60   __register_unlock
000158b0   __stack
0000cb80   __strasgi
0000d980   __trunc
00014b0c   __unlock
0000a3b4   _aimag
00015f60   _alpha
0000d220   _atexit
00009620   _bitrev
00014f00   _c_int00
00009ea0   _cabs
00009fa4   _cadd
0000ccc0   _call_dtors
0000f368   _calloc
0000a1c8   _cdiv
0000a3ec   _cexp
00009f10   _cmplx
0000a0bc   _cmul
00009f50   _conjg
0000b340   _cos
00015f90   _cpufrac
0000a030   _csub
00009b68   _dft
00009820   _dftmerge
00014b20   _dtors
00014974   _errno
0000bc80   _exp
00009a18   _fft
00015f98   _frame_ptr
0000f020   _free
0000cde0   _frexp
00009a6c   _ifft
00015f70   _inbuffer
00015f88   _ingain
00008530   _init_HWI
0000846c   _init_hardware
00015f78   _inwin
00015f94   _io_ptr
00015f68   _kop1
00015f64   _lambda
0000c6e0   _ldexp
00008200   _main
0000f04c   _malloc
0000f214   _memalign
0000bf00   _memcpy
0000cf00   _memset
0000d5c0   _modf
0000d55c   _mono_read_16Bit
0000d534   _mono_write_16Bit
00015f74   _outbuffer
00015f8c   _outgain
00015f7c   _outwin
00015f80   _powbinstate
000085c8   _process_frame
00015f84   _procframe
0000a2e4   _rdiv
0000a37c   _real
0000f0d0   _realloc
0000a15c   _rmul
00016000   _rtdxNullChanCnt
00016004   _rtdxNullFuncCnt
00015470   _rtdx_buffer_state
00015490   _rtdx_mon_state
000096ac   _shuffle
0000b680   _sin
0000c140   _sqrt
0000d508   _stereo_read_16Bit
0000d4e0   _stereo_write_16Bit
000095c0   _swap
0000c880   _wait500nS
ffffffff   binit
00012560   cinit
00000000   edata
0001603e   end
0000daa0   etext
00000000   hwi0
00000020   hwi1
00000140   hwi10
00000160   hwi11
00000180   hwi12
000001a0   hwi13
000001c0   hwi14
000001e0   hwi15
00000040   hwi2
00000060   hwi3
00000080   hwi4
000000a0   hwi5
000000c0   hwi6
000000e0   hwi7
00000100   hwi8
00000120   hwi9
000163f4   pinit


GLOBAL SYMBOLS: SORTED BY Symbol Address 

address    name
--------   ----
00000000   .data
00000000   BUF$
00000000   CLK_COUNTSPMSHIGH
00000000   CLK_PRDHIGH
00000000   CLK_TDDR
00000000   CLK_TDDRHIGH
00000000   CLK_TIMERNUM
00000000   DEV$
00000000   DGN$
00000000   DHL$
00000000   DHL_gChannelsAvailable
00000000   DIO$
00000000   DIO_NUMSWIBASE
00000000   DIO_NUMTSKBASE
00000000   DIO_STATIC
00000000   DPI$
00000000   GBL_BIGENDIAN
00000000   GBL_C641XL2PRIORITY
00000000   GBL_CACHE
00000000   GBL_L2CONFIGALLOC
00000000   GBL_L2MARMASK1
00000000   GBL_L2MARMASK2
00000000   GBL_L2MARMASK3
00000000   GBL_L2MARMASK4
00000000   GBL_L2MARMASK5
00000000   GBL_L2MODE
00000000   GBL_L2PRIORITY
00000000   GBL_NULL
00000000   GBL_PROCID
00000000   GBL_ROM
00000000   GBL_SUPPORTCSL
00000000   GIO$
00000000   HOOK$
00000000   HOOK_KNLID
00000000   HST_DSM
00000000   HST_NONE
00000000   HWI_A_VECS
00000000   HWI_GENERATE_RESET_VEC
00000000   HWI_INT10$hwi
00000000   HWI_INT11$hwi
00000000   HWI_INT12$hwi
00000000   HWI_INT13$hwi
00000000   HWI_INT14$hwi
00000000   HWI_INT15$hwi
00000000   HWI_INT4$hwi
00000000   HWI_INT5$hwi
00000000   HWI_INT6$hwi
00000000   HWI_INT7$hwi
00000000   HWI_INT8$hwi
00000000   HWI_INT9$hwi
00000000   HWI_NMI$hwi
00000000   HWI_POLARITYMASK
00000000   HWI_RESERVED0$hwi
00000000   HWI_RESERVED1$hwi
00000000   HWI_RESET
00000000   HWI_RESET$hwi
00000000   IDL_busyObj$iB
00000000   IDL_busyObj$operation
00000000   KNL_swi$ord
00000000   KNL_swi$pri
00000000   KNL_swi$sts$unittype
00000000   KNL_swi$swi
00000000   LOG_system$datatype
00000000   LOG_system$log
00000000   MBX$
00000000   MEM_NULL
00000000   MEM_USEMPC
00000000   MSGQ$
00000000   MSGQ_USEMSGQ
00000000   OBJ$
00000000   PIP$
00000000   PIP_gNextId
00000000   POOL$
00000000   POOL_USEPOOL
00000000   PRD_A_TABBEG
00000000   PRD_A_TABEND
00000000   PRD_A_TABLEN
00000000   PRD_SWIHANDLE
00000000   RTA_fromHost$hst
00000000   RTA_fromHost$mode
00000000   RTA_toHost$hst
00000000   RTA_toHost$id
00000000   RTDX_MODE
00000000   RTDX_USERTEXECUTION
00000000   SEM$
00000000   SIO$
00000000   SWI_EHOOKFXN
00000000   SWI_IHOOKFXN
00000000   TSK_NUM_HOOKS
00000000   TSK_READYFXN
00000000   TSK_STACKSEG
00000000   TSK_SWITCHFXN
00000000   TSK_idle$ord
00000000   TSK_idle$pri
00000000   TSK_idle$sts$unittype
00000000   TSK_idle$tsk
00000000   UDEV$
00000000   _CLK_TDDR
00000000   _CLK_TIMERNUM
00000000   _GBL_CACHE
00000000   _HWI_RESET
00000000   _RTDX_interrupt_mask
00000000   ___data__
00000000   ___edata__
00000000   edata
00000000   hwi0
00000001   BUF_ENABLED
00000001   CLK$
00000001   CLK_CALDIV
00000001   CLK_HTIMEDIV
00000001   CLK_LTIMEDIV
00000001   CLK_USETIMER
00000001   GBL$
00000001   GBL_CALLCSLCFGINIT
00000001   GBL_ENABLEINST
00000001   GBL_L2CONFIGURE
00000001   GBL_L2MARMASK
00000001   GBL_USERINIT
00000001   GBL_boot
00000001   HST$
00000001   HST_RTDX
00000001   HWI$
00000001   HWI_NMI
00000001   HWI_ZEROTAB
00000001   IDL$
00000001   IDL_USECLKIDLTIME
00000001   IDL_busyObj$filter
00000001   IDL_busyObj$iA
00000001   IDL_busyObj$iC
00000001   ISRC$
00000001   KNL_swi$dorta
00000001   KNL_swi$sts$filtmaxmult
00000001   KNL_swi$sts$filtsummult
00000001   LCK$
00000001   LOG$
00000001   LOG_A_TABLEN
00000001   LOG_ENABLED
00000001   MEM$
00000001   MEM_gNumHeap
00000001   PRD$
00000001   QUE$
00000001   RTA_fromHost$id
00000001   RTA_toHost$mode
00000001   RTDX$
00000001   RTDX_NORMALIZED_HDR
00000001   RTDX_USERTDX
00000001   STS$
00000001   SWI$
00000001   SWI_A_TABLEN
00000001   SYS$
00000001   TSK$
00000001   TSK_PRIORITY
00000001   TSK_idle$sts$filtmaxmult
00000001   TSK_idle$sts$filtsummult
00000001   _CLK_USETIMER
00000001   _HWI_NMI
00000001   _LOG_A_TABLEN
00000002   HWI_RESERVED0
00000002   IDL_busyObj$unittype
00000002   KNL_swi$sts$filter
00000002   PIP_A_TABLEN
00000002   PIP_gNumEmbed
00000002   TSK_idle$sts$filter
00000002   _HWI_RESERVED0
00000002   _RTDX_JTAGONLY
00000003   HWI_RESERVED1
00000003   _HWI_RESERVED1
00000004   CLK_CALMULT
00000004   CLK_HTIMEMULT
00000004   HWI_INT4
00000004   RTA_fromHost$framesize
00000004   _HWI_INT4
00000005   HWI_INT5
00000005   _HWI_INT5
00000006   HWI_INT6
00000006   IDL_CALIBRERROR
00000006   _HWI_INT6
00000007   HWI_INT7
00000007   _HWI_INT7
00000008   HWI_INT8
00000008   _HWI_INT8
00000009   HWI_INT9
00000009   _HWI_INT9
0000000a   HWI_INT10
0000000a   _HWI_INT10
0000000b   HWI_INT11
0000000b   _HWI_INT11
0000000c   HWI_INT12
0000000c   _HWI_INT12
0000000d   HWI_INT13
0000000d   _HWI_INT13
0000000e   HWI_INT14
0000000e   _HWI_INT14
0000000f   HWI_INT15
0000000f   _HWI_INT15
00000020   CLK_TCR
00000020   hwi1
0000003e   GBL_DSPTYPE
00000040   HST_MAXFRAMESET
00000040   LOG_system$size
00000040   RTA_toHost$framesize
00000040   hwi2
00000042   GBL_FOOTPRINT
00000060   hwi3
00000064   PIP_OBJSIZE
00000080   hwi4
000000a0   hwi5
000000c0   hwi6
000000e0   hwi7
000000ff   HST_MAXFRAMEALLOWED
00000100   hwi8
00000120   hwi9
00000140   hwi10
00000160   hwi11
00000180   hwi12
000001a0   hwi13
000001c0   hwi14
000001e0   hwi15
00000200   IRAM$B
00000200   _IRAM_base
000003e8   CLK_MICROSECS
00000400   HST_DSMMEMSIZE
00000400   TSK_STACKSIZE
00000400   __STACK_SIZE
00000408   RTDX_BUFMEMSIZE
00001770   GBL_CLKTYPE
00001a39   GBL_DSPSUBTYPE
00002226   GBL_L2ALLOC
00004000   CLK_INTBIT
00004000   PRD_SCALAR
00004018   HWI_CFGDISPATCHED
00004018   _HWI_CFGDISPATCHED
00004e20   GBL_CLKIN
00005205   GBL_A_VERSION
00008000   IRAM$L
00008000   _IRAM_length
00008200   .text
00008200   ___text__
00008200   _main
0000846c   _init_hardware
00008530   _init_HWI
000085c8   _process_frame
00008c04   _ISR_AIC
00008cc0   __divd
000095c0   _swap
00009620   _bitrev
000096ac   _shuffle
00009820   _dftmerge
00009a18   _fft
00009a6c   _ifft
00009b68   _dft
00009ea0   _cabs
00009f10   _cmplx
00009f50   _conjg
00009fa4   _cadd
0000a030   _csub
0000a0bc   _cmul
0000a15c   _rmul
0000a1c8   _cdiv
0000a2e4   _rdiv
0000a37c   _real
0000a3b4   _aimag
0000a3ec   _cexp
0000a520   __divf
0000ab40   _DSK6713_wait
0000abe4   _DSK6713_waitusec
0000ac18   _DSK6713_rset
0000ac2c   _DSK6713_rget
0000acc0   _DSK6713_getVersion
0000ad10   _DSK6713_init
0000afc0   __frcmpyd_div
0000b340   _cos
0000b680   _sin
0000b9a0   _DSK6713_AIC23_openCodec
0000bc80   _exp
0000bf00   _memcpy
0000c140   _sqrt
0000c380   _IRQ_map
0000c540   _MCBSP_reset
0000c6e0   _ldexp
0000c880   _wait500nS
0000c8a8   GBL_USERINITFXN
0000c8a8   _GBL_setPLLto225MHz
0000ca00   _DSK6713_AIC23_rset
0000cac8   _DSK6713_AIC23_rget
0000caec   _DSK6713_AIC23_config
0000cb80   __strasgi
0000ccc0   _call_dtors
0000cde0   _frexp
0000cf00   _memset
0000d020   _MCBSP_open
0000d120   _MCBSP_start
0000d220   _atexit
0000d320   __frcmpyf_div
0000d400   __nround
0000d4e0   _stereo_write_16Bit
0000d508   _stereo_read_16Bit
0000d534   _mono_write_16Bit
0000d55c   _mono_read_16Bit
0000d5c0   _modf
0000d740   __mpyll
0000d880   _IRQ_enable
0000d8c0   ___add_dtor
0000d980   __trunc
0000d9c0   _IRQ_globalDisable
0000d9e0   _IRQ_globalEnable
0000da00   _IRQ_nmiEnable
0000da20   __nop
0000da40   __register_lock
0000da60   __register_unlock
0000da80   __IRQ_hookFetchPacket
0000daa0   LNK_F_checkBufferCall
0000daa0   ___etext__
0000daa0   etext
0000dac0   LNK_F_getChanPtr
0000db18   LNK_F_init
0000db20   LNK_F_dataPump
0000db34   LNK_rcloop
0000dbba   CLK_COUNTSPMS
0000dbba   CLK_HTIMEPERLTIME
0000dbba   CLK_PRD
0000dbba   _CLK_COUNTSPMS
0000dbba   _CLK_PRD
0000dbef   GBL_TRCMASKVALUE
0000dc00   LNK_rdrtry
0000dc10   LNK_rrloop
0000dcd4   LNK_wrrtry
0000dce4   LNK_wrloop
0000ddc0   LNK_newin
0000df00   LNK_newout
0000e064   LNK_F_readCallBack
0000e4d4   __GBL_setL2CacheMode
0000e680   SWI_F_enable
0000e680   __SWI_lat3beg
0000e6ec   __SWI_lat3end
0000e6f0   SWI_F_post
0000e6f0   _SWI_post
0000e82c   __SWI_lat1beg
0000e89c   SWI_EXECFXN
0000e89c   SWI_F_exec
0000e8c8   SWI_F_iexec
0000e8e0   __SWI_lat1end
0000e8e4   __SWI_lat2beg
0000e954   __SWI_lat2end
0000e958   SWI_F_run
0000e958   SWI_RUNFXN
0000ebc0   CLK_HOOKFXN
0000ebc0   HWI_F_dispatch
0000ebc0   _HWI_F_dispatch
0000ebc0   __HWI_lat1beg
0000ed40   __HWI_lat1end
0000ed40   __HWI_lat2beg
0000ee6c   __HWI_lat2end2
0000ee9c   __HWI_lat3end2
0000eee0   __HWI_lat2end1
0000ef00   __HWI_lat3beg
0000f000   __HWI_lat3end1
0000f020   _free
0000f04c   _malloc
0000f0d0   _realloc
0000f214   _memalign
0000f368   _calloc
0000f400   PRD_F_swi
0000f6c0   PRD_F_tick
0000f7a0   _KNL_run
0000fa60   RTA_F_getlog
0000faa4   RTA_F_getsts
0000faec   RTA_F_readblk
0000fb0c   RTA_F_writeword
0000fb18   RTA_F_resetmem
0000fb18   __RTA_lat1beg
0000fb50   __RTA_lat1end
0000fb58   RTA_F_dispatch
0000fba8   RTA_execute
0000fd20   _SEM_pendEnterKnl
0000ffe0   _MEM_alloc
000104a0   PRD_THOOKFXN
000104a0   _KNL_tick
000104c0   _MEM_free
00010700   PIP_F_take
00010794   PIP_F_give
00010794   PIP_F_probe
00010868   PIP_F_start
00010940   __SEM_dopost
00010b60   _TSK_setup
00010d60   _KNL_saveIsrFrame
00010e2c   _KNL_switch
00010ee0   KNL_glue
00010f20   CLK_F_getltime
00010f34   CLK_F_isr
00011094   CLK_F_itime
00011094   _CLK_F_itime
00011094   _CLK_itime
000110b0   __CLK_lat1beg
000110dc   __CLK_lat1end
000110e0   _TSK_exit
00011280   __auto_init
000114c0   _TSK_startup
00011580   _KNL_check
000115d0   __KNL_lat1beg
00011658   _KNL_idle
00011658   __KNL_lat1end
0001167c   _KNL_max
000116c0   _GBL_cslCacheInit
000117a0   _KNL_exit
000117f4   _KNL_enter
00011880   _SEM_postEnterKnl
00011960   _SEM_post
00011960   _SEM_postBinary
00011a40   _CLK_measure
00011b20   _KNL_ipost
00011be0   _KNL_post
00011ca0   _LCK_post
00011cd0   _LCK_pend
00011d60   _SYS_exit
00011e20   CLK_F_getfhtime
00011e40   CLK_F_gethtime
00011e40   CLK_F_getshtime
00011e40   CLK_TIMEFXN
00011ee0   FXN_F_nop
00011ee8   FXN_F_run
00011ee8   _FXN_F_run
00011f38   FXN_F_zero
00011f38   _FXN_F_zero
00011f60   IDL_F_busy
00011f60   __IDL_lat1beg
00011fb0   __IDL_lat1end
00011fe0   LOG_F_event
00011fe0   _LOG_event
00011fe0   __LOG_lat1beg
00012060   STS_F_delta
00012060   _STS_delta
00012098   STS_F_add
00012098   _STS_add
000120c4   STS_F_reset
000120c4   _STS_reset
000120e0   IDL_F_calibrate
00012160   _SYS_error
000121c0   _HWI_disable
000121d8   _HWI_enable
000121ec   _HWI_restore
00012220   _SEM_pend
00012280   _SYS_abort
000122e0   SYS_PUTCFXN
000122e0   _UTL_doPutc
00012340   _CLK_start
000123a0   IDL_CALIBRFXN
000123a0   IDL_F_stub
000123e0   RTA_F_andn
00012400   RTA_F_or
00012420   SYS_ABORTFXN
00012420   _UTL_doAbort
00012460   _CLK_stop
000124a0   GIO_CREATEFXN
000124a0   GIO_DELETEFXN
000124a0   GIO_PENDFXN
000124a0   GIO_POSTFXN
000124a0   TSK_VCREATEFXN
000124a0   TSK_VDELETEFXN
000124a0   TSK_VEXITFXN
000124a0   _FXN_F_nop
000124c0   _GBL_getVersion
000124e0   IDL_F_loop
000124e0   _IDL_loop
00012500   _STS_set
00012520   SYS_ERRORFXN
00012520   _UTL_doError
00012540   SYS_EXITFXN
00012540   _UTL_halt
00012560   ___cinit__
00012560   cinit
0001366c   RTA_fromHost$buf
00013680   _RTDX_Poll
00013a80   _RTDX_Buffer_WriteCB
000140c0   _RTDX_Mon_Queue
000142e0   _RTDX_Init_RT_Monitor
00014360   _RTDX_Buffer_Initialize
000143c0   _RTDX_Buffer_ReadCB
00014420   _RTDX_Buffer_Size
00014460   _RTDX_Final_RT_Monitor
000144a0   _RTDX_Buffer_Read
000144c0   _RTDX_Buffer_Write
00014500   _RTDX_Mask_IER
00014520   ___atexit_func_id__
000146d0   __IRQ_eventTable
00014754   __IRQ_intTable
00014794   __IRQ_dispatchTable
0001479c   _KNL_queues
0001483c   _KNL_dummy
00014874   _TSK_ATTRS
00014890   _TSK_config
000148b0   _TSK_timerSem
000148d0   _OBJ_table
00014908   _OBJ_segtab
00014924   __TSK_mutex
0001494c   __MEM_mutex
00014974   _errno
00014a28   __MCBSP_hDev0
00014a2c   __MCBSP_hDev1
00014a30   _Config
00014a58   _Mbuffs
00014ac0   _SYS_exitStack
00014afc   __cleanup_ptr
00014b00   __dtors_ptr
00014b04   ___TI_enable_exit_profile_output
00014b08   __lock
00014b0c   __unlock
00014b20   _dtors
00014b24   LOG_A_TABBEG
00014b24   LOG_system
00014b24   _LOG_A_TABBEG
00014b24   _LOG_system
00014b3c   LOG_A_TABEND
00014b3c   _LOG_A_TABEND
00014b40   BIOS_init
00014b40   _BIOS_init
00014cbc   BIOS$$CLKON
00014cfc   BIOS$$CLKOFF
00014d64   BIOS_start
00014d64   _BIOS_start
00014e20   _MEM_init
00014f00   _c_int00
00014fc0   _TSK_init
00015040   _OBJ_init
00015060   _RTDX_Buffer
00015468   _RTDX_Buffer_Start
0001546c   _RTDX_Buffer_End
00015470   _rtdx_buffer_state
0001547c   _RTDX_writing
00015490   _rtdx_mon_state
000154b0   TSK_idle$stack
00015848   TSK_idle$stkptr
000158b0   GBL_stackbeg
000158b0   _HWI_STKTOP
000158b0   __stack
00015ca8   _HWI_STKBOTTOM
00015caf   GBL_stackend
00015cb0   $bss
00015cb0   .bss
00015cb0   _HWI_dispatchTab
00015cb0   ___bss__
00015db0   IDL_D_tabbeg
00015db4   IDL_D_calibrate
00015db8   IDL_D_calbeg
00015dbc   LOG_D_system
00015dbc   _LOG_D_system
00015dc0   PIP_D_tabbeg
00015dc4   PIP_D_tablen
00015dc8   CLK_R_time
00015dcc   CLK_D_timefxn
00015dd0   CLK_D_tabbeg
00015dd4   CLK_D_isrhook
00015dd8   CLK_D_idletime
00015ddc   _CLK_htimeDiv
00015de0   _CLK_htimeMult
00015de4   _CLK_ltimeDiv
00015de8   _CLK_ltimeMult
00015dec   _CLK_D_dirty
00015df0   _CLK_D_prd
00015df4   _CLK_D_tddr
00015df8   _CLK_D_countspms
00015dfc   PRD_D_tick
00015dfc   _PRD_D_tick
00015e00   PRD_D_cur
00015e04   PRD_D_elapsed
00015e08   PRD_D_prevtim
00015e0c   PRD_D_scalar
00015e10   PRD_D_swihandle
00015e14   PRD_D_tabbeg
00015e18   PRD_D_tablen
00015e1c   PRD_D_thook
00015e20   RTA_D_fromHost
00015e24   RTA_D_toHost
00015e28   RTA_D_logval
00015e38   RTA_D_stsval
00015e44   HST_D_chanmask
00015e48   HST_D_tabbeg
00015e4c   HST_D_tabend
00015e50   _GBL_procId
00015e54   _GBL_clkIn
00015e58   _GBL_freq
00015e5c   _MEM_D_NUMSEGMENTS
00015e60   _MEM_D_memtab
00015e64   _MEM_D_freelist
00015e68   _MEM_D_lockaddr
00015e6c   _MEM_D_unlockaddr
00015e70   _SYS
00015e74   __HOOK_knlId
00015e78   __HOOK_NUMHOOKS
00015e7c   SWI_D_runaddr
00015e7c   _SWI_D_runaddr
00015e7c   _SWI_data
00015e80   SWI_D_execaddr
00015e80   _SWI_D_execaddr
00015e84   SWI_D_curmask
00015e84   _SWI_D_curmask
00015e88   SWI_D_curset
00015e88   _SWI_D_curset
00015e8c   SWI_D_lock
00015e8c   _SWI_D_lock
00015e90   SWI_D_curmbox
00015e94   SWI_D_curfxn
00015e94   _SWI_D_curfxn
00015e98   SWI_D_rdybeg
00015e98   _SWI_D_rdybeg
00015e9c   SWI_D_inswi
00015e9c   _SWI_D_inswi
00015ea0   SWI_D_rdytab
00015f18   _KNL_wFlag
00015f1c   _KNL_wList
00015f20   _KNL_alarm
00015f24   _KNL_setpri
00015f28   _KNL_inactive
00015f2c   _KNL_priority
00015f30   _KNL_set
00015f34   _KNL_curtask
00015f38   _KNL_prevtask
00015f3c   _KNL_curtime
00015f40   _KNL_swiptr
00015f44   _KNL_curqueue
00015f48   _KNL_maxqueue
00015f4c   _KNL_tswitchfxn
00015f50   _KNL_tcreatefxn
00015f54   _KNL_tdeletefxn
00015f58   _KNL_treadyfxn
00015f5c   _KNL_idlefxn
00015f60   _alpha
00015f64   _lambda
00015f68   _kop1
00015f6c   _H_Codec
00015f70   _inbuffer
00015f74   _outbuffer
00015f78   _inwin
00015f7c   _outwin
00015f80   _powbinstate
00015f84   _procframe
00015f88   _ingain
00015f8c   _outgain
00015f90   _cpufrac
00015f94   _io_ptr
00015f98   _frame_ptr
00015fa0   _MEM_memtab
00015fac   HST_DSMBUFSEG
00015fac   IRAM
00015fac   MEM_MALLOCSEG
00015fac   MEM_SEGZERO
00015fac   RTDX_DATAMEMSEG
00015fac   _IRAM
00015fb0   RTA_fromHost$pipe$dtab
00015fbc   RTA_toHost$pipe$dtab
00015fc8   HWI_D_spsave
00015fc8   _HWI_D_spsave
00015fc8   _HWI_data
00015fd4   _HWI_D_inhwi
00015fd8   HWI_D_bss
00015fdc   HWI_D_ccmask
00015fe0   LNK_dspFrameRequestMask
00015fe0   _LNK_dspFrameRequestMask
00015fe4   LNK_dspFrameReadyMask
00015fe4   _LNK_dspFrameReadyMask
00015fe8   LNK_readPend
00015fe8   _LNK_readPend
00015fec   LNK_readDone
00015fec   _LNK_readDone
00015ff0   LNK_readFail
00015ff0   _LNK_readFail
00015ff4   LNK_writeFail
00015ff4   _LNK_writeFail
00016000   _rtdxNullChanCnt
00016004   _rtdxNullFuncCnt
00016008   _TSK_nTasks
0001600c   _TSK_pid
00016010   _TSK
00016014   _CLK_DFLTMICROSECS
00016018   _CLK_D_microseconds
0001601c   _SYS_exitStackPtr
00016020   _SYS_exitStackTop
00016024   _DSK6713_AIC23_codeccontrolhandle
00016028   _DSK6713_AIC23_codecdatahandle
0001602c   _CLK_htimePerLtime
00016034   IDL_D_busyObj
00016038   _MEM
0001603c   _DSK6713_version
0001603e   ___end__
0001603e   end
00016040   _SYS_PUTCBEG
0001623f   _SYS_PUTCEND
00016341   KNL_swi$sts$maxfmt
00016349   KNL_swi$sts$sumfmt
00016350   TSK_idle
00016350   _TSK_idle
00016351   KNL_swi$sts$avgfmt
0001635b   TSK_idle$sts$maxfmt
00016363   TSK_idle$sts$sumfmt
0001636b   TSK_idle$sts$avgfmt
00016375   IDL_busyObj$maxfmt
00016378   IDL_busyObj$sumfmt
0001637b   IDL_busyObj$avgfmt
000163e4   IDL_A_TABBEG
000163e4   IDL_cpuLoad
000163e4   _IDL_cpuLoad
000163e8   LNK_dataPump
000163e8   _LNK_dataPump
000163ec   RTA_dispatcher
000163ec   _RTA_dispatcher
000163f0   IDL_END
000163f4   ___pinit__
000163f4   pinit
00016400   LOG_system$buf
00016500   RTA_toHost$buf
00016600   PIP_A_TABBEG
00016600   RTA_fromHost$pipe
00016600   _PIP_A_TABBEG
00016604   RTA_fromHost$pipe$rd
00016630   RTA_fromHost$pipe$aaa
00016634   RTA_fromHost$pipe$wr
00016660   RTA_fromHost$pipe$bbb
00016664   RTA_toHost$pipe
00016668   RTA_toHost$pipe$rd
00016694   RTA_toHost$pipe$aaa
00016698   RTA_toHost$pipe$wr
000166c4   RTA_toHost$pipe$bbb
000166c8   HST_A_TABBEG
000166c8   PIP_A_TABEND
000166c8   _HST_A_TABBEG
000166c8   _PIP_A_TABEND
000166cc   RTA_fromHost
000166cc   _RTA_fromHost
000166d4   RTA_fromHost$rtdx
000166e8   RTA_toHost
000166e8   _RTA_toHost
000166f0   RTA_toHost$rtdx
00016704   HST_A_TABEND
00016704   KNL_swi$sts$stsobj
00016704   STS_A_TABBEG
00016704   _HST_A_TABEND
00016704   _STS_A_TABBEG
00016708   KNL_swi$sts
00016714   TSK_idle$sts$stsobj
00016718   TSK_idle$sts
00016724   IDL_busyObj$stsobj
00016728   IDL_busyObj
00016728   _IDL_busyObj
00016734   KNL_swi
00016734   STS_A_TABEND
00016734   SWI_A_TABBEG
00016734   _KNL_swi
00016734   _STS_A_TABEND
00016760   SWI_A_TABEND
00016788   IDL_A_CALBEG
00016788   IDL_cpuLoad$
0001678c   LNK_dataPump$
00016790   RTA_dispatcher$
00016794   IDL_END$
00016798   SYS$config
000167a8   TRC_cinit
000167ac   TRC_R_mask
000167ac   _TRC_R_mask
000167b0   GBL_initdone
000167b4   CLK_A_TABBEG
000167b4   PRD_clock
000167b4   _PRD_clock
000167b8   CLK_null
00036ee8   CLK_LTIMEMULT
00036ee8   GBL_FREQ
01940000   CLK_REGS
01940000   _CLK_REGS
082039a3   HWI_INTRMULTHIGH
310718ae   HWI_INTRMULTLOW
ffffffff   SDRAM
ffffffff   _SDRAM
ffffffff   ___TI_pprof_out_hndl
ffffffff   ___TI_prof_data_size
ffffffff   ___TI_prof_data_start
ffffffff   ___binit__
ffffffff   ___c_args__
ffffffff   binit

[777 symbols]
